Archive member included to satisfy reference by file (symbol)

c:/mingw/avrgcc/bin/../lib/gcc/avr/8.3.0/avr51\libgcc.a(_divmodhi4.o)
                              C:\Users\Kang\AppData\Local\Temp\ccnWknwf.o (__divmodhi4)
c:/mingw/avrgcc/bin/../lib/gcc/avr/8.3.0/avr51\libgcc.a(_exit.o)
                              c:/mingw/avrgcc/bin/../lib/gcc/avr/8.3.0/../../../../avr/lib/avr51/crtatmega128.o (exit)
c:/mingw/avrgcc/bin/../lib/gcc/avr/8.3.0/avr51\libgcc.a(_copy_data.o)
                              C:\Users\Kang\AppData\Local\Temp\ccUWdn4d.o (__do_copy_data)
c:/mingw/avrgcc/bin/../lib/gcc/avr/8.3.0/avr51\libgcc.a(_clear_bss.o)
                              C:\Users\Kang\AppData\Local\Temp\ccg0KjQN.o (__do_clear_bss)
c:/mingw/avrgcc/bin/../lib/gcc/avr/8.3.0/avr51\libgcc.a(_muldi3.o)
                              C:\Users\Kang\AppData\Local\Temp\ccnWknwf.o (__muldi3)
c:/mingw/avrgcc/bin/../lib/gcc/avr/8.3.0/avr51\libgcc.a(_muldi3_6.o)
                              c:/mingw/avrgcc/bin/../lib/gcc/avr/8.3.0/avr51\libgcc.a(_muldi3.o) (__muldi3_6)
c:/mingw/avrgcc/bin/../lib/gcc/avr/8.3.0/avr51\libgcc.a(_mulsidi3.o)
                              C:\Users\Kang\AppData\Local\Temp\ccnWknwf.o (__mulsidi3)
c:/mingw/avrgcc/bin/../lib/gcc/avr/8.3.0/avr51\libgcc.a(_umulsidi3.o)
                              c:/mingw/avrgcc/bin/../lib/gcc/avr/8.3.0/avr51\libgcc.a(_mulsidi3.o) (__umulsidi3_helper)
c:/mingw/avrgcc/bin/../lib/gcc/avr/8.3.0/avr51\libgcc.a(_divdi3.o)
                              C:\Users\Kang\AppData\Local\Temp\ccnWknwf.o (__divdi3)
c:/mingw/avrgcc/bin/../lib/gcc/avr/8.3.0/avr51\libgcc.a(_udivdi3.o)
                              c:/mingw/avrgcc/bin/../lib/gcc/avr/8.3.0/avr51\libgcc.a(_divdi3.o) (__udivdi3_umoddi3)
c:/mingw/avrgcc/bin/../lib/gcc/avr/8.3.0/avr51\libgcc.a(_udivmod64.o)
                              c:/mingw/avrgcc/bin/../lib/gcc/avr/8.3.0/avr51\libgcc.a(_divdi3.o) (__udivmod64)
c:/mingw/avrgcc/bin/../lib/gcc/avr/8.3.0/avr51\libgcc.a(_negdi2.o)
                              c:/mingw/avrgcc/bin/../lib/gcc/avr/8.3.0/avr51\libgcc.a(_divdi3.o) (__negdi2)
c:/mingw/avrgcc/bin/../lib/gcc/avr/8.3.0/avr51\libgcc.a(_prologue.o)
                              c:/mingw/avrgcc/bin/../lib/gcc/avr/8.3.0/avr51\libgcc.a(_divdi3.o) (__prologue_saves__)
c:/mingw/avrgcc/bin/../lib/gcc/avr/8.3.0/avr51\libgcc.a(_epilogue.o)
                              c:/mingw/avrgcc/bin/../lib/gcc/avr/8.3.0/avr51\libgcc.a(_divdi3.o) (__epilogue_restores__)
c:/mingw/avrgcc/bin/../lib/gcc/avr/8.3.0/avr51\libgcc.a(_ashldi3.o)
                              C:\Users\Kang\AppData\Local\Temp\ccnWknwf.o (__ashldi3)
c:/mingw/avrgcc/bin/../lib/gcc/avr/8.3.0/avr51\libgcc.a(_ashrdi3.o)
                              C:\Users\Kang\AppData\Local\Temp\ccnWknwf.o (__ashrdi3)
c:/mingw/avrgcc/bin/../lib/gcc/avr/8.3.0/avr51\libgcc.a(_udivmodhi4.o)
                              c:/mingw/avrgcc/bin/../lib/gcc/avr/8.3.0/avr51\libgcc.a(_divmodhi4.o) (__udivmodhi4)
c:/mingw/avrgcc/bin/../lib/gcc/avr/8.3.0/avr51\libgcc.a(_umulhisi3.o)
                              c:/mingw/avrgcc/bin/../lib/gcc/avr/8.3.0/avr51\libgcc.a(_muldi3.o) (__umulhisi3)
c:/mingw/avrgcc/bin/../lib/gcc/avr/8.3.0/../../../../avr/lib/avr51\libm.a(addsf3.o)
                              C:\Users\Kang\AppData\Local\Temp\ccnWknwf.o (__addsf3)
c:/mingw/avrgcc/bin/../lib/gcc/avr/8.3.0/../../../../avr/lib/avr51\libm.a(addsf3x.o)
                              c:/mingw/avrgcc/bin/../lib/gcc/avr/8.3.0/../../../../avr/lib/avr51\libm.a(addsf3.o) (__addsf3x)
c:/mingw/avrgcc/bin/../lib/gcc/avr/8.3.0/../../../../avr/lib/avr51\libm.a(divsf3.o)
                              C:\Users\Kang\AppData\Local\Temp\ccnWknwf.o (__divsf3)
c:/mingw/avrgcc/bin/../lib/gcc/avr/8.3.0/../../../../avr/lib/avr51\libm.a(divsf3x.o)
                              c:/mingw/avrgcc/bin/../lib/gcc/avr/8.3.0/../../../../avr/lib/avr51\libm.a(divsf3.o) (__divsf3x)
c:/mingw/avrgcc/bin/../lib/gcc/avr/8.3.0/../../../../avr/lib/avr51\libm.a(fixsfsi.o)
                              C:\Users\Kang\AppData\Local\Temp\ccnWknwf.o (__fixsfsi)
c:/mingw/avrgcc/bin/../lib/gcc/avr/8.3.0/../../../../avr/lib/avr51\libm.a(fixunssfsi.o)
                              c:/mingw/avrgcc/bin/../lib/gcc/avr/8.3.0/../../../../avr/lib/avr51\libm.a(fixsfsi.o) (__fixunssfsi)
c:/mingw/avrgcc/bin/../lib/gcc/avr/8.3.0/../../../../avr/lib/avr51\libm.a(floatsisf.o)
                              C:\Users\Kang\AppData\Local\Temp\ccnWknwf.o (__floatsisf)
c:/mingw/avrgcc/bin/../lib/gcc/avr/8.3.0/../../../../avr/lib/avr51\libm.a(fp_inf.o)
                              c:/mingw/avrgcc/bin/../lib/gcc/avr/8.3.0/../../../../avr/lib/avr51\libm.a(addsf3x.o) (__fp_inf)
c:/mingw/avrgcc/bin/../lib/gcc/avr/8.3.0/../../../../avr/lib/avr51\libm.a(fp_nan.o)
                              c:/mingw/avrgcc/bin/../lib/gcc/avr/8.3.0/../../../../avr/lib/avr51\libm.a(addsf3x.o) (__fp_nan)
c:/mingw/avrgcc/bin/../lib/gcc/avr/8.3.0/../../../../avr/lib/avr51\libm.a(fp_pscA.o)
                              c:/mingw/avrgcc/bin/../lib/gcc/avr/8.3.0/../../../../avr/lib/avr51\libm.a(addsf3x.o) (__fp_pscA)
c:/mingw/avrgcc/bin/../lib/gcc/avr/8.3.0/../../../../avr/lib/avr51\libm.a(fp_pscB.o)
                              c:/mingw/avrgcc/bin/../lib/gcc/avr/8.3.0/../../../../avr/lib/avr51\libm.a(addsf3x.o) (__fp_pscB)
c:/mingw/avrgcc/bin/../lib/gcc/avr/8.3.0/../../../../avr/lib/avr51\libm.a(fp_round.o)
                              c:/mingw/avrgcc/bin/../lib/gcc/avr/8.3.0/../../../../avr/lib/avr51\libm.a(addsf3.o) (__fp_round)
c:/mingw/avrgcc/bin/../lib/gcc/avr/8.3.0/../../../../avr/lib/avr51\libm.a(fp_split3.o)
                              c:/mingw/avrgcc/bin/../lib/gcc/avr/8.3.0/../../../../avr/lib/avr51\libm.a(addsf3x.o) (__fp_split3)
c:/mingw/avrgcc/bin/../lib/gcc/avr/8.3.0/../../../../avr/lib/avr51\libm.a(fp_zero.o)
                              c:/mingw/avrgcc/bin/../lib/gcc/avr/8.3.0/../../../../avr/lib/avr51\libm.a(addsf3x.o) (__fp_zero)
c:/mingw/avrgcc/bin/../lib/gcc/avr/8.3.0/../../../../avr/lib/avr51\libm.a(mulsf3.o)
                              C:\Users\Kang\AppData\Local\Temp\ccnWknwf.o (__mulsf3)
c:/mingw/avrgcc/bin/../lib/gcc/avr/8.3.0/../../../../avr/lib/avr51\libm.a(mulsf3x.o)
                              c:/mingw/avrgcc/bin/../lib/gcc/avr/8.3.0/../../../../avr/lib/avr51\libm.a(mulsf3.o) (__mulsf3x)
c:/mingw/avrgcc/bin/../lib/gcc/avr/8.3.0/../../../../avr/lib/avr51\libc.a(malloc.o)
                              C:\Users\Kang\AppData\Local\Temp\ccZmTOXw.o (malloc)
c:/mingw/avrgcc/bin/../lib/gcc/avr/8.3.0/../../../../avr/lib/avr51\libc.a(memcpy.o)
                              C:\Users\Kang\AppData\Local\Temp\ccZmTOXw.o (memcpy)
c:/mingw/avrgcc/bin/../lib/gcc/avr/8.3.0/../../../../avr/lib/avr51\libc.a(strcpy.o)
                              C:\Users\Kang\AppData\Local\Temp\ccZmTOXw.o (strcpy)
c:/mingw/avrgcc/bin/../lib/gcc/avr/8.3.0/../../../../avr/lib/avr51\libc.a(itoa_ncheck.o)
                              C:\Users\Kang\AppData\Local\Temp\ccUWdn4d.o (__itoa_ncheck)
c:/mingw/avrgcc/bin/../lib/gcc/avr/8.3.0/../../../../avr/lib/avr51\libc.a(utoa_ncheck.o)
                              c:/mingw/avrgcc/bin/../lib/gcc/avr/8.3.0/../../../../avr/lib/avr51\libc.a(itoa_ncheck.o) (__utoa_common)
c:/mingw/avrgcc/bin/../lib/gcc/avr/8.3.0/../../../../avr/lib/avr51\libc.a(sprintf.o)
                              C:\Users\Kang\AppData\Local\Temp\ccg0KjQN.o (sprintf)
c:/mingw/avrgcc/bin/../lib/gcc/avr/8.3.0/../../../../avr/lib/avr51\libc.a(vfprintf_std.o)
                              c:/mingw/avrgcc/bin/../lib/gcc/avr/8.3.0/../../../../avr/lib/avr51\libc.a(sprintf.o) (vfprintf)
c:/mingw/avrgcc/bin/../lib/gcc/avr/8.3.0/../../../../avr/lib/avr51\libc.a(strnlen_P.o)
                              c:/mingw/avrgcc/bin/../lib/gcc/avr/8.3.0/../../../../avr/lib/avr51\libc.a(vfprintf_std.o) (strnlen_P)
c:/mingw/avrgcc/bin/../lib/gcc/avr/8.3.0/../../../../avr/lib/avr51\libc.a(strnlen.o)
                              c:/mingw/avrgcc/bin/../lib/gcc/avr/8.3.0/../../../../avr/lib/avr51\libc.a(vfprintf_std.o) (strnlen)
c:/mingw/avrgcc/bin/../lib/gcc/avr/8.3.0/../../../../avr/lib/avr51\libc.a(strrev.o)
                              c:/mingw/avrgcc/bin/../lib/gcc/avr/8.3.0/../../../../avr/lib/avr51\libc.a(utoa_ncheck.o) (strrev)
c:/mingw/avrgcc/bin/../lib/gcc/avr/8.3.0/../../../../avr/lib/avr51\libc.a(fputc.o)
                              c:/mingw/avrgcc/bin/../lib/gcc/avr/8.3.0/../../../../avr/lib/avr51\libc.a(vfprintf_std.o) (fputc)
c:/mingw/avrgcc/bin/../lib/gcc/avr/8.3.0/../../../../avr/lib/avr51\libc.a(ultoa_invert.o)
                              c:/mingw/avrgcc/bin/../lib/gcc/avr/8.3.0/../../../../avr/lib/avr51\libc.a(vfprintf_std.o) (__ultoa_invert)

Allocating common symbols
Common symbol       size              file

UART0Sender         0x7               C:\Users\Kang\AppData\Local\Temp\ccGm8dPH.o
__brkval            0x2               c:/mingw/avrgcc/bin/../lib/gcc/avr/8.3.0/../../../../avr/lib/avr51\libc.a(malloc.o)
LCDBuffer           0x2               C:\Users\Kang\AppData\Local\Temp\ccg0KjQN.o
__flp               0x2               c:/mingw/avrgcc/bin/../lib/gcc/avr/8.3.0/../../../../avr/lib/avr51\libc.a(malloc.o)

Discarded input sections

 .data          0x00000000        0x0 c:/mingw/avrgcc/bin/../lib/gcc/avr/8.3.0/../../../../avr/lib/avr51/crtatmega128.o
 .bss           0x00000000        0x0 c:/mingw/avrgcc/bin/../lib/gcc/avr/8.3.0/../../../../avr/lib/avr51/crtatmega128.o
 .text          0x00000000        0x0 C:\Users\Kang\AppData\Local\Temp\cciSrDU9.o
 .data          0x00000000        0x0 C:\Users\Kang\AppData\Local\Temp\cciSrDU9.o
 .bss           0x00000000        0x0 C:\Users\Kang\AppData\Local\Temp\cciSrDU9.o
 .comment       0x00000000       0x12 C:\Users\Kang\AppData\Local\Temp\cciSrDU9.o
 .text          0x00000000        0x0 C:\Users\Kang\AppData\Local\Temp\ccUWdn4d.o
 .data          0x00000000        0x0 C:\Users\Kang\AppData\Local\Temp\ccUWdn4d.o
 .bss           0x00000000        0x0 C:\Users\Kang\AppData\Local\Temp\ccUWdn4d.o
 .rodata.internal_logslow.str1.1
                0x00000000       0x1b C:\Users\Kang\AppData\Local\Temp\ccUWdn4d.o
 .text.internal_logslow
                0x00000000      0x1ca C:\Users\Kang\AppData\Local\Temp\ccUWdn4d.o
 .text          0x00000000        0x0 C:\Users\Kang\AppData\Local\Temp\cceocLjo.o
 .data          0x00000000        0x0 C:\Users\Kang\AppData\Local\Temp\cceocLjo.o
 .bss           0x00000000        0x0 C:\Users\Kang\AppData\Local\Temp\cceocLjo.o
 .text          0x00000000        0x0 C:\Users\Kang\AppData\Local\Temp\ccZmTOXw.o
 .data          0x00000000        0x0 C:\Users\Kang\AppData\Local\Temp\ccZmTOXw.o
 .bss           0x00000000        0x0 C:\Users\Kang\AppData\Local\Temp\ccZmTOXw.o
 .text.TArray_AddLast
                0x00000000       0xe8 C:\Users\Kang\AppData\Local\Temp\ccZmTOXw.o
 .text.TArray_RemoveElement
                0x00000000       0x84 C:\Users\Kang\AppData\Local\Temp\ccZmTOXw.o
 .text.TList_Dispose
                0x00000000       0x9a C:\Users\Kang\AppData\Local\Temp\ccZmTOXw.o
 .text.TListNode_New
                0x00000000       0x88 C:\Users\Kang\AppData\Local\Temp\ccZmTOXw.o
 .text.TListNode_Delete
                0x00000000       0x5c C:\Users\Kang\AppData\Local\Temp\ccZmTOXw.o
 .text.TList_PushFront
                0x00000000       0xc2 C:\Users\Kang\AppData\Local\Temp\ccZmTOXw.o
 .text.TList_PopBack
                0x00000000       0x82 C:\Users\Kang\AppData\Local\Temp\ccZmTOXw.o
 .text.TListNode_Remove
                0x00000000       0x7a C:\Users\Kang\AppData\Local\Temp\ccZmTOXw.o
 .text          0x00000000        0x0 C:\Users\Kang\AppData\Local\Temp\ccg0KjQN.o
 .data          0x00000000        0x0 C:\Users\Kang\AppData\Local\Temp\ccg0KjQN.o
 .bss           0x00000000        0x0 C:\Users\Kang\AppData\Local\Temp\ccg0KjQN.o
 .text.VBuffer_DrawChar
                0x00000000      0x35a C:\Users\Kang\AppData\Local\Temp\ccg0KjQN.o
 .rodata.VBuffer_DrawString.str1.1
                0x00000000       0x28 C:\Users\Kang\AppData\Local\Temp\ccg0KjQN.o
 .text.VBuffer_DrawString
                0x00000000      0x416 C:\Users\Kang\AppData\Local\Temp\ccg0KjQN.o
 .text          0x00000000        0x0 C:\Users\Kang\AppData\Local\Temp\ccnWknwf.o
 .data          0x00000000        0x0 C:\Users\Kang\AppData\Local\Temp\ccnWknwf.o
 .bss           0x00000000        0x0 C:\Users\Kang\AppData\Local\Temp\ccnWknwf.o
 .text.CDrawArgs_DrawOnDisplayBufferPerspective
                0x00000000      0x9b2 C:\Users\Kang\AppData\Local\Temp\ccnWknwf.o
 .comment       0x00000000       0x12 C:\Users\Kang\AppData\Local\Temp\ccnWknwf.o
 .text          0x00000000        0x0 C:\Users\Kang\AppData\Local\Temp\ccicq6kL.o
 .data          0x00000000        0x0 C:\Users\Kang\AppData\Local\Temp\ccicq6kL.o
 .bss           0x00000000        0x0 C:\Users\Kang\AppData\Local\Temp\ccicq6kL.o
 .rodata.Triangle
                0x00000000        0x3 C:\Users\Kang\AppData\Local\Temp\ccicq6kL.o
 .rodata.src_triangle
                0x00000000        0xc C:\Users\Kang\AppData\Local\Temp\ccicq6kL.o
 .comment       0x00000000       0x12 C:\Users\Kang\AppData\Local\Temp\ccicq6kL.o
 .text          0x00000000        0x0 C:\Users\Kang\AppData\Local\Temp\ccp68Gbn.o
 .data          0x00000000        0x0 C:\Users\Kang\AppData\Local\Temp\ccp68Gbn.o
 .bss           0x00000000        0x0 C:\Users\Kang\AppData\Local\Temp\ccp68Gbn.o
 .text.VBuffer_Clear
                0x00000000       0x14 C:\Users\Kang\AppData\Local\Temp\ccp68Gbn.o
 .text.InitializeDevice
                0x00000000       0x12 C:\Users\Kang\AppData\Local\Temp\ccp68Gbn.o
 .text          0x00000000        0x0 C:\Users\Kang\AppData\Local\Temp\ccOjNcw4.o
 .data          0x00000000        0x0 C:\Users\Kang\AppData\Local\Temp\ccOjNcw4.o
 .bss           0x00000000        0x0 C:\Users\Kang\AppData\Local\Temp\ccOjNcw4.o
 .text.fixedpt_atan
                0x00000000      0x190 C:\Users\Kang\AppData\Local\Temp\ccOjNcw4.o
 .text.fixedpt_asin
                0x00000000      0x12a C:\Users\Kang\AppData\Local\Temp\ccOjNcw4.o
 .comment       0x00000000       0x12 C:\Users\Kang\AppData\Local\Temp\ccOjNcw4.o
 .text          0x00000000        0x0 C:\Users\Kang\AppData\Local\Temp\cc5wLNeR.o
 .data          0x00000000        0x0 C:\Users\Kang\AppData\Local\Temp\cc5wLNeR.o
 .bss           0x00000000        0x0 C:\Users\Kang\AppData\Local\Temp\cc5wLNeR.o
 .comment       0x00000000       0x12 C:\Users\Kang\AppData\Local\Temp\cc5wLNeR.o
 .text          0x00000000        0x0 C:\Users\Kang\AppData\Local\Temp\ccGm8dPH.o
 .data          0x00000000        0x0 C:\Users\Kang\AppData\Local\Temp\ccGm8dPH.o
 .bss           0x00000000        0x0 C:\Users\Kang\AppData\Local\Temp\ccGm8dPH.o
 .text          0x00000000        0x0 c:/mingw/avrgcc/bin/../lib/gcc/avr/8.3.0/avr51\libgcc.a(_divmodhi4.o)
 .data          0x00000000        0x0 c:/mingw/avrgcc/bin/../lib/gcc/avr/8.3.0/avr51\libgcc.a(_divmodhi4.o)
 .bss           0x00000000        0x0 c:/mingw/avrgcc/bin/../lib/gcc/avr/8.3.0/avr51\libgcc.a(_divmodhi4.o)
 .text.libgcc.mul
                0x00000000        0x0 c:/mingw/avrgcc/bin/../lib/gcc/avr/8.3.0/avr51\libgcc.a(_divmodhi4.o)
 .text.libgcc.div
                0x00000000       0x28 c:/mingw/avrgcc/bin/../lib/gcc/avr/8.3.0/avr51\libgcc.a(_divmodhi4.o)
 .text.libgcc   0x00000000        0x0 c:/mingw/avrgcc/bin/../lib/gcc/avr/8.3.0/avr51\libgcc.a(_divmodhi4.o)
 .text.libgcc.prologue
                0x00000000        0x0 c:/mingw/avrgcc/bin/../lib/gcc/avr/8.3.0/avr51\libgcc.a(_divmodhi4.o)
 .text.libgcc.builtins
                0x00000000        0x0 c:/mingw/avrgcc/bin/../lib/gcc/avr/8.3.0/avr51\libgcc.a(_divmodhi4.o)
 .text.libgcc.fmul
                0x00000000        0x0 c:/mingw/avrgcc/bin/../lib/gcc/avr/8.3.0/avr51\libgcc.a(_divmodhi4.o)
 .text.libgcc.fixed
                0x00000000        0x0 c:/mingw/avrgcc/bin/../lib/gcc/avr/8.3.0/avr51\libgcc.a(_divmodhi4.o)
 .debug_line    0x00000000       0xc7 c:/mingw/avrgcc/bin/../lib/gcc/avr/8.3.0/avr51\libgcc.a(_divmodhi4.o)
 .debug_info    0x00000000       0x26 c:/mingw/avrgcc/bin/../lib/gcc/avr/8.3.0/avr51\libgcc.a(_divmodhi4.o)
 .debug_abbrev  0x00000000       0x14 c:/mingw/avrgcc/bin/../lib/gcc/avr/8.3.0/avr51\libgcc.a(_divmodhi4.o)
 .debug_aranges
                0x00000000       0x20 c:/mingw/avrgcc/bin/../lib/gcc/avr/8.3.0/avr51\libgcc.a(_divmodhi4.o)
 .debug_str     0x00000000       0x5f c:/mingw/avrgcc/bin/../lib/gcc/avr/8.3.0/avr51\libgcc.a(_divmodhi4.o)
 .text          0x00000000        0x0 c:/mingw/avrgcc/bin/../lib/gcc/avr/8.3.0/avr51\libgcc.a(_exit.o)
 .data          0x00000000        0x0 c:/mingw/avrgcc/bin/../lib/gcc/avr/8.3.0/avr51\libgcc.a(_exit.o)
 .bss           0x00000000        0x0 c:/mingw/avrgcc/bin/../lib/gcc/avr/8.3.0/avr51\libgcc.a(_exit.o)
 .text.libgcc.mul
                0x00000000        0x0 c:/mingw/avrgcc/bin/../lib/gcc/avr/8.3.0/avr51\libgcc.a(_exit.o)
 .text.libgcc.div
                0x00000000        0x0 c:/mingw/avrgcc/bin/../lib/gcc/avr/8.3.0/avr51\libgcc.a(_exit.o)
 .text.libgcc   0x00000000        0x0 c:/mingw/avrgcc/bin/../lib/gcc/avr/8.3.0/avr51\libgcc.a(_exit.o)
 .text.libgcc.prologue
                0x00000000        0x0 c:/mingw/avrgcc/bin/../lib/gcc/avr/8.3.0/avr51\libgcc.a(_exit.o)
 .text.libgcc.builtins
                0x00000000        0x0 c:/mingw/avrgcc/bin/../lib/gcc/avr/8.3.0/avr51\libgcc.a(_exit.o)
 .text.libgcc.fmul
                0x00000000        0x0 c:/mingw/avrgcc/bin/../lib/gcc/avr/8.3.0/avr51\libgcc.a(_exit.o)
 .text.libgcc.fixed
                0x00000000        0x0 c:/mingw/avrgcc/bin/../lib/gcc/avr/8.3.0/avr51\libgcc.a(_exit.o)
 .text          0x00000000        0x0 c:/mingw/avrgcc/bin/../lib/gcc/avr/8.3.0/avr51\libgcc.a(_copy_data.o)
 .data          0x00000000        0x0 c:/mingw/avrgcc/bin/../lib/gcc/avr/8.3.0/avr51\libgcc.a(_copy_data.o)
 .bss           0x00000000        0x0 c:/mingw/avrgcc/bin/../lib/gcc/avr/8.3.0/avr51\libgcc.a(_copy_data.o)
 .text.libgcc.mul
                0x00000000        0x0 c:/mingw/avrgcc/bin/../lib/gcc/avr/8.3.0/avr51\libgcc.a(_copy_data.o)
 .text.libgcc.div
                0x00000000        0x0 c:/mingw/avrgcc/bin/../lib/gcc/avr/8.3.0/avr51\libgcc.a(_copy_data.o)
 .text.libgcc   0x00000000        0x0 c:/mingw/avrgcc/bin/../lib/gcc/avr/8.3.0/avr51\libgcc.a(_copy_data.o)
 .text.libgcc.prologue
                0x00000000        0x0 c:/mingw/avrgcc/bin/../lib/gcc/avr/8.3.0/avr51\libgcc.a(_copy_data.o)
 .text.libgcc.builtins
                0x00000000        0x0 c:/mingw/avrgcc/bin/../lib/gcc/avr/8.3.0/avr51\libgcc.a(_copy_data.o)
 .text.libgcc.fmul
                0x00000000        0x0 c:/mingw/avrgcc/bin/../lib/gcc/avr/8.3.0/avr51\libgcc.a(_copy_data.o)
 .text.libgcc.fixed
                0x00000000        0x0 c:/mingw/avrgcc/bin/../lib/gcc/avr/8.3.0/avr51\libgcc.a(_copy_data.o)
 .text          0x00000000        0x0 c:/mingw/avrgcc/bin/../lib/gcc/avr/8.3.0/avr51\libgcc.a(_clear_bss.o)
 .data          0x00000000        0x0 c:/mingw/avrgcc/bin/../lib/gcc/avr/8.3.0/avr51\libgcc.a(_clear_bss.o)
 .bss           0x00000000        0x0 c:/mingw/avrgcc/bin/../lib/gcc/avr/8.3.0/avr51\libgcc.a(_clear_bss.o)
 .text.libgcc.mul
                0x00000000        0x0 c:/mingw/avrgcc/bin/../lib/gcc/avr/8.3.0/avr51\libgcc.a(_clear_bss.o)
 .text.libgcc.div
                0x00000000        0x0 c:/mingw/avrgcc/bin/../lib/gcc/avr/8.3.0/avr51\libgcc.a(_clear_bss.o)
 .text.libgcc   0x00000000        0x0 c:/mingw/avrgcc/bin/../lib/gcc/avr/8.3.0/avr51\libgcc.a(_clear_bss.o)
 .text.libgcc.prologue
                0x00000000        0x0 c:/mingw/avrgcc/bin/../lib/gcc/avr/8.3.0/avr51\libgcc.a(_clear_bss.o)
 .text.libgcc.builtins
                0x00000000        0x0 c:/mingw/avrgcc/bin/../lib/gcc/avr/8.3.0/avr51\libgcc.a(_clear_bss.o)
 .text.libgcc.fmul
                0x00000000        0x0 c:/mingw/avrgcc/bin/../lib/gcc/avr/8.3.0/avr51\libgcc.a(_clear_bss.o)
 .text.libgcc.fixed
                0x00000000        0x0 c:/mingw/avrgcc/bin/../lib/gcc/avr/8.3.0/avr51\libgcc.a(_clear_bss.o)
 .text          0x00000000        0x0 c:/mingw/avrgcc/bin/../lib/gcc/avr/8.3.0/avr51\libgcc.a(_muldi3.o)
 .data          0x00000000        0x0 c:/mingw/avrgcc/bin/../lib/gcc/avr/8.3.0/avr51\libgcc.a(_muldi3.o)
 .bss           0x00000000        0x0 c:/mingw/avrgcc/bin/../lib/gcc/avr/8.3.0/avr51\libgcc.a(_muldi3.o)
 .text.libgcc.mul
                0x00000000       0x9e c:/mingw/avrgcc/bin/../lib/gcc/avr/8.3.0/avr51\libgcc.a(_muldi3.o)
 .text.libgcc.div
                0x00000000        0x0 c:/mingw/avrgcc/bin/../lib/gcc/avr/8.3.0/avr51\libgcc.a(_muldi3.o)
 .text.libgcc   0x00000000        0x0 c:/mingw/avrgcc/bin/../lib/gcc/avr/8.3.0/avr51\libgcc.a(_muldi3.o)
 .text.libgcc.prologue
                0x00000000        0x0 c:/mingw/avrgcc/bin/../lib/gcc/avr/8.3.0/avr51\libgcc.a(_muldi3.o)
 .text.libgcc.builtins
                0x00000000        0x0 c:/mingw/avrgcc/bin/../lib/gcc/avr/8.3.0/avr51\libgcc.a(_muldi3.o)
 .text.libgcc.fmul
                0x00000000        0x0 c:/mingw/avrgcc/bin/../lib/gcc/avr/8.3.0/avr51\libgcc.a(_muldi3.o)
 .text.libgcc.fixed
                0x00000000        0x0 c:/mingw/avrgcc/bin/../lib/gcc/avr/8.3.0/avr51\libgcc.a(_muldi3.o)
 .debug_line    0x00000000      0x16f c:/mingw/avrgcc/bin/../lib/gcc/avr/8.3.0/avr51\libgcc.a(_muldi3.o)
 .debug_info    0x00000000       0x26 c:/mingw/avrgcc/bin/../lib/gcc/avr/8.3.0/avr51\libgcc.a(_muldi3.o)
 .debug_abbrev  0x00000000       0x14 c:/mingw/avrgcc/bin/../lib/gcc/avr/8.3.0/avr51\libgcc.a(_muldi3.o)
 .debug_aranges
                0x00000000       0x20 c:/mingw/avrgcc/bin/../lib/gcc/avr/8.3.0/avr51\libgcc.a(_muldi3.o)
 .debug_str     0x00000000       0x5f c:/mingw/avrgcc/bin/../lib/gcc/avr/8.3.0/avr51\libgcc.a(_muldi3.o)
 .text          0x00000000        0x0 c:/mingw/avrgcc/bin/../lib/gcc/avr/8.3.0/avr51\libgcc.a(_muldi3_6.o)
 .data          0x00000000        0x0 c:/mingw/avrgcc/bin/../lib/gcc/avr/8.3.0/avr51\libgcc.a(_muldi3_6.o)
 .bss           0x00000000        0x0 c:/mingw/avrgcc/bin/../lib/gcc/avr/8.3.0/avr51\libgcc.a(_muldi3_6.o)
 .text.libgcc.mul
                0x00000000       0x12 c:/mingw/avrgcc/bin/../lib/gcc/avr/8.3.0/avr51\libgcc.a(_muldi3_6.o)
 .text.libgcc.div
                0x00000000        0x0 c:/mingw/avrgcc/bin/../lib/gcc/avr/8.3.0/avr51\libgcc.a(_muldi3_6.o)
 .text.libgcc   0x00000000        0x0 c:/mingw/avrgcc/bin/../lib/gcc/avr/8.3.0/avr51\libgcc.a(_muldi3_6.o)
 .text.libgcc.prologue
                0x00000000        0x0 c:/mingw/avrgcc/bin/../lib/gcc/avr/8.3.0/avr51\libgcc.a(_muldi3_6.o)
 .text.libgcc.builtins
                0x00000000        0x0 c:/mingw/avrgcc/bin/../lib/gcc/avr/8.3.0/avr51\libgcc.a(_muldi3_6.o)
 .text.libgcc.fmul
                0x00000000        0x0 c:/mingw/avrgcc/bin/../lib/gcc/avr/8.3.0/avr51\libgcc.a(_muldi3_6.o)
 .text.libgcc.fixed
                0x00000000        0x0 c:/mingw/avrgcc/bin/../lib/gcc/avr/8.3.0/avr51\libgcc.a(_muldi3_6.o)
 .debug_line    0x00000000       0x85 c:/mingw/avrgcc/bin/../lib/gcc/avr/8.3.0/avr51\libgcc.a(_muldi3_6.o)
 .debug_info    0x00000000       0x26 c:/mingw/avrgcc/bin/../lib/gcc/avr/8.3.0/avr51\libgcc.a(_muldi3_6.o)
 .debug_abbrev  0x00000000       0x14 c:/mingw/avrgcc/bin/../lib/gcc/avr/8.3.0/avr51\libgcc.a(_muldi3_6.o)
 .debug_aranges
                0x00000000       0x20 c:/mingw/avrgcc/bin/../lib/gcc/avr/8.3.0/avr51\libgcc.a(_muldi3_6.o)
 .debug_str     0x00000000       0x5f c:/mingw/avrgcc/bin/../lib/gcc/avr/8.3.0/avr51\libgcc.a(_muldi3_6.o)
 .text          0x00000000        0x0 c:/mingw/avrgcc/bin/../lib/gcc/avr/8.3.0/avr51\libgcc.a(_mulsidi3.o)
 .data          0x00000000        0x0 c:/mingw/avrgcc/bin/../lib/gcc/avr/8.3.0/avr51\libgcc.a(_mulsidi3.o)
 .bss           0x00000000        0x0 c:/mingw/avrgcc/bin/../lib/gcc/avr/8.3.0/avr51\libgcc.a(_mulsidi3.o)
 .text.libgcc.mul
                0x00000000       0x1e c:/mingw/avrgcc/bin/../lib/gcc/avr/8.3.0/avr51\libgcc.a(_mulsidi3.o)
 .text.libgcc.div
                0x00000000        0x0 c:/mingw/avrgcc/bin/../lib/gcc/avr/8.3.0/avr51\libgcc.a(_mulsidi3.o)
 .text.libgcc   0x00000000        0x0 c:/mingw/avrgcc/bin/../lib/gcc/avr/8.3.0/avr51\libgcc.a(_mulsidi3.o)
 .text.libgcc.prologue
                0x00000000        0x0 c:/mingw/avrgcc/bin/../lib/gcc/avr/8.3.0/avr51\libgcc.a(_mulsidi3.o)
 .text.libgcc.builtins
                0x00000000        0x0 c:/mingw/avrgcc/bin/../lib/gcc/avr/8.3.0/avr51\libgcc.a(_mulsidi3.o)
 .text.libgcc.fmul
                0x00000000        0x0 c:/mingw/avrgcc/bin/../lib/gcc/avr/8.3.0/avr51\libgcc.a(_mulsidi3.o)
 .text.libgcc.fixed
                0x00000000        0x0 c:/mingw/avrgcc/bin/../lib/gcc/avr/8.3.0/avr51\libgcc.a(_mulsidi3.o)
 .debug_line    0x00000000       0xa3 c:/mingw/avrgcc/bin/../lib/gcc/avr/8.3.0/avr51\libgcc.a(_mulsidi3.o)
 .debug_info    0x00000000       0x26 c:/mingw/avrgcc/bin/../lib/gcc/avr/8.3.0/avr51\libgcc.a(_mulsidi3.o)
 .debug_abbrev  0x00000000       0x14 c:/mingw/avrgcc/bin/../lib/gcc/avr/8.3.0/avr51\libgcc.a(_mulsidi3.o)
 .debug_aranges
                0x00000000       0x20 c:/mingw/avrgcc/bin/../lib/gcc/avr/8.3.0/avr51\libgcc.a(_mulsidi3.o)
 .debug_str     0x00000000       0x5f c:/mingw/avrgcc/bin/../lib/gcc/avr/8.3.0/avr51\libgcc.a(_mulsidi3.o)
 .text          0x00000000        0x0 c:/mingw/avrgcc/bin/../lib/gcc/avr/8.3.0/avr51\libgcc.a(_umulsidi3.o)
 .data          0x00000000        0x0 c:/mingw/avrgcc/bin/../lib/gcc/avr/8.3.0/avr51\libgcc.a(_umulsidi3.o)
 .bss           0x00000000        0x0 c:/mingw/avrgcc/bin/../lib/gcc/avr/8.3.0/avr51\libgcc.a(_umulsidi3.o)
 .text.libgcc.mul
                0x00000000       0x56 c:/mingw/avrgcc/bin/../lib/gcc/avr/8.3.0/avr51\libgcc.a(_umulsidi3.o)
 .text.libgcc.div
                0x00000000        0x0 c:/mingw/avrgcc/bin/../lib/gcc/avr/8.3.0/avr51\libgcc.a(_umulsidi3.o)
 .text.libgcc   0x00000000        0x0 c:/mingw/avrgcc/bin/../lib/gcc/avr/8.3.0/avr51\libgcc.a(_umulsidi3.o)
 .text.libgcc.prologue
                0x00000000        0x0 c:/mingw/avrgcc/bin/../lib/gcc/avr/8.3.0/avr51\libgcc.a(_umulsidi3.o)
 .text.libgcc.builtins
                0x00000000        0x0 c:/mingw/avrgcc/bin/../lib/gcc/avr/8.3.0/avr51\libgcc.a(_umulsidi3.o)
 .text.libgcc.fmul
                0x00000000        0x0 c:/mingw/avrgcc/bin/../lib/gcc/avr/8.3.0/avr51\libgcc.a(_umulsidi3.o)
 .text.libgcc.fixed
                0x00000000        0x0 c:/mingw/avrgcc/bin/../lib/gcc/avr/8.3.0/avr51\libgcc.a(_umulsidi3.o)
 .debug_line    0x00000000      0x10f c:/mingw/avrgcc/bin/../lib/gcc/avr/8.3.0/avr51\libgcc.a(_umulsidi3.o)
 .debug_info    0x00000000       0x26 c:/mingw/avrgcc/bin/../lib/gcc/avr/8.3.0/avr51\libgcc.a(_umulsidi3.o)
 .debug_abbrev  0x00000000       0x14 c:/mingw/avrgcc/bin/../lib/gcc/avr/8.3.0/avr51\libgcc.a(_umulsidi3.o)
 .debug_aranges
                0x00000000       0x20 c:/mingw/avrgcc/bin/../lib/gcc/avr/8.3.0/avr51\libgcc.a(_umulsidi3.o)
 .debug_str     0x00000000       0x5f c:/mingw/avrgcc/bin/../lib/gcc/avr/8.3.0/avr51\libgcc.a(_umulsidi3.o)
 .text          0x00000000        0x0 c:/mingw/avrgcc/bin/../lib/gcc/avr/8.3.0/avr51\libgcc.a(_divdi3.o)
 .data          0x00000000        0x0 c:/mingw/avrgcc/bin/../lib/gcc/avr/8.3.0/avr51\libgcc.a(_divdi3.o)
 .bss           0x00000000        0x0 c:/mingw/avrgcc/bin/../lib/gcc/avr/8.3.0/avr51\libgcc.a(_divdi3.o)
 .text.libgcc.mul
                0x00000000        0x0 c:/mingw/avrgcc/bin/../lib/gcc/avr/8.3.0/avr51\libgcc.a(_divdi3.o)
 .text.libgcc.div
                0x00000000       0x62 c:/mingw/avrgcc/bin/../lib/gcc/avr/8.3.0/avr51\libgcc.a(_divdi3.o)
 .text.libgcc   0x00000000        0x0 c:/mingw/avrgcc/bin/../lib/gcc/avr/8.3.0/avr51\libgcc.a(_divdi3.o)
 .text.libgcc.prologue
                0x00000000        0x0 c:/mingw/avrgcc/bin/../lib/gcc/avr/8.3.0/avr51\libgcc.a(_divdi3.o)
 .text.libgcc.builtins
                0x00000000        0x0 c:/mingw/avrgcc/bin/../lib/gcc/avr/8.3.0/avr51\libgcc.a(_divdi3.o)
 .text.libgcc.fmul
                0x00000000        0x0 c:/mingw/avrgcc/bin/../lib/gcc/avr/8.3.0/avr51\libgcc.a(_divdi3.o)
 .text.libgcc.fixed
                0x00000000        0x0 c:/mingw/avrgcc/bin/../lib/gcc/avr/8.3.0/avr51\libgcc.a(_divdi3.o)
 .debug_line    0x00000000       0xf1 c:/mingw/avrgcc/bin/../lib/gcc/avr/8.3.0/avr51\libgcc.a(_divdi3.o)
 .debug_info    0x00000000       0x26 c:/mingw/avrgcc/bin/../lib/gcc/avr/8.3.0/avr51\libgcc.a(_divdi3.o)
 .debug_abbrev  0x00000000       0x14 c:/mingw/avrgcc/bin/../lib/gcc/avr/8.3.0/avr51\libgcc.a(_divdi3.o)
 .debug_aranges
                0x00000000       0x20 c:/mingw/avrgcc/bin/../lib/gcc/avr/8.3.0/avr51\libgcc.a(_divdi3.o)
 .debug_str     0x00000000       0x5f c:/mingw/avrgcc/bin/../lib/gcc/avr/8.3.0/avr51\libgcc.a(_divdi3.o)
 .text          0x00000000        0x0 c:/mingw/avrgcc/bin/../lib/gcc/avr/8.3.0/avr51\libgcc.a(_udivdi3.o)
 .data          0x00000000        0x0 c:/mingw/avrgcc/bin/../lib/gcc/avr/8.3.0/avr51\libgcc.a(_udivdi3.o)
 .bss           0x00000000        0x0 c:/mingw/avrgcc/bin/../lib/gcc/avr/8.3.0/avr51\libgcc.a(_udivdi3.o)
 .text.libgcc.mul
                0x00000000        0x0 c:/mingw/avrgcc/bin/../lib/gcc/avr/8.3.0/avr51\libgcc.a(_udivdi3.o)
 .text.libgcc.div
                0x00000000       0x1c c:/mingw/avrgcc/bin/../lib/gcc/avr/8.3.0/avr51\libgcc.a(_udivdi3.o)
 .text.libgcc   0x00000000        0x0 c:/mingw/avrgcc/bin/../lib/gcc/avr/8.3.0/avr51\libgcc.a(_udivdi3.o)
 .text.libgcc.prologue
                0x00000000        0x0 c:/mingw/avrgcc/bin/../lib/gcc/avr/8.3.0/avr51\libgcc.a(_udivdi3.o)
 .text.libgcc.builtins
                0x00000000        0x0 c:/mingw/avrgcc/bin/../lib/gcc/avr/8.3.0/avr51\libgcc.a(_udivdi3.o)
 .text.libgcc.fmul
                0x00000000        0x0 c:/mingw/avrgcc/bin/../lib/gcc/avr/8.3.0/avr51\libgcc.a(_udivdi3.o)
 .text.libgcc.fixed
                0x00000000        0x0 c:/mingw/avrgcc/bin/../lib/gcc/avr/8.3.0/avr51\libgcc.a(_udivdi3.o)
 .debug_line    0x00000000       0xa3 c:/mingw/avrgcc/bin/../lib/gcc/avr/8.3.0/avr51\libgcc.a(_udivdi3.o)
 .debug_info    0x00000000       0x26 c:/mingw/avrgcc/bin/../lib/gcc/avr/8.3.0/avr51\libgcc.a(_udivdi3.o)
 .debug_abbrev  0x00000000       0x14 c:/mingw/avrgcc/bin/../lib/gcc/avr/8.3.0/avr51\libgcc.a(_udivdi3.o)
 .debug_aranges
                0x00000000       0x20 c:/mingw/avrgcc/bin/../lib/gcc/avr/8.3.0/avr51\libgcc.a(_udivdi3.o)
 .debug_str     0x00000000       0x5f c:/mingw/avrgcc/bin/../lib/gcc/avr/8.3.0/avr51\libgcc.a(_udivdi3.o)
 .text          0x00000000        0x0 c:/mingw/avrgcc/bin/../lib/gcc/avr/8.3.0/avr51\libgcc.a(_udivmod64.o)
 .data          0x00000000        0x0 c:/mingw/avrgcc/bin/../lib/gcc/avr/8.3.0/avr51\libgcc.a(_udivmod64.o)
 .bss           0x00000000        0x0 c:/mingw/avrgcc/bin/../lib/gcc/avr/8.3.0/avr51\libgcc.a(_udivmod64.o)
 .text.libgcc.mul
                0x00000000        0x0 c:/mingw/avrgcc/bin/../lib/gcc/avr/8.3.0/avr51\libgcc.a(_udivmod64.o)
 .text.libgcc.div
                0x00000000       0xa2 c:/mingw/avrgcc/bin/../lib/gcc/avr/8.3.0/avr51\libgcc.a(_udivmod64.o)
 .text.libgcc   0x00000000        0x0 c:/mingw/avrgcc/bin/../lib/gcc/avr/8.3.0/avr51\libgcc.a(_udivmod64.o)
 .text.libgcc.prologue
                0x00000000        0x0 c:/mingw/avrgcc/bin/../lib/gcc/avr/8.3.0/avr51\libgcc.a(_udivmod64.o)
 .text.libgcc.builtins
                0x00000000        0x0 c:/mingw/avrgcc/bin/../lib/gcc/avr/8.3.0/avr51\libgcc.a(_udivmod64.o)
 .text.libgcc.fmul
                0x00000000        0x0 c:/mingw/avrgcc/bin/../lib/gcc/avr/8.3.0/avr51\libgcc.a(_udivmod64.o)
 .text.libgcc.fixed
                0x00000000        0x0 c:/mingw/avrgcc/bin/../lib/gcc/avr/8.3.0/avr51\libgcc.a(_udivmod64.o)
 .debug_line    0x00000000      0x145 c:/mingw/avrgcc/bin/../lib/gcc/avr/8.3.0/avr51\libgcc.a(_udivmod64.o)
 .debug_info    0x00000000       0x26 c:/mingw/avrgcc/bin/../lib/gcc/avr/8.3.0/avr51\libgcc.a(_udivmod64.o)
 .debug_abbrev  0x00000000       0x14 c:/mingw/avrgcc/bin/../lib/gcc/avr/8.3.0/avr51\libgcc.a(_udivmod64.o)
 .debug_aranges
                0x00000000       0x20 c:/mingw/avrgcc/bin/../lib/gcc/avr/8.3.0/avr51\libgcc.a(_udivmod64.o)
 .debug_str     0x00000000       0x5f c:/mingw/avrgcc/bin/../lib/gcc/avr/8.3.0/avr51\libgcc.a(_udivmod64.o)
 .text          0x00000000        0x0 c:/mingw/avrgcc/bin/../lib/gcc/avr/8.3.0/avr51\libgcc.a(_negdi2.o)
 .data          0x00000000        0x0 c:/mingw/avrgcc/bin/../lib/gcc/avr/8.3.0/avr51\libgcc.a(_negdi2.o)
 .bss           0x00000000        0x0 c:/mingw/avrgcc/bin/../lib/gcc/avr/8.3.0/avr51\libgcc.a(_negdi2.o)
 .text.libgcc.mul
                0x00000000        0x0 c:/mingw/avrgcc/bin/../lib/gcc/avr/8.3.0/avr51\libgcc.a(_negdi2.o)
 .text.libgcc.div
                0x00000000        0x0 c:/mingw/avrgcc/bin/../lib/gcc/avr/8.3.0/avr51\libgcc.a(_negdi2.o)
 .text.libgcc   0x00000000       0x20 c:/mingw/avrgcc/bin/../lib/gcc/avr/8.3.0/avr51\libgcc.a(_negdi2.o)
 .text.libgcc.prologue
                0x00000000        0x0 c:/mingw/avrgcc/bin/../lib/gcc/avr/8.3.0/avr51\libgcc.a(_negdi2.o)
 .text.libgcc.builtins
                0x00000000        0x0 c:/mingw/avrgcc/bin/../lib/gcc/avr/8.3.0/avr51\libgcc.a(_negdi2.o)
 .text.libgcc.fmul
                0x00000000        0x0 c:/mingw/avrgcc/bin/../lib/gcc/avr/8.3.0/avr51\libgcc.a(_negdi2.o)
 .text.libgcc.fixed
                0x00000000        0x0 c:/mingw/avrgcc/bin/../lib/gcc/avr/8.3.0/avr51\libgcc.a(_negdi2.o)
 .debug_line    0x00000000       0x79 c:/mingw/avrgcc/bin/../lib/gcc/avr/8.3.0/avr51\libgcc.a(_negdi2.o)
 .debug_info    0x00000000       0x26 c:/mingw/avrgcc/bin/../lib/gcc/avr/8.3.0/avr51\libgcc.a(_negdi2.o)
 .debug_abbrev  0x00000000       0x14 c:/mingw/avrgcc/bin/../lib/gcc/avr/8.3.0/avr51\libgcc.a(_negdi2.o)
 .debug_aranges
                0x00000000       0x20 c:/mingw/avrgcc/bin/../lib/gcc/avr/8.3.0/avr51\libgcc.a(_negdi2.o)
 .debug_str     0x00000000       0x5f c:/mingw/avrgcc/bin/../lib/gcc/avr/8.3.0/avr51\libgcc.a(_negdi2.o)
 .text          0x00000000        0x0 c:/mingw/avrgcc/bin/../lib/gcc/avr/8.3.0/avr51\libgcc.a(_prologue.o)
 .data          0x00000000        0x0 c:/mingw/avrgcc/bin/../lib/gcc/avr/8.3.0/avr51\libgcc.a(_prologue.o)
 .bss           0x00000000        0x0 c:/mingw/avrgcc/bin/../lib/gcc/avr/8.3.0/avr51\libgcc.a(_prologue.o)
 .text.libgcc.mul
                0x00000000        0x0 c:/mingw/avrgcc/bin/../lib/gcc/avr/8.3.0/avr51\libgcc.a(_prologue.o)
 .text.libgcc.div
                0x00000000        0x0 c:/mingw/avrgcc/bin/../lib/gcc/avr/8.3.0/avr51\libgcc.a(_prologue.o)
 .text.libgcc   0x00000000        0x0 c:/mingw/avrgcc/bin/../lib/gcc/avr/8.3.0/avr51\libgcc.a(_prologue.o)
 .text.libgcc.prologue
                0x00000000       0x38 c:/mingw/avrgcc/bin/../lib/gcc/avr/8.3.0/avr51\libgcc.a(_prologue.o)
 .text.libgcc.builtins
                0x00000000        0x0 c:/mingw/avrgcc/bin/../lib/gcc/avr/8.3.0/avr51\libgcc.a(_prologue.o)
 .text.libgcc.fmul
                0x00000000        0x0 c:/mingw/avrgcc/bin/../lib/gcc/avr/8.3.0/avr51\libgcc.a(_prologue.o)
 .text.libgcc.fixed
                0x00000000        0x0 c:/mingw/avrgcc/bin/../lib/gcc/avr/8.3.0/avr51\libgcc.a(_prologue.o)
 .debug_line    0x00000000       0xfd c:/mingw/avrgcc/bin/../lib/gcc/avr/8.3.0/avr51\libgcc.a(_prologue.o)
 .debug_info    0x00000000       0x26 c:/mingw/avrgcc/bin/../lib/gcc/avr/8.3.0/avr51\libgcc.a(_prologue.o)
 .debug_abbrev  0x00000000       0x14 c:/mingw/avrgcc/bin/../lib/gcc/avr/8.3.0/avr51\libgcc.a(_prologue.o)
 .debug_aranges
                0x00000000       0x20 c:/mingw/avrgcc/bin/../lib/gcc/avr/8.3.0/avr51\libgcc.a(_prologue.o)
 .debug_str     0x00000000       0x5f c:/mingw/avrgcc/bin/../lib/gcc/avr/8.3.0/avr51\libgcc.a(_prologue.o)
 .text          0x00000000        0x0 c:/mingw/avrgcc/bin/../lib/gcc/avr/8.3.0/avr51\libgcc.a(_epilogue.o)
 .data          0x00000000        0x0 c:/mingw/avrgcc/bin/../lib/gcc/avr/8.3.0/avr51\libgcc.a(_epilogue.o)
 .bss           0x00000000        0x0 c:/mingw/avrgcc/bin/../lib/gcc/avr/8.3.0/avr51\libgcc.a(_epilogue.o)
 .text.libgcc.mul
                0x00000000        0x0 c:/mingw/avrgcc/bin/../lib/gcc/avr/8.3.0/avr51\libgcc.a(_epilogue.o)
 .text.libgcc.div
                0x00000000        0x0 c:/mingw/avrgcc/bin/../lib/gcc/avr/8.3.0/avr51\libgcc.a(_epilogue.o)
 .text.libgcc   0x00000000        0x0 c:/mingw/avrgcc/bin/../lib/gcc/avr/8.3.0/avr51\libgcc.a(_epilogue.o)
 .text.libgcc.prologue
                0x00000000       0x36 c:/mingw/avrgcc/bin/../lib/gcc/avr/8.3.0/avr51\libgcc.a(_epilogue.o)
 .text.libgcc.builtins
                0x00000000        0x0 c:/mingw/avrgcc/bin/../lib/gcc/avr/8.3.0/avr51\libgcc.a(_epilogue.o)
 .text.libgcc.fmul
                0x00000000        0x0 c:/mingw/avrgcc/bin/../lib/gcc/avr/8.3.0/avr51\libgcc.a(_epilogue.o)
 .text.libgcc.fixed
                0x00000000        0x0 c:/mingw/avrgcc/bin/../lib/gcc/avr/8.3.0/avr51\libgcc.a(_epilogue.o)
 .debug_line    0x00000000       0xf7 c:/mingw/avrgcc/bin/../lib/gcc/avr/8.3.0/avr51\libgcc.a(_epilogue.o)
 .debug_info    0x00000000       0x26 c:/mingw/avrgcc/bin/../lib/gcc/avr/8.3.0/avr51\libgcc.a(_epilogue.o)
 .debug_abbrev  0x00000000       0x14 c:/mingw/avrgcc/bin/../lib/gcc/avr/8.3.0/avr51\libgcc.a(_epilogue.o)
 .debug_aranges
                0x00000000       0x20 c:/mingw/avrgcc/bin/../lib/gcc/avr/8.3.0/avr51\libgcc.a(_epilogue.o)
 .debug_str     0x00000000       0x5f c:/mingw/avrgcc/bin/../lib/gcc/avr/8.3.0/avr51\libgcc.a(_epilogue.o)
 .text          0x00000000        0x0 c:/mingw/avrgcc/bin/../lib/gcc/avr/8.3.0/avr51\libgcc.a(_ashldi3.o)
 .data          0x00000000        0x0 c:/mingw/avrgcc/bin/../lib/gcc/avr/8.3.0/avr51\libgcc.a(_ashldi3.o)
 .bss           0x00000000        0x0 c:/mingw/avrgcc/bin/../lib/gcc/avr/8.3.0/avr51\libgcc.a(_ashldi3.o)
 .text.libgcc.mul
                0x00000000        0x0 c:/mingw/avrgcc/bin/../lib/gcc/avr/8.3.0/avr51\libgcc.a(_ashldi3.o)
 .text.libgcc.div
                0x00000000        0x0 c:/mingw/avrgcc/bin/../lib/gcc/avr/8.3.0/avr51\libgcc.a(_ashldi3.o)
 .text.libgcc   0x00000000        0x0 c:/mingw/avrgcc/bin/../lib/gcc/avr/8.3.0/avr51\libgcc.a(_ashldi3.o)
 .text.libgcc.prologue
                0x00000000        0x0 c:/mingw/avrgcc/bin/../lib/gcc/avr/8.3.0/avr51\libgcc.a(_ashldi3.o)
 .text.libgcc.builtins
                0x00000000       0x32 c:/mingw/avrgcc/bin/../lib/gcc/avr/8.3.0/avr51\libgcc.a(_ashldi3.o)
 .text.libgcc.fmul
                0x00000000        0x0 c:/mingw/avrgcc/bin/../lib/gcc/avr/8.3.0/avr51\libgcc.a(_ashldi3.o)
 .text.libgcc.fixed
                0x00000000        0x0 c:/mingw/avrgcc/bin/../lib/gcc/avr/8.3.0/avr51\libgcc.a(_ashldi3.o)
 .debug_line    0x00000000       0xeb c:/mingw/avrgcc/bin/../lib/gcc/avr/8.3.0/avr51\libgcc.a(_ashldi3.o)
 .debug_info    0x00000000       0x26 c:/mingw/avrgcc/bin/../lib/gcc/avr/8.3.0/avr51\libgcc.a(_ashldi3.o)
 .debug_abbrev  0x00000000       0x14 c:/mingw/avrgcc/bin/../lib/gcc/avr/8.3.0/avr51\libgcc.a(_ashldi3.o)
 .debug_aranges
                0x00000000       0x20 c:/mingw/avrgcc/bin/../lib/gcc/avr/8.3.0/avr51\libgcc.a(_ashldi3.o)
 .debug_str     0x00000000       0x5f c:/mingw/avrgcc/bin/../lib/gcc/avr/8.3.0/avr51\libgcc.a(_ashldi3.o)
 .text          0x00000000        0x0 c:/mingw/avrgcc/bin/../lib/gcc/avr/8.3.0/avr51\libgcc.a(_ashrdi3.o)
 .data          0x00000000        0x0 c:/mingw/avrgcc/bin/../lib/gcc/avr/8.3.0/avr51\libgcc.a(_ashrdi3.o)
 .bss           0x00000000        0x0 c:/mingw/avrgcc/bin/../lib/gcc/avr/8.3.0/avr51\libgcc.a(_ashrdi3.o)
 .text.libgcc.mul
                0x00000000        0x0 c:/mingw/avrgcc/bin/../lib/gcc/avr/8.3.0/avr51\libgcc.a(_ashrdi3.o)
 .text.libgcc.div
                0x00000000        0x0 c:/mingw/avrgcc/bin/../lib/gcc/avr/8.3.0/avr51\libgcc.a(_ashrdi3.o)
 .text.libgcc   0x00000000        0x0 c:/mingw/avrgcc/bin/../lib/gcc/avr/8.3.0/avr51\libgcc.a(_ashrdi3.o)
 .text.libgcc.prologue
                0x00000000        0x0 c:/mingw/avrgcc/bin/../lib/gcc/avr/8.3.0/avr51\libgcc.a(_ashrdi3.o)
 .text.libgcc.builtins
                0x00000000       0x3a c:/mingw/avrgcc/bin/../lib/gcc/avr/8.3.0/avr51\libgcc.a(_ashrdi3.o)
 .text.libgcc.fmul
                0x00000000        0x0 c:/mingw/avrgcc/bin/../lib/gcc/avr/8.3.0/avr51\libgcc.a(_ashrdi3.o)
 .text.libgcc.fixed
                0x00000000        0x0 c:/mingw/avrgcc/bin/../lib/gcc/avr/8.3.0/avr51\libgcc.a(_ashrdi3.o)
 .debug_line    0x00000000      0x103 c:/mingw/avrgcc/bin/../lib/gcc/avr/8.3.0/avr51\libgcc.a(_ashrdi3.o)
 .debug_info    0x00000000       0x26 c:/mingw/avrgcc/bin/../lib/gcc/avr/8.3.0/avr51\libgcc.a(_ashrdi3.o)
 .debug_abbrev  0x00000000       0x14 c:/mingw/avrgcc/bin/../lib/gcc/avr/8.3.0/avr51\libgcc.a(_ashrdi3.o)
 .debug_aranges
                0x00000000       0x20 c:/mingw/avrgcc/bin/../lib/gcc/avr/8.3.0/avr51\libgcc.a(_ashrdi3.o)
 .debug_str     0x00000000       0x5f c:/mingw/avrgcc/bin/../lib/gcc/avr/8.3.0/avr51\libgcc.a(_ashrdi3.o)
 .text          0x00000000        0x0 c:/mingw/avrgcc/bin/../lib/gcc/avr/8.3.0/avr51\libgcc.a(_udivmodhi4.o)
 .data          0x00000000        0x0 c:/mingw/avrgcc/bin/../lib/gcc/avr/8.3.0/avr51\libgcc.a(_udivmodhi4.o)
 .bss           0x00000000        0x0 c:/mingw/avrgcc/bin/../lib/gcc/avr/8.3.0/avr51\libgcc.a(_udivmodhi4.o)
 .text.libgcc.mul
                0x00000000        0x0 c:/mingw/avrgcc/bin/../lib/gcc/avr/8.3.0/avr51\libgcc.a(_udivmodhi4.o)
 .text.libgcc.div
                0x00000000       0x28 c:/mingw/avrgcc/bin/../lib/gcc/avr/8.3.0/avr51\libgcc.a(_udivmodhi4.o)
 .text.libgcc   0x00000000        0x0 c:/mingw/avrgcc/bin/../lib/gcc/avr/8.3.0/avr51\libgcc.a(_udivmodhi4.o)
 .text.libgcc.prologue
                0x00000000        0x0 c:/mingw/avrgcc/bin/../lib/gcc/avr/8.3.0/avr51\libgcc.a(_udivmodhi4.o)
 .text.libgcc.builtins
                0x00000000        0x0 c:/mingw/avrgcc/bin/../lib/gcc/avr/8.3.0/avr51\libgcc.a(_udivmodhi4.o)
 .text.libgcc.fmul
                0x00000000        0x0 c:/mingw/avrgcc/bin/../lib/gcc/avr/8.3.0/avr51\libgcc.a(_udivmodhi4.o)
 .text.libgcc.fixed
                0x00000000        0x0 c:/mingw/avrgcc/bin/../lib/gcc/avr/8.3.0/avr51\libgcc.a(_udivmodhi4.o)
 .debug_line    0x00000000       0xcd c:/mingw/avrgcc/bin/../lib/gcc/avr/8.3.0/avr51\libgcc.a(_udivmodhi4.o)
 .debug_info    0x00000000       0x26 c:/mingw/avrgcc/bin/../lib/gcc/avr/8.3.0/avr51\libgcc.a(_udivmodhi4.o)
 .debug_abbrev  0x00000000       0x14 c:/mingw/avrgcc/bin/../lib/gcc/avr/8.3.0/avr51\libgcc.a(_udivmodhi4.o)
 .debug_aranges
                0x00000000       0x20 c:/mingw/avrgcc/bin/../lib/gcc/avr/8.3.0/avr51\libgcc.a(_udivmodhi4.o)
 .debug_str     0x00000000       0x5f c:/mingw/avrgcc/bin/../lib/gcc/avr/8.3.0/avr51\libgcc.a(_udivmodhi4.o)
 .text          0x00000000        0x0 c:/mingw/avrgcc/bin/../lib/gcc/avr/8.3.0/avr51\libgcc.a(_umulhisi3.o)
 .data          0x00000000        0x0 c:/mingw/avrgcc/bin/../lib/gcc/avr/8.3.0/avr51\libgcc.a(_umulhisi3.o)
 .bss           0x00000000        0x0 c:/mingw/avrgcc/bin/../lib/gcc/avr/8.3.0/avr51\libgcc.a(_umulhisi3.o)
 .text.libgcc.mul
                0x00000000       0x1e c:/mingw/avrgcc/bin/../lib/gcc/avr/8.3.0/avr51\libgcc.a(_umulhisi3.o)
 .text.libgcc.div
                0x00000000        0x0 c:/mingw/avrgcc/bin/../lib/gcc/avr/8.3.0/avr51\libgcc.a(_umulhisi3.o)
 .text.libgcc   0x00000000        0x0 c:/mingw/avrgcc/bin/../lib/gcc/avr/8.3.0/avr51\libgcc.a(_umulhisi3.o)
 .text.libgcc.prologue
                0x00000000        0x0 c:/mingw/avrgcc/bin/../lib/gcc/avr/8.3.0/avr51\libgcc.a(_umulhisi3.o)
 .text.libgcc.builtins
                0x00000000        0x0 c:/mingw/avrgcc/bin/../lib/gcc/avr/8.3.0/avr51\libgcc.a(_umulhisi3.o)
 .text.libgcc.fmul
                0x00000000        0x0 c:/mingw/avrgcc/bin/../lib/gcc/avr/8.3.0/avr51\libgcc.a(_umulhisi3.o)
 .text.libgcc.fixed
                0x00000000        0x0 c:/mingw/avrgcc/bin/../lib/gcc/avr/8.3.0/avr51\libgcc.a(_umulhisi3.o)
 .debug_line    0x00000000       0xaf c:/mingw/avrgcc/bin/../lib/gcc/avr/8.3.0/avr51\libgcc.a(_umulhisi3.o)
 .debug_info    0x00000000       0x26 c:/mingw/avrgcc/bin/../lib/gcc/avr/8.3.0/avr51\libgcc.a(_umulhisi3.o)
 .debug_abbrev  0x00000000       0x14 c:/mingw/avrgcc/bin/../lib/gcc/avr/8.3.0/avr51\libgcc.a(_umulhisi3.o)
 .debug_aranges
                0x00000000       0x20 c:/mingw/avrgcc/bin/../lib/gcc/avr/8.3.0/avr51\libgcc.a(_umulhisi3.o)
 .debug_str     0x00000000       0x5f c:/mingw/avrgcc/bin/../lib/gcc/avr/8.3.0/avr51\libgcc.a(_umulhisi3.o)
 .text          0x00000000        0x0 c:/mingw/avrgcc/bin/../lib/gcc/avr/8.3.0/../../../../avr/lib/avr51\libm.a(addsf3.o)
 .data          0x00000000        0x0 c:/mingw/avrgcc/bin/../lib/gcc/avr/8.3.0/../../../../avr/lib/avr51\libm.a(addsf3.o)
 .bss           0x00000000        0x0 c:/mingw/avrgcc/bin/../lib/gcc/avr/8.3.0/../../../../avr/lib/avr51\libm.a(addsf3.o)
 .text.avr-libc.fplib
                0x00000000        0xe c:/mingw/avrgcc/bin/../lib/gcc/avr/8.3.0/../../../../avr/lib/avr51\libm.a(addsf3.o)
 .text          0x00000000        0x0 c:/mingw/avrgcc/bin/../lib/gcc/avr/8.3.0/../../../../avr/lib/avr51\libm.a(addsf3x.o)
 .data          0x00000000        0x0 c:/mingw/avrgcc/bin/../lib/gcc/avr/8.3.0/../../../../avr/lib/avr51\libm.a(addsf3x.o)
 .bss           0x00000000        0x0 c:/mingw/avrgcc/bin/../lib/gcc/avr/8.3.0/../../../../avr/lib/avr51\libm.a(addsf3x.o)
 .text.avr-libc.fplib
                0x00000000       0xcc c:/mingw/avrgcc/bin/../lib/gcc/avr/8.3.0/../../../../avr/lib/avr51\libm.a(addsf3x.o)
 .text          0x00000000        0x0 c:/mingw/avrgcc/bin/../lib/gcc/avr/8.3.0/../../../../avr/lib/avr51\libm.a(divsf3.o)
 .data          0x00000000        0x0 c:/mingw/avrgcc/bin/../lib/gcc/avr/8.3.0/../../../../avr/lib/avr51\libm.a(divsf3.o)
 .bss           0x00000000        0x0 c:/mingw/avrgcc/bin/../lib/gcc/avr/8.3.0/../../../../avr/lib/avr51\libm.a(divsf3.o)
 .text.avr-libc.fplib
                0x00000000        0x8 c:/mingw/avrgcc/bin/../lib/gcc/avr/8.3.0/../../../../avr/lib/avr51\libm.a(divsf3.o)
 .text          0x00000000        0x0 c:/mingw/avrgcc/bin/../lib/gcc/avr/8.3.0/../../../../avr/lib/avr51\libm.a(divsf3x.o)
 .data          0x00000000        0x0 c:/mingw/avrgcc/bin/../lib/gcc/avr/8.3.0/../../../../avr/lib/avr51\libm.a(divsf3x.o)
 .bss           0x00000000        0x0 c:/mingw/avrgcc/bin/../lib/gcc/avr/8.3.0/../../../../avr/lib/avr51\libm.a(divsf3x.o)
 .text.avr-libc.fplib
                0x00000000       0xdc c:/mingw/avrgcc/bin/../lib/gcc/avr/8.3.0/../../../../avr/lib/avr51\libm.a(divsf3x.o)
 .text          0x00000000        0x0 c:/mingw/avrgcc/bin/../lib/gcc/avr/8.3.0/../../../../avr/lib/avr51\libm.a(fixsfsi.o)
 .data          0x00000000        0x0 c:/mingw/avrgcc/bin/../lib/gcc/avr/8.3.0/../../../../avr/lib/avr51\libm.a(fixsfsi.o)
 .bss           0x00000000        0x0 c:/mingw/avrgcc/bin/../lib/gcc/avr/8.3.0/../../../../avr/lib/avr51\libm.a(fixsfsi.o)
 .text.avr-libc.fplib
                0x00000000        0xe c:/mingw/avrgcc/bin/../lib/gcc/avr/8.3.0/../../../../avr/lib/avr51\libm.a(fixsfsi.o)
 .text          0x00000000        0x0 c:/mingw/avrgcc/bin/../lib/gcc/avr/8.3.0/../../../../avr/lib/avr51\libm.a(fixunssfsi.o)
 .data          0x00000000        0x0 c:/mingw/avrgcc/bin/../lib/gcc/avr/8.3.0/../../../../avr/lib/avr51\libm.a(fixunssfsi.o)
 .bss           0x00000000        0x0 c:/mingw/avrgcc/bin/../lib/gcc/avr/8.3.0/../../../../avr/lib/avr51\libm.a(fixunssfsi.o)
 .text.avr-libc.fplib
                0x00000000       0x5e c:/mingw/avrgcc/bin/../lib/gcc/avr/8.3.0/../../../../avr/lib/avr51\libm.a(fixunssfsi.o)
 .text          0x00000000        0x0 c:/mingw/avrgcc/bin/../lib/gcc/avr/8.3.0/../../../../avr/lib/avr51\libm.a(floatsisf.o)
 .data          0x00000000        0x0 c:/mingw/avrgcc/bin/../lib/gcc/avr/8.3.0/../../../../avr/lib/avr51\libm.a(floatsisf.o)
 .bss           0x00000000        0x0 c:/mingw/avrgcc/bin/../lib/gcc/avr/8.3.0/../../../../avr/lib/avr51\libm.a(floatsisf.o)
 .text.avr-libc.fplib
                0x00000000       0x7a c:/mingw/avrgcc/bin/../lib/gcc/avr/8.3.0/../../../../avr/lib/avr51\libm.a(floatsisf.o)
 .text          0x00000000        0x0 c:/mingw/avrgcc/bin/../lib/gcc/avr/8.3.0/../../../../avr/lib/avr51\libm.a(fp_inf.o)
 .data          0x00000000        0x0 c:/mingw/avrgcc/bin/../lib/gcc/avr/8.3.0/../../../../avr/lib/avr51\libm.a(fp_inf.o)
 .bss           0x00000000        0x0 c:/mingw/avrgcc/bin/../lib/gcc/avr/8.3.0/../../../../avr/lib/avr51\libm.a(fp_inf.o)
 .text.avr-libc.fplib
                0x00000000        0xc c:/mingw/avrgcc/bin/../lib/gcc/avr/8.3.0/../../../../avr/lib/avr51\libm.a(fp_inf.o)
 .text          0x00000000        0x0 c:/mingw/avrgcc/bin/../lib/gcc/avr/8.3.0/../../../../avr/lib/avr51\libm.a(fp_nan.o)
 .data          0x00000000        0x0 c:/mingw/avrgcc/bin/../lib/gcc/avr/8.3.0/../../../../avr/lib/avr51\libm.a(fp_nan.o)
 .bss           0x00000000        0x0 c:/mingw/avrgcc/bin/../lib/gcc/avr/8.3.0/../../../../avr/lib/avr51\libm.a(fp_nan.o)
 .text.avr-libc.fplib
                0x00000000        0x6 c:/mingw/avrgcc/bin/../lib/gcc/avr/8.3.0/../../../../avr/lib/avr51\libm.a(fp_nan.o)
 .text          0x00000000        0x0 c:/mingw/avrgcc/bin/../lib/gcc/avr/8.3.0/../../../../avr/lib/avr51\libm.a(fp_pscA.o)
 .data          0x00000000        0x0 c:/mingw/avrgcc/bin/../lib/gcc/avr/8.3.0/../../../../avr/lib/avr51\libm.a(fp_pscA.o)
 .bss           0x00000000        0x0 c:/mingw/avrgcc/bin/../lib/gcc/avr/8.3.0/../../../../avr/lib/avr51\libm.a(fp_pscA.o)
 .text.avr-libc.fplib
                0x00000000        0xe c:/mingw/avrgcc/bin/../lib/gcc/avr/8.3.0/../../../../avr/lib/avr51\libm.a(fp_pscA.o)
 .text          0x00000000        0x0 c:/mingw/avrgcc/bin/../lib/gcc/avr/8.3.0/../../../../avr/lib/avr51\libm.a(fp_pscB.o)
 .data          0x00000000        0x0 c:/mingw/avrgcc/bin/../lib/gcc/avr/8.3.0/../../../../avr/lib/avr51\libm.a(fp_pscB.o)
 .bss           0x00000000        0x0 c:/mingw/avrgcc/bin/../lib/gcc/avr/8.3.0/../../../../avr/lib/avr51\libm.a(fp_pscB.o)
 .text.avr-libc.fplib
                0x00000000        0xe c:/mingw/avrgcc/bin/../lib/gcc/avr/8.3.0/../../../../avr/lib/avr51\libm.a(fp_pscB.o)
 .text          0x00000000        0x0 c:/mingw/avrgcc/bin/../lib/gcc/avr/8.3.0/../../../../avr/lib/avr51\libm.a(fp_round.o)
 .data          0x00000000        0x0 c:/mingw/avrgcc/bin/../lib/gcc/avr/8.3.0/../../../../avr/lib/avr51\libm.a(fp_round.o)
 .bss           0x00000000        0x0 c:/mingw/avrgcc/bin/../lib/gcc/avr/8.3.0/../../../../avr/lib/avr51\libm.a(fp_round.o)
 .text.avr-libc.fplib
                0x00000000       0x22 c:/mingw/avrgcc/bin/../lib/gcc/avr/8.3.0/../../../../avr/lib/avr51\libm.a(fp_round.o)
 .text          0x00000000        0x0 c:/mingw/avrgcc/bin/../lib/gcc/avr/8.3.0/../../../../avr/lib/avr51\libm.a(fp_split3.o)
 .data          0x00000000        0x0 c:/mingw/avrgcc/bin/../lib/gcc/avr/8.3.0/../../../../avr/lib/avr51\libm.a(fp_split3.o)
 .bss           0x00000000        0x0 c:/mingw/avrgcc/bin/../lib/gcc/avr/8.3.0/../../../../avr/lib/avr51\libm.a(fp_split3.o)
 .text.avr-libc.fplib
                0x00000000       0x44 c:/mingw/avrgcc/bin/../lib/gcc/avr/8.3.0/../../../../avr/lib/avr51\libm.a(fp_split3.o)
 .text          0x00000000        0x0 c:/mingw/avrgcc/bin/../lib/gcc/avr/8.3.0/../../../../avr/lib/avr51\libm.a(fp_zero.o)
 .data          0x00000000        0x0 c:/mingw/avrgcc/bin/../lib/gcc/avr/8.3.0/../../../../avr/lib/avr51\libm.a(fp_zero.o)
 .bss           0x00000000        0x0 c:/mingw/avrgcc/bin/../lib/gcc/avr/8.3.0/../../../../avr/lib/avr51\libm.a(fp_zero.o)
 .text.avr-libc.fplib
                0x00000000        0xe c:/mingw/avrgcc/bin/../lib/gcc/avr/8.3.0/../../../../avr/lib/avr51\libm.a(fp_zero.o)
 .text          0x00000000        0x0 c:/mingw/avrgcc/bin/../lib/gcc/avr/8.3.0/../../../../avr/lib/avr51\libm.a(mulsf3.o)
 .data          0x00000000        0x0 c:/mingw/avrgcc/bin/../lib/gcc/avr/8.3.0/../../../../avr/lib/avr51\libm.a(mulsf3.o)
 .bss           0x00000000        0x0 c:/mingw/avrgcc/bin/../lib/gcc/avr/8.3.0/../../../../avr/lib/avr51\libm.a(mulsf3.o)
 .text.avr-libc.fplib
                0x00000000        0x8 c:/mingw/avrgcc/bin/../lib/gcc/avr/8.3.0/../../../../avr/lib/avr51\libm.a(mulsf3.o)
 .text          0x00000000        0x0 c:/mingw/avrgcc/bin/../lib/gcc/avr/8.3.0/../../../../avr/lib/avr51\libm.a(mulsf3x.o)
 .data          0x00000000        0x0 c:/mingw/avrgcc/bin/../lib/gcc/avr/8.3.0/../../../../avr/lib/avr51\libm.a(mulsf3x.o)
 .bss           0x00000000        0x0 c:/mingw/avrgcc/bin/../lib/gcc/avr/8.3.0/../../../../avr/lib/avr51\libm.a(mulsf3x.o)
 .text.avr-libc.fplib
                0x00000000       0xd2 c:/mingw/avrgcc/bin/../lib/gcc/avr/8.3.0/../../../../avr/lib/avr51\libm.a(mulsf3x.o)
 .text          0x00000000        0x0 c:/mingw/avrgcc/bin/../lib/gcc/avr/8.3.0/../../../../avr/lib/avr51\libc.a(malloc.o)
 .bss           0x00000000        0x0 c:/mingw/avrgcc/bin/../lib/gcc/avr/8.3.0/../../../../avr/lib/avr51\libc.a(malloc.o)
 .text          0x00000000        0x0 c:/mingw/avrgcc/bin/../lib/gcc/avr/8.3.0/../../../../avr/lib/avr51\libc.a(memcpy.o)
 .data          0x00000000        0x0 c:/mingw/avrgcc/bin/../lib/gcc/avr/8.3.0/../../../../avr/lib/avr51\libc.a(memcpy.o)
 .bss           0x00000000        0x0 c:/mingw/avrgcc/bin/../lib/gcc/avr/8.3.0/../../../../avr/lib/avr51\libc.a(memcpy.o)
 .text          0x00000000        0x0 c:/mingw/avrgcc/bin/../lib/gcc/avr/8.3.0/../../../../avr/lib/avr51\libc.a(strcpy.o)
 .data          0x00000000        0x0 c:/mingw/avrgcc/bin/../lib/gcc/avr/8.3.0/../../../../avr/lib/avr51\libc.a(strcpy.o)
 .bss           0x00000000        0x0 c:/mingw/avrgcc/bin/../lib/gcc/avr/8.3.0/../../../../avr/lib/avr51\libc.a(strcpy.o)
 .text          0x00000000        0x0 c:/mingw/avrgcc/bin/../lib/gcc/avr/8.3.0/../../../../avr/lib/avr51\libc.a(itoa_ncheck.o)
 .data          0x00000000        0x0 c:/mingw/avrgcc/bin/../lib/gcc/avr/8.3.0/../../../../avr/lib/avr51\libc.a(itoa_ncheck.o)
 .bss           0x00000000        0x0 c:/mingw/avrgcc/bin/../lib/gcc/avr/8.3.0/../../../../avr/lib/avr51\libc.a(itoa_ncheck.o)
 .text          0x00000000        0x0 c:/mingw/avrgcc/bin/../lib/gcc/avr/8.3.0/../../../../avr/lib/avr51\libc.a(utoa_ncheck.o)
 .data          0x00000000        0x0 c:/mingw/avrgcc/bin/../lib/gcc/avr/8.3.0/../../../../avr/lib/avr51\libc.a(utoa_ncheck.o)
 .bss           0x00000000        0x0 c:/mingw/avrgcc/bin/../lib/gcc/avr/8.3.0/../../../../avr/lib/avr51\libc.a(utoa_ncheck.o)
 .text          0x00000000        0x0 c:/mingw/avrgcc/bin/../lib/gcc/avr/8.3.0/../../../../avr/lib/avr51\libc.a(sprintf.o)
 .data          0x00000000        0x0 c:/mingw/avrgcc/bin/../lib/gcc/avr/8.3.0/../../../../avr/lib/avr51\libc.a(sprintf.o)
 .bss           0x00000000        0x0 c:/mingw/avrgcc/bin/../lib/gcc/avr/8.3.0/../../../../avr/lib/avr51\libc.a(sprintf.o)
 .text          0x00000000        0x0 c:/mingw/avrgcc/bin/../lib/gcc/avr/8.3.0/../../../../avr/lib/avr51\libc.a(vfprintf_std.o)
 .data          0x00000000        0x0 c:/mingw/avrgcc/bin/../lib/gcc/avr/8.3.0/../../../../avr/lib/avr51\libc.a(vfprintf_std.o)
 .bss           0x00000000        0x0 c:/mingw/avrgcc/bin/../lib/gcc/avr/8.3.0/../../../../avr/lib/avr51\libc.a(vfprintf_std.o)
 .text          0x00000000        0x0 c:/mingw/avrgcc/bin/../lib/gcc/avr/8.3.0/../../../../avr/lib/avr51\libc.a(strnlen_P.o)
 .data          0x00000000        0x0 c:/mingw/avrgcc/bin/../lib/gcc/avr/8.3.0/../../../../avr/lib/avr51\libc.a(strnlen_P.o)
 .bss           0x00000000        0x0 c:/mingw/avrgcc/bin/../lib/gcc/avr/8.3.0/../../../../avr/lib/avr51\libc.a(strnlen_P.o)
 .text          0x00000000        0x0 c:/mingw/avrgcc/bin/../lib/gcc/avr/8.3.0/../../../../avr/lib/avr51\libc.a(strnlen.o)
 .data          0x00000000        0x0 c:/mingw/avrgcc/bin/../lib/gcc/avr/8.3.0/../../../../avr/lib/avr51\libc.a(strnlen.o)
 .bss           0x00000000        0x0 c:/mingw/avrgcc/bin/../lib/gcc/avr/8.3.0/../../../../avr/lib/avr51\libc.a(strnlen.o)
 .text          0x00000000        0x0 c:/mingw/avrgcc/bin/../lib/gcc/avr/8.3.0/../../../../avr/lib/avr51\libc.a(strrev.o)
 .data          0x00000000        0x0 c:/mingw/avrgcc/bin/../lib/gcc/avr/8.3.0/../../../../avr/lib/avr51\libc.a(strrev.o)
 .bss           0x00000000        0x0 c:/mingw/avrgcc/bin/../lib/gcc/avr/8.3.0/../../../../avr/lib/avr51\libc.a(strrev.o)
 .text          0x00000000        0x0 c:/mingw/avrgcc/bin/../lib/gcc/avr/8.3.0/../../../../avr/lib/avr51\libc.a(fputc.o)
 .data          0x00000000        0x0 c:/mingw/avrgcc/bin/../lib/gcc/avr/8.3.0/../../../../avr/lib/avr51\libc.a(fputc.o)
 .bss           0x00000000        0x0 c:/mingw/avrgcc/bin/../lib/gcc/avr/8.3.0/../../../../avr/lib/avr51\libc.a(fputc.o)
 .text          0x00000000        0x0 c:/mingw/avrgcc/bin/../lib/gcc/avr/8.3.0/../../../../avr/lib/avr51\libc.a(ultoa_invert.o)
 .data          0x00000000        0x0 c:/mingw/avrgcc/bin/../lib/gcc/avr/8.3.0/../../../../avr/lib/avr51\libc.a(ultoa_invert.o)
 .bss           0x00000000        0x0 c:/mingw/avrgcc/bin/../lib/gcc/avr/8.3.0/../../../../avr/lib/avr51\libc.a(ultoa_invert.o)

Memory Configuration

Name             Origin             Length             Attributes
text             0x00000000         0x00020000         xr
data             0x00800100         0x0000ff00         rw !x
eeprom           0x00810000         0x00010000         rw !x
fuse             0x00820000         0x00000400         rw !x
lock             0x00830000         0x00000400         rw !x
signature        0x00840000         0x00000400         rw !x
user_signatures  0x00850000         0x00000400         rw !x
*default*        0x00000000         0xffffffff

Linker script and memory map

Address of section .data set to 0x800100
LOAD c:/mingw/avrgcc/bin/../lib/gcc/avr/8.3.0/../../../../avr/lib/avr51/crtatmega128.o
LOAD C:\Users\Kang\AppData\Local\Temp\cciSrDU9.o
LOAD C:\Users\Kang\AppData\Local\Temp\ccUWdn4d.o
LOAD C:\Users\Kang\AppData\Local\Temp\cceocLjo.o
LOAD C:\Users\Kang\AppData\Local\Temp\ccZmTOXw.o
LOAD C:\Users\Kang\AppData\Local\Temp\ccg0KjQN.o
LOAD C:\Users\Kang\AppData\Local\Temp\ccnWknwf.o
LOAD C:\Users\Kang\AppData\Local\Temp\ccicq6kL.o
LOAD C:\Users\Kang\AppData\Local\Temp\ccp68Gbn.o
LOAD C:\Users\Kang\AppData\Local\Temp\ccOjNcw4.o
LOAD C:\Users\Kang\AppData\Local\Temp\cc5wLNeR.o
LOAD C:\Users\Kang\AppData\Local\Temp\ccGm8dPH.o
START GROUP
LOAD c:/mingw/avrgcc/bin/../lib/gcc/avr/8.3.0/avr51\libgcc.a
LOAD c:/mingw/avrgcc/bin/../lib/gcc/avr/8.3.0/../../../../avr/lib/avr51\libm.a
LOAD c:/mingw/avrgcc/bin/../lib/gcc/avr/8.3.0/../../../../avr/lib/avr51\libc.a
LOAD c:/mingw/avrgcc/bin/../lib/gcc/avr/8.3.0/../../../../avr/lib/avr51\libatmega128.a
END GROUP
                0x00020000                __TEXT_REGION_LENGTH__ = DEFINED (__TEXT_REGION_LENGTH__)?__TEXT_REGION_LENGTH__:0x20000
                0x0000ff00                __DATA_REGION_LENGTH__ = DEFINED (__DATA_REGION_LENGTH__)?__DATA_REGION_LENGTH__:0xff00
                0x00010000                __EEPROM_REGION_LENGTH__ = DEFINED (__EEPROM_REGION_LENGTH__)?__EEPROM_REGION_LENGTH__:0x10000
                0x00000400                __FUSE_REGION_LENGTH__ = DEFINED (__FUSE_REGION_LENGTH__)?__FUSE_REGION_LENGTH__:0x400
                0x00000400                __LOCK_REGION_LENGTH__ = DEFINED (__LOCK_REGION_LENGTH__)?__LOCK_REGION_LENGTH__:0x400
                0x00000400                __SIGNATURE_REGION_LENGTH__ = DEFINED (__SIGNATURE_REGION_LENGTH__)?__SIGNATURE_REGION_LENGTH__:0x400
                0x00000400                __USER_SIGNATURE_REGION_LENGTH__ = DEFINED (__USER_SIGNATURE_REGION_LENGTH__)?__USER_SIGNATURE_REGION_LENGTH__:0x400

.hash
 *(.hash)

.dynsym
 *(.dynsym)

.dynstr
 *(.dynstr)

.gnu.version
 *(.gnu.version)

.gnu.version_d
 *(.gnu.version_d)

.gnu.version_r
 *(.gnu.version_r)

.rel.init
 *(.rel.init)

.rela.init
 *(.rela.init)

.rel.text
 *(.rel.text)
 *(.rel.text.*)
 *(.rel.gnu.linkonce.t*)

.rela.text
 *(.rela.text)
 *(.rela.text.*)
 *(.rela.gnu.linkonce.t*)

.rel.fini
 *(.rel.fini)

.rela.fini
 *(.rela.fini)

.rel.rodata
 *(.rel.rodata)
 *(.rel.rodata.*)
 *(.rel.gnu.linkonce.r*)

.rela.rodata
 *(.rela.rodata)
 *(.rela.rodata.*)
 *(.rela.gnu.linkonce.r*)

.rel.data
 *(.rel.data)
 *(.rel.data.*)
 *(.rel.gnu.linkonce.d*)

.rela.data
 *(.rela.data)
 *(.rela.data.*)
 *(.rela.gnu.linkonce.d*)

.rel.ctors
 *(.rel.ctors)

.rela.ctors
 *(.rela.ctors)

.rel.dtors
 *(.rel.dtors)

.rela.dtors
 *(.rela.dtors)

.rel.got
 *(.rel.got)

.rela.got
 *(.rela.got)

.rel.bss
 *(.rel.bss)

.rela.bss
 *(.rela.bss)

.rel.plt
 *(.rel.plt)

.rela.plt
 *(.rela.plt)

.text           0x00000000     0x150c
 *(.vectors)
 .vectors       0x00000000       0x8c c:/mingw/avrgcc/bin/../lib/gcc/avr/8.3.0/../../../../avr/lib/avr51/crtatmega128.o
                0x00000000                __vector_default
                0x00000000                __vectors
 *(.vectors)
 *(.progmem.gcc*)
                0x0000008c                . = ALIGN (0x2)
                0x0000008c                __trampolines_start = .
 *(.trampolines)
 .trampolines   0x0000008c        0x0 linker stubs
 *(.trampolines*)
                0x0000008c                __trampolines_end = .
 *libprintf_flt.a:*(.progmem.data)
 *libc.a:*(.progmem.data)
 *(.progmem.*)
                0x0000008c                . = ALIGN (0x2)
 *(.lowtext)
 *(.lowtext*)
                0x0000008c                __ctors_start = .
 *(.ctors)
                0x0000008c                __ctors_end = .
                0x0000008c                __dtors_start = .
 *(.dtors)
                0x0000008c                __dtors_end = .
 SORT_BY_NAME(*)(.ctors)
 SORT_BY_NAME(*)(.dtors)
 *(.init0)
 .init0         0x0000008c        0x0 c:/mingw/avrgcc/bin/../lib/gcc/avr/8.3.0/../../../../avr/lib/avr51/crtatmega128.o
                0x0000008c                __init
 *(.init0)
 *(.init1)
 *(.init1)
 *(.init2)
 .init2         0x0000008c        0xc c:/mingw/avrgcc/bin/../lib/gcc/avr/8.3.0/../../../../avr/lib/avr51/crtatmega128.o
 *(.init2)
 *(.init3)
 *(.init3)
 *(.init4)
 .init4         0x00000098       0x1a c:/mingw/avrgcc/bin/../lib/gcc/avr/8.3.0/avr51\libgcc.a(_copy_data.o)
                0x00000098                __do_copy_data
 .init4         0x000000b2       0x10 c:/mingw/avrgcc/bin/../lib/gcc/avr/8.3.0/avr51\libgcc.a(_clear_bss.o)
                0x000000b2                __do_clear_bss
 *(.init4)
 *(.init5)
 *(.init5)
 *(.init6)
 *(.init6)
 *(.init7)
 *(.init7)
 *(.init8)
 *(.init8)
 *(.init9)
 .init9         0x000000c2        0x8 c:/mingw/avrgcc/bin/../lib/gcc/avr/8.3.0/../../../../avr/lib/avr51/crtatmega128.o
 *(.init9)
 *(.text)
 .text          0x000000ca        0x4 c:/mingw/avrgcc/bin/../lib/gcc/avr/8.3.0/../../../../avr/lib/avr51/crtatmega128.o
                0x000000ca                __vector_22
                0x000000ca                __vector_28
                0x000000ca                __vector_1
                0x000000ca                __vector_32
                0x000000ca                __vector_34
                0x000000ca                __vector_24
                0x000000ca                __vector_12
                0x000000ca                __bad_interrupt
                0x000000ca                __vector_6
                0x000000ca                __vector_31
                0x000000ca                __vector_3
                0x000000ca                __vector_23
                0x000000ca                __vector_30
                0x000000ca                __vector_25
                0x000000ca                __vector_11
                0x000000ca                __vector_13
                0x000000ca                __vector_17
                0x000000ca                __vector_19
                0x000000ca                __vector_7
                0x000000ca                __vector_27
                0x000000ca                __vector_5
                0x000000ca                __vector_33
                0x000000ca                __vector_4
                0x000000ca                __vector_9
                0x000000ca                __vector_2
                0x000000ca                __vector_21
                0x000000ca                __vector_15
                0x000000ca                __vector_29
                0x000000ca                __vector_8
                0x000000ca                __vector_26
                0x000000ca                __vector_14
                0x000000ca                __vector_10
                0x000000ca                __vector_16
                0x000000ca                __vector_18
                0x000000ce                . = ALIGN (0x2)
 *(.text.*)
 .text.outputmsg_uart0
                0x000000ce       0x3c C:\Users\Kang\AppData\Local\Temp\ccUWdn4d.o
                0x000000ce                outputmsg_uart0
 .text.internal_assertion_failed
                0x0000010a       0x5e C:\Users\Kang\AppData\Local\Temp\ccUWdn4d.o
                0x0000010a                internal_assertion_failed
 .text.FString_Initialize
                0x00000168       0x6c C:\Users\Kang\AppData\Local\Temp\ccZmTOXw.o
                0x00000168                FString_Initialize
 .text.TList_PushBack
                0x000001d4       0xc2 C:\Users\Kang\AppData\Local\Temp\ccZmTOXw.o
                0x000001d4                TList_PushBack
 .text.TList_PopFront
                0x00000296       0x82 C:\Users\Kang\AppData\Local\Temp\ccZmTOXw.o
                0x00000296                TList_PopFront
 .text.Malloc   0x00000318       0xdc C:\Users\Kang\AppData\Local\Temp\ccg0KjQN.o
                0x00000318                Malloc
 .text.LCDDevice__Initialize
                0x000003f4       0x12 C:\Users\Kang\AppData\Local\Temp\ccg0KjQN.o
                0x000003f4                LCDDevice__Initialize
 .text.LCDDevice__Render
                0x00000406      0x194 C:\Users\Kang\AppData\Local\Temp\ccg0KjQN.o
                0x00000406                LCDDevice__Render
 .text.VBuffer_DrawLine
                0x0000059a      0x18c C:\Users\Kang\AppData\Local\Temp\ccg0KjQN.o
                0x0000059a                VBuffer_DrawLine
 .text.VBuffer_DrawString.constprop.1
                0x00000726      0x26a C:\Users\Kang\AppData\Local\Temp\ccp68Gbn.o
 .text.startup.main
                0x00000990      0x102 C:\Users\Kang\AppData\Local\Temp\ccp68Gbn.o
                0x00000990                main
 .text.InitializeTX0SerialOutput
                0x00000a92       0x18 C:\Users\Kang\AppData\Local\Temp\ccGm8dPH.o
                0x00000a92                InitializeTX0SerialOutput
 .text.CSerialSender_Initialize
                0x00000aaa       0x14 C:\Users\Kang\AppData\Local\Temp\ccGm8dPH.o
                0x00000aaa                CSerialSender_Initialize
 .text.CSerialSender_QueueOutputString
                0x00000abe       0x66 C:\Users\Kang\AppData\Local\Temp\ccGm8dPH.o
                0x00000abe                CSerialSender_QueueOutputString
 .text.CSerialSender_ConsumeOutputCharacter
                0x00000b24       0xf2 C:\Users\Kang\AppData\Local\Temp\ccGm8dPH.o
                0x00000b24                CSerialSender_ConsumeOutputCharacter
 .text.__vector_20
                0x00000c16       0x62 C:\Users\Kang\AppData\Local\Temp\ccGm8dPH.o
                0x00000c16                __vector_20
 .text.CSerialSender_IsQueueEmpty
                0x00000c78       0x16 C:\Users\Kang\AppData\Local\Temp\ccGm8dPH.o
                0x00000c78                CSerialSender_IsQueueEmpty
 .text.UART0_WaitAnyKey
                0x00000c8e        0xa C:\Users\Kang\AppData\Local\Temp\ccGm8dPH.o
                0x00000c8e                UART0_WaitAnyKey
 .text.avr-libc
                0x00000c98      0x256 c:/mingw/avrgcc/bin/../lib/gcc/avr/8.3.0/../../../../avr/lib/avr51\libc.a(malloc.o)
                0x00000c98                malloc
                0x00000dcc                free
 .text.avr-libc
                0x00000eee       0x12 c:/mingw/avrgcc/bin/../lib/gcc/avr/8.3.0/../../../../avr/lib/avr51\libc.a(memcpy.o)
                0x00000eee                memcpy
 .text.avr-libc
                0x00000f00        0xe c:/mingw/avrgcc/bin/../lib/gcc/avr/8.3.0/../../../../avr/lib/avr51\libc.a(strcpy.o)
                0x00000f00                strcpy
 .text.avr-libc
                0x00000f0e       0x16 c:/mingw/avrgcc/bin/../lib/gcc/avr/8.3.0/../../../../avr/lib/avr51\libc.a(itoa_ncheck.o)
                0x00000f0e                __itoa_ncheck
 .text.avr-libc
                0x00000f24       0x34 c:/mingw/avrgcc/bin/../lib/gcc/avr/8.3.0/../../../../avr/lib/avr51\libc.a(utoa_ncheck.o)
                0x00000f24                __utoa_ncheck
                0x00000f26                __utoa_common
 .text.avr-libc
                0x00000f58       0x60 c:/mingw/avrgcc/bin/../lib/gcc/avr/8.3.0/../../../../avr/lib/avr51\libc.a(sprintf.o)
                0x00000f58                sprintf
 .text.avr-libc
                0x00000fb8      0x3e8 c:/mingw/avrgcc/bin/../lib/gcc/avr/8.3.0/../../../../avr/lib/avr51\libc.a(vfprintf_std.o)
                0x00000fb8                vfprintf
 .text.avr-libc
                0x000013a0       0x16 c:/mingw/avrgcc/bin/../lib/gcc/avr/8.3.0/../../../../avr/lib/avr51\libc.a(strnlen_P.o)
                0x000013a0                strnlen_P
 .text.avr-libc
                0x000013b6       0x16 c:/mingw/avrgcc/bin/../lib/gcc/avr/8.3.0/../../../../avr/lib/avr51\libc.a(strnlen.o)
                0x000013b6                strnlen
 .text.avr-libc
                0x000013cc       0x20 c:/mingw/avrgcc/bin/../lib/gcc/avr/8.3.0/../../../../avr/lib/avr51\libc.a(strrev.o)
                0x000013cc                strrev
 .text.avr-libc
                0x000013ec       0x60 c:/mingw/avrgcc/bin/../lib/gcc/avr/8.3.0/../../../../avr/lib/avr51\libc.a(fputc.o)
                0x000013ec                fputc
 .text.avr-libc
                0x0000144c       0xbc c:/mingw/avrgcc/bin/../lib/gcc/avr/8.3.0/../../../../avr/lib/avr51\libc.a(ultoa_invert.o)
                0x0000144c                __ultoa_invert
                0x00001508                . = ALIGN (0x2)
 *(.fini9)
 .fini9         0x00001508        0x0 c:/mingw/avrgcc/bin/../lib/gcc/avr/8.3.0/avr51\libgcc.a(_exit.o)
                0x00001508                _exit
                0x00001508                exit
 *(.fini9)
 *(.fini8)
 *(.fini8)
 *(.fini7)
 *(.fini7)
 *(.fini6)
 *(.fini6)
 *(.fini5)
 *(.fini5)
 *(.fini4)
 *(.fini4)
 *(.fini3)
 *(.fini3)
 *(.fini2)
 *(.fini2)
 *(.fini1)
 *(.fini1)
 *(.fini0)
 .fini0         0x00001508        0x4 c:/mingw/avrgcc/bin/../lib/gcc/avr/8.3.0/avr51\libgcc.a(_exit.o)
 *(.fini0)
 *(.hightext)
 *(.hightext*)
 *(.progmemx.*)
                0x0000150c                . = ALIGN (0x2)
 *(.jumptables)
 *(.jumptables*)
                0x0000150c                _etext = .

.data           0x00800100      0x9e0 load address 0x0000150c
                0x00800100                PROVIDE (__data_start = .)
 *(.data)
 .data          0x00800100        0x6 c:/mingw/avrgcc/bin/../lib/gcc/avr/8.3.0/../../../../avr/lib/avr51\libc.a(malloc.o)
                0x00800100                __malloc_heap_end
                0x00800102                __malloc_heap_start
                0x00800104                __malloc_margin
 *(.data*)
 *(.gnu.linkonce.d*)
 *(.rodata)
 .rodata        0x00800106        0xe C:\Users\Kang\AppData\Local\Temp\ccp68Gbn.o
 *(.rodata*)
 .rodata.internal_assertion_failed.str1.1
                0x00800114       0x48 C:\Users\Kang\AppData\Local\Temp\ccUWdn4d.o
                                 0x4b (size before relaxing)
 .rodata.CGROM  0x0080015c      0x800 C:\Users\Kang\AppData\Local\Temp\cceocLjo.o
                0x0080015c                CGROM
 .rodata.Malloc.str1.1
                0x0080095c       0x9a C:\Users\Kang\AppData\Local\Temp\ccg0KjQN.o
 .rodata.LCDDevice__Render.str1.1
                0x008009f6        0x7 C:\Users\Kang\AppData\Local\Temp\ccg0KjQN.o
 .rodata.VBuffer_DrawString.constprop.1.str1.1
                0x008009fd       0x28 C:\Users\Kang\AppData\Local\Temp\ccp68Gbn.o
 .rodata.main.str1.1
                0x00800a25       0x93 C:\Users\Kang\AppData\Local\Temp\ccp68Gbn.o
 .rodata.CSerialSender_ConsumeOutputCharacter.str1.1
                0x00800ab8       0x27 C:\Users\Kang\AppData\Local\Temp\ccGm8dPH.o
                                 0x33 (size before relaxing)
 *(.gnu.linkonce.r*)
                0x00800ae0                . = ALIGN (0x2)
 *fill*         0x00800adf        0x1 
                0x00800ae0                _edata = .
                0x00800ae0                PROVIDE (__data_end = .)

.bss            0x00800ae0        0xe
                0x00800ae0                PROVIDE (__bss_start = .)
 *(.bss)
 *(.bss*)
 .bss.__INTERRUPT_LOCK_MUTEX__
                0x00800ae0        0x1 C:\Users\Kang\AppData\Local\Temp\ccp68Gbn.o
                0x00800ae0                __INTERRUPT_LOCK_MUTEX__
 *(COMMON)
 COMMON         0x00800ae1        0x2 C:\Users\Kang\AppData\Local\Temp\ccg0KjQN.o
                0x00800ae1                LCDBuffer
 COMMON         0x00800ae3        0x7 C:\Users\Kang\AppData\Local\Temp\ccGm8dPH.o
                0x00800ae3                UART0Sender
 COMMON         0x00800aea        0x4 c:/mingw/avrgcc/bin/../lib/gcc/avr/8.3.0/../../../../avr/lib/avr51\libc.a(malloc.o)
                0x00800aea                __brkval
                0x00800aec                __flp
                0x00800aee                PROVIDE (__bss_end = .)
                0x0000150c                __data_load_start = LOADADDR (.data)
                0x00001eec                __data_load_end = (__data_load_start + SIZEOF (.data))

.noinit         0x00800aee        0x0
                [!provide]                PROVIDE (__noinit_start = .)
 *(.noinit*)
                [!provide]                PROVIDE (__noinit_end = .)
                0x00800aee                _end = .
                0x00800aee                PROVIDE (__heap_start = .)

.eeprom         0x00810000        0x0
 *(.eeprom*)
                0x00810000                __eeprom_end = .

.fuse
 *(.fuse)
 *(.lfuse)
 *(.hfuse)
 *(.efuse)

.lock
 *(.lock*)

.signature
 *(.signature*)

.stab
 *(.stab)

.stabstr
 *(.stabstr)

.stab.excl
 *(.stab.excl)

.stab.exclstr
 *(.stab.exclstr)

.stab.index
 *(.stab.index)

.stab.indexstr
 *(.stab.indexstr)

.comment        0x00000000       0x11
 *(.comment)
 .comment       0x00000000       0x11 C:\Users\Kang\AppData\Local\Temp\ccUWdn4d.o
                                 0x12 (size before relaxing)
 .comment       0x00000011       0x12 C:\Users\Kang\AppData\Local\Temp\cceocLjo.o
 .comment       0x00000011       0x12 C:\Users\Kang\AppData\Local\Temp\ccZmTOXw.o
 .comment       0x00000011       0x12 C:\Users\Kang\AppData\Local\Temp\ccg0KjQN.o
 .comment       0x00000011       0x12 C:\Users\Kang\AppData\Local\Temp\ccp68Gbn.o
 .comment       0x00000011       0x12 C:\Users\Kang\AppData\Local\Temp\ccGm8dPH.o
 .comment       0x00000011       0x12 c:/mingw/avrgcc/bin/../lib/gcc/avr/8.3.0/../../../../avr/lib/avr51\libc.a(malloc.o)
 .comment       0x00000011       0x12 c:/mingw/avrgcc/bin/../lib/gcc/avr/8.3.0/../../../../avr/lib/avr51\libc.a(sprintf.o)
 .comment       0x00000011       0x12 c:/mingw/avrgcc/bin/../lib/gcc/avr/8.3.0/../../../../avr/lib/avr51\libc.a(vfprintf_std.o)
 .comment       0x00000011       0x12 c:/mingw/avrgcc/bin/../lib/gcc/avr/8.3.0/../../../../avr/lib/avr51\libc.a(fputc.o)

.note.gnu.avr.deviceinfo
                0x00000000       0x3c
 .note.gnu.avr.deviceinfo
                0x00000000       0x3c c:/mingw/avrgcc/bin/../lib/gcc/avr/8.3.0/../../../../avr/lib/avr51/crtatmega128.o

.note.gnu.build-id
 *(.note.gnu.build-id)

.debug
 *(.debug)

.line
 *(.line)

.debug_srcinfo
 *(.debug_srcinfo)

.debug_sfnames
 *(.debug_sfnames)

.debug_aranges  0x00000000       0x60
 *(.debug_aranges)
 .debug_aranges
                0x00000000       0x20 c:/mingw/avrgcc/bin/../lib/gcc/avr/8.3.0/avr51\libgcc.a(_exit.o)
 .debug_aranges
                0x00000020       0x20 c:/mingw/avrgcc/bin/../lib/gcc/avr/8.3.0/avr51\libgcc.a(_copy_data.o)
 .debug_aranges
                0x00000040       0x20 c:/mingw/avrgcc/bin/../lib/gcc/avr/8.3.0/avr51\libgcc.a(_clear_bss.o)

.debug_pubnames
 *(.debug_pubnames)

.debug_info     0x00000000      0x7f2
 *(.debug_info .gnu.linkonce.wi.*)
 .debug_info    0x00000000      0x780 c:/mingw/avrgcc/bin/../lib/gcc/avr/8.3.0/../../../../avr/lib/avr51/crtatmega128.o
 .debug_info    0x00000780       0x26 c:/mingw/avrgcc/bin/../lib/gcc/avr/8.3.0/avr51\libgcc.a(_exit.o)
 .debug_info    0x000007a6       0x26 c:/mingw/avrgcc/bin/../lib/gcc/avr/8.3.0/avr51\libgcc.a(_copy_data.o)
 .debug_info    0x000007cc       0x26 c:/mingw/avrgcc/bin/../lib/gcc/avr/8.3.0/avr51\libgcc.a(_clear_bss.o)

.debug_abbrev   0x00000000      0x754
 *(.debug_abbrev)
 .debug_abbrev  0x00000000      0x718 c:/mingw/avrgcc/bin/../lib/gcc/avr/8.3.0/../../../../avr/lib/avr51/crtatmega128.o
 .debug_abbrev  0x00000718       0x14 c:/mingw/avrgcc/bin/../lib/gcc/avr/8.3.0/avr51\libgcc.a(_exit.o)
 .debug_abbrev  0x0000072c       0x14 c:/mingw/avrgcc/bin/../lib/gcc/avr/8.3.0/avr51\libgcc.a(_copy_data.o)
 .debug_abbrev  0x00000740       0x14 c:/mingw/avrgcc/bin/../lib/gcc/avr/8.3.0/avr51\libgcc.a(_clear_bss.o)

.debug_line     0x00000000      0x1a6
 *(.debug_line .debug_line.* .debug_line_end)
 .debug_line    0x00000000       0x1d c:/mingw/avrgcc/bin/../lib/gcc/avr/8.3.0/../../../../avr/lib/avr51/crtatmega128.o
 .debug_line    0x0000001d       0x61 c:/mingw/avrgcc/bin/../lib/gcc/avr/8.3.0/avr51\libgcc.a(_exit.o)
 .debug_line    0x0000007e       0xa3 c:/mingw/avrgcc/bin/../lib/gcc/avr/8.3.0/avr51\libgcc.a(_copy_data.o)
 .debug_line    0x00000121       0x85 c:/mingw/avrgcc/bin/../lib/gcc/avr/8.3.0/avr51\libgcc.a(_clear_bss.o)

.debug_frame
 *(.debug_frame)

.debug_str      0x00000000      0x2dc
 *(.debug_str)
 .debug_str     0x00000000      0x27d c:/mingw/avrgcc/bin/../lib/gcc/avr/8.3.0/../../../../avr/lib/avr51/crtatmega128.o
 .debug_str     0x0000027d       0x5f c:/mingw/avrgcc/bin/../lib/gcc/avr/8.3.0/avr51\libgcc.a(_exit.o)
 .debug_str     0x000002dc       0x5f c:/mingw/avrgcc/bin/../lib/gcc/avr/8.3.0/avr51\libgcc.a(_copy_data.o)
 .debug_str     0x000002dc       0x5f c:/mingw/avrgcc/bin/../lib/gcc/avr/8.3.0/avr51\libgcc.a(_clear_bss.o)

.debug_loc
 *(.debug_loc)

.debug_macinfo
 *(.debug_macinfo)

.debug_weaknames
 *(.debug_weaknames)

.debug_funcnames
 *(.debug_funcnames)

.debug_typenames
 *(.debug_typenames)

.debug_varnames
 *(.debug_varnames)

.debug_pubtypes
 *(.debug_pubtypes)

.debug_ranges
 *(.debug_ranges)

.debug_macro
 *(.debug_macro)

.debug_addr
 *(.debug_addr)
OUTPUT(program.out elf32-avr)
LOAD linker stubs
