Archive member included to satisfy reference by file (symbol)

c:/mingw/avrgcc/bin/../lib/gcc/avr/8.3.0/avr51\libgcc.a(_mulsi3.o)
                              C:\Users\Kang\AppData\Local\Temp\ccrovKwY.o (__mulsi3)
c:/mingw/avrgcc/bin/../lib/gcc/avr/8.3.0/avr51\libgcc.a(_divmodhi4.o)
                              C:\Users\Kang\AppData\Local\Temp\ccIfJ7Sy.o (__divmodhi4)
c:/mingw/avrgcc/bin/../lib/gcc/avr/8.3.0/avr51\libgcc.a(_divmodsi4.o)
                              C:\Users\Kang\AppData\Local\Temp\ccrovKwY.o (__divmodsi4)
c:/mingw/avrgcc/bin/../lib/gcc/avr/8.3.0/avr51\libgcc.a(_negsi2.o)
                              c:/mingw/avrgcc/bin/../lib/gcc/avr/8.3.0/avr51\libgcc.a(_divmodsi4.o) (__negsi2)
c:/mingw/avrgcc/bin/../lib/gcc/avr/8.3.0/avr51\libgcc.a(_exit.o)
                              c:/mingw/avrgcc/bin/../lib/gcc/avr/8.3.0/../../../../avr/lib/avr51/crtatmega128.o (exit)
c:/mingw/avrgcc/bin/../lib/gcc/avr/8.3.0/avr51\libgcc.a(_copy_data.o)
                              C:\Users\Kang\AppData\Local\Temp\cceipqU0.o (__do_copy_data)
c:/mingw/avrgcc/bin/../lib/gcc/avr/8.3.0/avr51\libgcc.a(_clear_bss.o)
                              C:\Users\Kang\AppData\Local\Temp\cckF1NHy.o (__do_clear_bss)
c:/mingw/avrgcc/bin/../lib/gcc/avr/8.3.0/avr51\libgcc.a(_muluhisi3.o)
                              c:/mingw/avrgcc/bin/../lib/gcc/avr/8.3.0/avr51\libgcc.a(_mulsi3.o) (__muluhisi3)
c:/mingw/avrgcc/bin/../lib/gcc/avr/8.3.0/avr51\libgcc.a(_muldi3.o)
                              C:\Users\Kang\AppData\Local\Temp\ccIfJ7Sy.o (__muldi3)
c:/mingw/avrgcc/bin/../lib/gcc/avr/8.3.0/avr51\libgcc.a(_muldi3_6.o)
                              c:/mingw/avrgcc/bin/../lib/gcc/avr/8.3.0/avr51\libgcc.a(_muldi3.o) (__muldi3_6)
c:/mingw/avrgcc/bin/../lib/gcc/avr/8.3.0/avr51\libgcc.a(_mulsidi3.o)
                              C:\Users\Kang\AppData\Local\Temp\ccIfJ7Sy.o (__mulsidi3)
c:/mingw/avrgcc/bin/../lib/gcc/avr/8.3.0/avr51\libgcc.a(_umulsidi3.o)
                              c:/mingw/avrgcc/bin/../lib/gcc/avr/8.3.0/avr51\libgcc.a(_mulsidi3.o) (__umulsidi3_helper)
c:/mingw/avrgcc/bin/../lib/gcc/avr/8.3.0/avr51\libgcc.a(_divdi3.o)
                              C:\Users\Kang\AppData\Local\Temp\ccrovKwY.o (__moddi3)
c:/mingw/avrgcc/bin/../lib/gcc/avr/8.3.0/avr51\libgcc.a(_udivdi3.o)
                              C:\Users\Kang\AppData\Local\Temp\ccrovKwY.o (__umoddi3)
c:/mingw/avrgcc/bin/../lib/gcc/avr/8.3.0/avr51\libgcc.a(_udivmod64.o)
                              c:/mingw/avrgcc/bin/../lib/gcc/avr/8.3.0/avr51\libgcc.a(_divdi3.o) (__udivmod64)
c:/mingw/avrgcc/bin/../lib/gcc/avr/8.3.0/avr51\libgcc.a(_negdi2.o)
                              c:/mingw/avrgcc/bin/../lib/gcc/avr/8.3.0/avr51\libgcc.a(_divdi3.o) (__negdi2)
c:/mingw/avrgcc/bin/../lib/gcc/avr/8.3.0/avr51\libgcc.a(_prologue.o)
                              c:/mingw/avrgcc/bin/../lib/gcc/avr/8.3.0/avr51\libgcc.a(_divdi3.o) (__prologue_saves__)
c:/mingw/avrgcc/bin/../lib/gcc/avr/8.3.0/avr51\libgcc.a(_epilogue.o)
                              c:/mingw/avrgcc/bin/../lib/gcc/avr/8.3.0/avr51\libgcc.a(_divdi3.o) (__epilogue_restores__)
c:/mingw/avrgcc/bin/../lib/gcc/avr/8.3.0/avr51\libgcc.a(_ashldi3.o)
                              C:\Users\Kang\AppData\Local\Temp\ccIfJ7Sy.o (__ashldi3)
c:/mingw/avrgcc/bin/../lib/gcc/avr/8.3.0/avr51\libgcc.a(_ashrdi3.o)
                              C:\Users\Kang\AppData\Local\Temp\ccIfJ7Sy.o (__ashrdi3)
c:/mingw/avrgcc/bin/../lib/gcc/avr/8.3.0/avr51\libgcc.a(_adddi3.o)
                              C:\Users\Kang\AppData\Local\Temp\ccrovKwY.o (__adddi3)
c:/mingw/avrgcc/bin/../lib/gcc/avr/8.3.0/avr51\libgcc.a(_subdi3.o)
                              C:\Users\Kang\AppData\Local\Temp\ccrovKwY.o (__subdi3)
c:/mingw/avrgcc/bin/../lib/gcc/avr/8.3.0/avr51\libgcc.a(_cmpdi2_s8.o)
                              C:\Users\Kang\AppData\Local\Temp\ccrovKwY.o (__cmpdi2_s8)
c:/mingw/avrgcc/bin/../lib/gcc/avr/8.3.0/avr51\libgcc.a(_udivmodhi4.o)
                              c:/mingw/avrgcc/bin/../lib/gcc/avr/8.3.0/avr51\libgcc.a(_divmodhi4.o) (__udivmodhi4)
c:/mingw/avrgcc/bin/../lib/gcc/avr/8.3.0/avr51\libgcc.a(_udivmodsi4.o)
                              c:/mingw/avrgcc/bin/../lib/gcc/avr/8.3.0/avr51\libgcc.a(_divmodsi4.o) (__udivmodsi4)
c:/mingw/avrgcc/bin/../lib/gcc/avr/8.3.0/avr51\libgcc.a(_umulhisi3.o)
                              c:/mingw/avrgcc/bin/../lib/gcc/avr/8.3.0/avr51\libgcc.a(_muluhisi3.o) (__umulhisi3)
c:/mingw/avrgcc/bin/../lib/gcc/avr/8.3.0/../../../../avr/lib/avr51\libm.a(addsf3.o)
                              C:\Users\Kang\AppData\Local\Temp\ccIfJ7Sy.o (__addsf3)
c:/mingw/avrgcc/bin/../lib/gcc/avr/8.3.0/../../../../avr/lib/avr51\libm.a(addsf3x.o)
                              c:/mingw/avrgcc/bin/../lib/gcc/avr/8.3.0/../../../../avr/lib/avr51\libm.a(addsf3.o) (__addsf3x)
c:/mingw/avrgcc/bin/../lib/gcc/avr/8.3.0/../../../../avr/lib/avr51\libm.a(divsf3.o)
                              C:\Users\Kang\AppData\Local\Temp\ccIfJ7Sy.o (__divsf3)
c:/mingw/avrgcc/bin/../lib/gcc/avr/8.3.0/../../../../avr/lib/avr51\libm.a(divsf3x.o)
                              c:/mingw/avrgcc/bin/../lib/gcc/avr/8.3.0/../../../../avr/lib/avr51\libm.a(divsf3.o) (__divsf3x)
c:/mingw/avrgcc/bin/../lib/gcc/avr/8.3.0/../../../../avr/lib/avr51\libm.a(fixsfsi.o)
                              C:\Users\Kang\AppData\Local\Temp\ccIfJ7Sy.o (__fixsfsi)
c:/mingw/avrgcc/bin/../lib/gcc/avr/8.3.0/../../../../avr/lib/avr51\libm.a(fixunssfsi.o)
                              c:/mingw/avrgcc/bin/../lib/gcc/avr/8.3.0/../../../../avr/lib/avr51\libm.a(fixsfsi.o) (__fixunssfsi)
c:/mingw/avrgcc/bin/../lib/gcc/avr/8.3.0/../../../../avr/lib/avr51\libm.a(floatsisf.o)
                              C:\Users\Kang\AppData\Local\Temp\ccIfJ7Sy.o (__floatsisf)
c:/mingw/avrgcc/bin/../lib/gcc/avr/8.3.0/../../../../avr/lib/avr51\libm.a(fp_inf.o)
                              c:/mingw/avrgcc/bin/../lib/gcc/avr/8.3.0/../../../../avr/lib/avr51\libm.a(addsf3x.o) (__fp_inf)
c:/mingw/avrgcc/bin/../lib/gcc/avr/8.3.0/../../../../avr/lib/avr51\libm.a(fp_nan.o)
                              c:/mingw/avrgcc/bin/../lib/gcc/avr/8.3.0/../../../../avr/lib/avr51\libm.a(addsf3x.o) (__fp_nan)
c:/mingw/avrgcc/bin/../lib/gcc/avr/8.3.0/../../../../avr/lib/avr51\libm.a(fp_pscA.o)
                              c:/mingw/avrgcc/bin/../lib/gcc/avr/8.3.0/../../../../avr/lib/avr51\libm.a(addsf3x.o) (__fp_pscA)
c:/mingw/avrgcc/bin/../lib/gcc/avr/8.3.0/../../../../avr/lib/avr51\libm.a(fp_pscB.o)
                              c:/mingw/avrgcc/bin/../lib/gcc/avr/8.3.0/../../../../avr/lib/avr51\libm.a(addsf3x.o) (__fp_pscB)
c:/mingw/avrgcc/bin/../lib/gcc/avr/8.3.0/../../../../avr/lib/avr51\libm.a(fp_round.o)
                              c:/mingw/avrgcc/bin/../lib/gcc/avr/8.3.0/../../../../avr/lib/avr51\libm.a(addsf3.o) (__fp_round)
c:/mingw/avrgcc/bin/../lib/gcc/avr/8.3.0/../../../../avr/lib/avr51\libm.a(fp_split3.o)
                              c:/mingw/avrgcc/bin/../lib/gcc/avr/8.3.0/../../../../avr/lib/avr51\libm.a(addsf3x.o) (__fp_split3)
c:/mingw/avrgcc/bin/../lib/gcc/avr/8.3.0/../../../../avr/lib/avr51\libm.a(fp_zero.o)
                              c:/mingw/avrgcc/bin/../lib/gcc/avr/8.3.0/../../../../avr/lib/avr51\libm.a(addsf3x.o) (__fp_zero)
c:/mingw/avrgcc/bin/../lib/gcc/avr/8.3.0/../../../../avr/lib/avr51\libm.a(mulsf3.o)
                              C:\Users\Kang\AppData\Local\Temp\ccIfJ7Sy.o (__mulsf3)
c:/mingw/avrgcc/bin/../lib/gcc/avr/8.3.0/../../../../avr/lib/avr51\libm.a(mulsf3x.o)
                              c:/mingw/avrgcc/bin/../lib/gcc/avr/8.3.0/../../../../avr/lib/avr51\libm.a(mulsf3.o) (__mulsf3x)
c:/mingw/avrgcc/bin/../lib/gcc/avr/8.3.0/../../../../avr/lib/avr51\libc.a(malloc.o)
                              C:\Users\Kang\AppData\Local\Temp\ccgdv6QI.o (malloc)
c:/mingw/avrgcc/bin/../lib/gcc/avr/8.3.0/../../../../avr/lib/avr51\libc.a(memcpy.o)
                              C:\Users\Kang\AppData\Local\Temp\ccgdv6QI.o (memcpy)
c:/mingw/avrgcc/bin/../lib/gcc/avr/8.3.0/../../../../avr/lib/avr51\libc.a(strcpy.o)
                              C:\Users\Kang\AppData\Local\Temp\ccgdv6QI.o (strcpy)

Allocating common symbols
Common symbol       size              file

__brkval            0x2               c:/mingw/avrgcc/bin/../lib/gcc/avr/8.3.0/../../../../avr/lib/avr51\libc.a(malloc.o)
LCDBuffer           0x2               C:\Users\Kang\AppData\Local\Temp\cckF1NHy.o
__flp               0x2               c:/mingw/avrgcc/bin/../lib/gcc/avr/8.3.0/../../../../avr/lib/avr51\libc.a(malloc.o)

Discarded input sections

 .data          0x00000000        0x0 c:/mingw/avrgcc/bin/../lib/gcc/avr/8.3.0/../../../../avr/lib/avr51/crtatmega128.o
 .bss           0x00000000        0x0 c:/mingw/avrgcc/bin/../lib/gcc/avr/8.3.0/../../../../avr/lib/avr51/crtatmega128.o
 .text          0x00000000        0x0 C:\Users\Kang\AppData\Local\Temp\ccW4KPI0.o
 .data          0x00000000        0x0 C:\Users\Kang\AppData\Local\Temp\ccW4KPI0.o
 .bss           0x00000000        0x0 C:\Users\Kang\AppData\Local\Temp\ccW4KPI0.o
 .comment       0x00000000       0x12 C:\Users\Kang\AppData\Local\Temp\ccW4KPI0.o
 .text          0x00000000        0x0 C:\Users\Kang\AppData\Local\Temp\ccSWqGPt.o
 .data          0x00000000        0x0 C:\Users\Kang\AppData\Local\Temp\ccSWqGPt.o
 .bss           0x00000000        0x0 C:\Users\Kang\AppData\Local\Temp\ccSWqGPt.o
 .text.outputmsg_uart0
                0x00000000       0x22 C:\Users\Kang\AppData\Local\Temp\ccSWqGPt.o
 .comment       0x00000000       0x12 C:\Users\Kang\AppData\Local\Temp\ccSWqGPt.o
 .text          0x00000000        0x0 C:\Users\Kang\AppData\Local\Temp\cceipqU0.o
 .data          0x00000000        0x0 C:\Users\Kang\AppData\Local\Temp\cceipqU0.o
 .bss           0x00000000        0x0 C:\Users\Kang\AppData\Local\Temp\cceipqU0.o
 .text          0x00000000        0x0 C:\Users\Kang\AppData\Local\Temp\ccgdv6QI.o
 .data          0x00000000        0x0 C:\Users\Kang\AppData\Local\Temp\ccgdv6QI.o
 .bss           0x00000000        0x0 C:\Users\Kang\AppData\Local\Temp\ccgdv6QI.o
 .text.TArray_AddLast
                0x00000000       0xe8 C:\Users\Kang\AppData\Local\Temp\ccgdv6QI.o
 .text.FString_Initialize
                0x00000000       0x6c C:\Users\Kang\AppData\Local\Temp\ccgdv6QI.o
 .text.TArray_RemoveElement
                0x00000000       0x84 C:\Users\Kang\AppData\Local\Temp\ccgdv6QI.o
 .text.TList_Dispose
                0x00000000       0x9a C:\Users\Kang\AppData\Local\Temp\ccgdv6QI.o
 .text.TListNode_New
                0x00000000       0x88 C:\Users\Kang\AppData\Local\Temp\ccgdv6QI.o
 .text.TListNode_Delete
                0x00000000       0x5c C:\Users\Kang\AppData\Local\Temp\ccgdv6QI.o
 .text.TList_PushFront
                0x00000000       0xc2 C:\Users\Kang\AppData\Local\Temp\ccgdv6QI.o
 .text.TList_PushBack
                0x00000000       0xc2 C:\Users\Kang\AppData\Local\Temp\ccgdv6QI.o
 .text.TList_PopFront
                0x00000000       0x82 C:\Users\Kang\AppData\Local\Temp\ccgdv6QI.o
 .text.TList_PopBack
                0x00000000       0x82 C:\Users\Kang\AppData\Local\Temp\ccgdv6QI.o
 .text.TListNode_Remove
                0x00000000       0x7a C:\Users\Kang\AppData\Local\Temp\ccgdv6QI.o
 .text          0x00000000        0x0 C:\Users\Kang\AppData\Local\Temp\cckF1NHy.o
 .data          0x00000000        0x0 C:\Users\Kang\AppData\Local\Temp\cckF1NHy.o
 .bss           0x00000000        0x0 C:\Users\Kang\AppData\Local\Temp\cckF1NHy.o
 .text.Malloc   0x00000000       0x2e C:\Users\Kang\AppData\Local\Temp\cckF1NHy.o
 .text          0x00000000        0x0 C:\Users\Kang\AppData\Local\Temp\ccIfJ7Sy.o
 .data          0x00000000        0x0 C:\Users\Kang\AppData\Local\Temp\ccIfJ7Sy.o
 .bss           0x00000000        0x0 C:\Users\Kang\AppData\Local\Temp\ccIfJ7Sy.o
 .text.CalculateAngleIfVIsible
                0x00000000      0x38e C:\Users\Kang\AppData\Local\Temp\ccIfJ7Sy.o
 .text.FRect16_IsOverlap
                0x00000000       0x82 C:\Users\Kang\AppData\Local\Temp\ccIfJ7Sy.o
 .text          0x00000000        0x0 C:\Users\Kang\AppData\Local\Temp\cc4SMR4A.o
 .data          0x00000000        0x0 C:\Users\Kang\AppData\Local\Temp\cc4SMR4A.o
 .bss           0x00000000        0x0 C:\Users\Kang\AppData\Local\Temp\cc4SMR4A.o
 .text          0x00000000        0x0 C:\Users\Kang\AppData\Local\Temp\ccKkrcBK.o
 .data          0x00000000        0x0 C:\Users\Kang\AppData\Local\Temp\ccKkrcBK.o
 .bss           0x00000000        0x0 C:\Users\Kang\AppData\Local\Temp\ccKkrcBK.o
 .text.DetectEdge
                0x00000000       0x16 C:\Users\Kang\AppData\Local\Temp\ccKkrcBK.o
 .text.WaitInput
                0x00000000       0x28 C:\Users\Kang\AppData\Local\Temp\ccKkrcBK.o
 .text.InitializeDevice
                0x00000000        0x8 C:\Users\Kang\AppData\Local\Temp\ccKkrcBK.o
 .text          0x00000000        0x0 C:\Users\Kang\AppData\Local\Temp\ccrovKwY.o
 .data          0x00000000        0x0 C:\Users\Kang\AppData\Local\Temp\ccrovKwY.o
 .bss           0x00000000        0x0 C:\Users\Kang\AppData\Local\Temp\ccrovKwY.o
 .text.fixedpt_atan
                0x00000000      0x190 C:\Users\Kang\AppData\Local\Temp\ccrovKwY.o
 .text.fixedpt_asin
                0x00000000      0x12a C:\Users\Kang\AppData\Local\Temp\ccrovKwY.o
 .text.fixedpt_ln
                0x00000000      0x396 C:\Users\Kang\AppData\Local\Temp\ccrovKwY.o
 .text.fixedpt_exp
                0x00000000      0x290 C:\Users\Kang\AppData\Local\Temp\ccrovKwY.o
 .text.fixedpt_str
                0x00000000      0x44e C:\Users\Kang\AppData\Local\Temp\ccrovKwY.o
 .text          0x00000000        0x0 C:\Users\Kang\AppData\Local\Temp\cc0psEFg.o
 .data          0x00000000        0x0 C:\Users\Kang\AppData\Local\Temp\cc0psEFg.o
 .bss           0x00000000        0x0 C:\Users\Kang\AppData\Local\Temp\cc0psEFg.o
 .comment       0x00000000       0x12 C:\Users\Kang\AppData\Local\Temp\cc0psEFg.o
 .text          0x00000000        0x0 C:\Users\Kang\AppData\Local\Temp\ccft1wzz.o
 .data          0x00000000        0x0 C:\Users\Kang\AppData\Local\Temp\ccft1wzz.o
 .bss           0x00000000        0x0 C:\Users\Kang\AppData\Local\Temp\ccft1wzz.o
 .text.UnloadCurrentTrackInformation
                0x00000000        0x2 C:\Users\Kang\AppData\Local\Temp\ccft1wzz.o
 .comment       0x00000000       0x12 C:\Users\Kang\AppData\Local\Temp\ccft1wzz.o
 .text          0x00000000        0x0 C:\Users\Kang\AppData\Local\Temp\ccQx7K8Y.o
 .data          0x00000000        0x0 C:\Users\Kang\AppData\Local\Temp\ccQx7K8Y.o
 .bss           0x00000000        0x0 C:\Users\Kang\AppData\Local\Temp\ccQx7K8Y.o
 .comment       0x00000000       0x12 C:\Users\Kang\AppData\Local\Temp\ccQx7K8Y.o
 .text          0x00000000        0x0 c:/mingw/avrgcc/bin/../lib/gcc/avr/8.3.0/avr51\libgcc.a(_mulsi3.o)
 .data          0x00000000        0x0 c:/mingw/avrgcc/bin/../lib/gcc/avr/8.3.0/avr51\libgcc.a(_mulsi3.o)
 .bss           0x00000000        0x0 c:/mingw/avrgcc/bin/../lib/gcc/avr/8.3.0/avr51\libgcc.a(_mulsi3.o)
 .text.libgcc.div
                0x00000000        0x0 c:/mingw/avrgcc/bin/../lib/gcc/avr/8.3.0/avr51\libgcc.a(_mulsi3.o)
 .text.libgcc   0x00000000        0x0 c:/mingw/avrgcc/bin/../lib/gcc/avr/8.3.0/avr51\libgcc.a(_mulsi3.o)
 .text.libgcc.prologue
                0x00000000        0x0 c:/mingw/avrgcc/bin/../lib/gcc/avr/8.3.0/avr51\libgcc.a(_mulsi3.o)
 .text.libgcc.builtins
                0x00000000        0x0 c:/mingw/avrgcc/bin/../lib/gcc/avr/8.3.0/avr51\libgcc.a(_mulsi3.o)
 .text.libgcc.fmul
                0x00000000        0x0 c:/mingw/avrgcc/bin/../lib/gcc/avr/8.3.0/avr51\libgcc.a(_mulsi3.o)
 .text.libgcc.fixed
                0x00000000        0x0 c:/mingw/avrgcc/bin/../lib/gcc/avr/8.3.0/avr51\libgcc.a(_mulsi3.o)
 .text          0x00000000        0x0 c:/mingw/avrgcc/bin/../lib/gcc/avr/8.3.0/avr51\libgcc.a(_divmodhi4.o)
 .data          0x00000000        0x0 c:/mingw/avrgcc/bin/../lib/gcc/avr/8.3.0/avr51\libgcc.a(_divmodhi4.o)
 .bss           0x00000000        0x0 c:/mingw/avrgcc/bin/../lib/gcc/avr/8.3.0/avr51\libgcc.a(_divmodhi4.o)
 .text.libgcc.mul
                0x00000000        0x0 c:/mingw/avrgcc/bin/../lib/gcc/avr/8.3.0/avr51\libgcc.a(_divmodhi4.o)
 .text.libgcc   0x00000000        0x0 c:/mingw/avrgcc/bin/../lib/gcc/avr/8.3.0/avr51\libgcc.a(_divmodhi4.o)
 .text.libgcc.prologue
                0x00000000        0x0 c:/mingw/avrgcc/bin/../lib/gcc/avr/8.3.0/avr51\libgcc.a(_divmodhi4.o)
 .text.libgcc.builtins
                0x00000000        0x0 c:/mingw/avrgcc/bin/../lib/gcc/avr/8.3.0/avr51\libgcc.a(_divmodhi4.o)
 .text.libgcc.fmul
                0x00000000        0x0 c:/mingw/avrgcc/bin/../lib/gcc/avr/8.3.0/avr51\libgcc.a(_divmodhi4.o)
 .text.libgcc.fixed
                0x00000000        0x0 c:/mingw/avrgcc/bin/../lib/gcc/avr/8.3.0/avr51\libgcc.a(_divmodhi4.o)
 .text          0x00000000        0x0 c:/mingw/avrgcc/bin/../lib/gcc/avr/8.3.0/avr51\libgcc.a(_divmodsi4.o)
 .data          0x00000000        0x0 c:/mingw/avrgcc/bin/../lib/gcc/avr/8.3.0/avr51\libgcc.a(_divmodsi4.o)
 .bss           0x00000000        0x0 c:/mingw/avrgcc/bin/../lib/gcc/avr/8.3.0/avr51\libgcc.a(_divmodsi4.o)
 .text.libgcc.mul
                0x00000000        0x0 c:/mingw/avrgcc/bin/../lib/gcc/avr/8.3.0/avr51\libgcc.a(_divmodsi4.o)
 .text.libgcc   0x00000000        0x0 c:/mingw/avrgcc/bin/../lib/gcc/avr/8.3.0/avr51\libgcc.a(_divmodsi4.o)
 .text.libgcc.prologue
                0x00000000        0x0 c:/mingw/avrgcc/bin/../lib/gcc/avr/8.3.0/avr51\libgcc.a(_divmodsi4.o)
 .text.libgcc.builtins
                0x00000000        0x0 c:/mingw/avrgcc/bin/../lib/gcc/avr/8.3.0/avr51\libgcc.a(_divmodsi4.o)
 .text.libgcc.fmul
                0x00000000        0x0 c:/mingw/avrgcc/bin/../lib/gcc/avr/8.3.0/avr51\libgcc.a(_divmodsi4.o)
 .text.libgcc.fixed
                0x00000000        0x0 c:/mingw/avrgcc/bin/../lib/gcc/avr/8.3.0/avr51\libgcc.a(_divmodsi4.o)
 .text          0x00000000        0x0 c:/mingw/avrgcc/bin/../lib/gcc/avr/8.3.0/avr51\libgcc.a(_negsi2.o)
 .data          0x00000000        0x0 c:/mingw/avrgcc/bin/../lib/gcc/avr/8.3.0/avr51\libgcc.a(_negsi2.o)
 .bss           0x00000000        0x0 c:/mingw/avrgcc/bin/../lib/gcc/avr/8.3.0/avr51\libgcc.a(_negsi2.o)
 .text.libgcc.mul
                0x00000000        0x0 c:/mingw/avrgcc/bin/../lib/gcc/avr/8.3.0/avr51\libgcc.a(_negsi2.o)
 .text.libgcc   0x00000000        0x0 c:/mingw/avrgcc/bin/../lib/gcc/avr/8.3.0/avr51\libgcc.a(_negsi2.o)
 .text.libgcc.prologue
                0x00000000        0x0 c:/mingw/avrgcc/bin/../lib/gcc/avr/8.3.0/avr51\libgcc.a(_negsi2.o)
 .text.libgcc.builtins
                0x00000000        0x0 c:/mingw/avrgcc/bin/../lib/gcc/avr/8.3.0/avr51\libgcc.a(_negsi2.o)
 .text.libgcc.fmul
                0x00000000        0x0 c:/mingw/avrgcc/bin/../lib/gcc/avr/8.3.0/avr51\libgcc.a(_negsi2.o)
 .text.libgcc.fixed
                0x00000000        0x0 c:/mingw/avrgcc/bin/../lib/gcc/avr/8.3.0/avr51\libgcc.a(_negsi2.o)
 .text          0x00000000        0x0 c:/mingw/avrgcc/bin/../lib/gcc/avr/8.3.0/avr51\libgcc.a(_exit.o)
 .data          0x00000000        0x0 c:/mingw/avrgcc/bin/../lib/gcc/avr/8.3.0/avr51\libgcc.a(_exit.o)
 .bss           0x00000000        0x0 c:/mingw/avrgcc/bin/../lib/gcc/avr/8.3.0/avr51\libgcc.a(_exit.o)
 .text.libgcc.mul
                0x00000000        0x0 c:/mingw/avrgcc/bin/../lib/gcc/avr/8.3.0/avr51\libgcc.a(_exit.o)
 .text.libgcc.div
                0x00000000        0x0 c:/mingw/avrgcc/bin/../lib/gcc/avr/8.3.0/avr51\libgcc.a(_exit.o)
 .text.libgcc   0x00000000        0x0 c:/mingw/avrgcc/bin/../lib/gcc/avr/8.3.0/avr51\libgcc.a(_exit.o)
 .text.libgcc.prologue
                0x00000000        0x0 c:/mingw/avrgcc/bin/../lib/gcc/avr/8.3.0/avr51\libgcc.a(_exit.o)
 .text.libgcc.builtins
                0x00000000        0x0 c:/mingw/avrgcc/bin/../lib/gcc/avr/8.3.0/avr51\libgcc.a(_exit.o)
 .text.libgcc.fmul
                0x00000000        0x0 c:/mingw/avrgcc/bin/../lib/gcc/avr/8.3.0/avr51\libgcc.a(_exit.o)
 .text.libgcc.fixed
                0x00000000        0x0 c:/mingw/avrgcc/bin/../lib/gcc/avr/8.3.0/avr51\libgcc.a(_exit.o)
 .text          0x00000000        0x0 c:/mingw/avrgcc/bin/../lib/gcc/avr/8.3.0/avr51\libgcc.a(_copy_data.o)
 .data          0x00000000        0x0 c:/mingw/avrgcc/bin/../lib/gcc/avr/8.3.0/avr51\libgcc.a(_copy_data.o)
 .bss           0x00000000        0x0 c:/mingw/avrgcc/bin/../lib/gcc/avr/8.3.0/avr51\libgcc.a(_copy_data.o)
 .text.libgcc.mul
                0x00000000        0x0 c:/mingw/avrgcc/bin/../lib/gcc/avr/8.3.0/avr51\libgcc.a(_copy_data.o)
 .text.libgcc.div
                0x00000000        0x0 c:/mingw/avrgcc/bin/../lib/gcc/avr/8.3.0/avr51\libgcc.a(_copy_data.o)
 .text.libgcc   0x00000000        0x0 c:/mingw/avrgcc/bin/../lib/gcc/avr/8.3.0/avr51\libgcc.a(_copy_data.o)
 .text.libgcc.prologue
                0x00000000        0x0 c:/mingw/avrgcc/bin/../lib/gcc/avr/8.3.0/avr51\libgcc.a(_copy_data.o)
 .text.libgcc.builtins
                0x00000000        0x0 c:/mingw/avrgcc/bin/../lib/gcc/avr/8.3.0/avr51\libgcc.a(_copy_data.o)
 .text.libgcc.fmul
                0x00000000        0x0 c:/mingw/avrgcc/bin/../lib/gcc/avr/8.3.0/avr51\libgcc.a(_copy_data.o)
 .text.libgcc.fixed
                0x00000000        0x0 c:/mingw/avrgcc/bin/../lib/gcc/avr/8.3.0/avr51\libgcc.a(_copy_data.o)
 .text          0x00000000        0x0 c:/mingw/avrgcc/bin/../lib/gcc/avr/8.3.0/avr51\libgcc.a(_clear_bss.o)
 .data          0x00000000        0x0 c:/mingw/avrgcc/bin/../lib/gcc/avr/8.3.0/avr51\libgcc.a(_clear_bss.o)
 .bss           0x00000000        0x0 c:/mingw/avrgcc/bin/../lib/gcc/avr/8.3.0/avr51\libgcc.a(_clear_bss.o)
 .text.libgcc.mul
                0x00000000        0x0 c:/mingw/avrgcc/bin/../lib/gcc/avr/8.3.0/avr51\libgcc.a(_clear_bss.o)
 .text.libgcc.div
                0x00000000        0x0 c:/mingw/avrgcc/bin/../lib/gcc/avr/8.3.0/avr51\libgcc.a(_clear_bss.o)
 .text.libgcc   0x00000000        0x0 c:/mingw/avrgcc/bin/../lib/gcc/avr/8.3.0/avr51\libgcc.a(_clear_bss.o)
 .text.libgcc.prologue
                0x00000000        0x0 c:/mingw/avrgcc/bin/../lib/gcc/avr/8.3.0/avr51\libgcc.a(_clear_bss.o)
 .text.libgcc.builtins
                0x00000000        0x0 c:/mingw/avrgcc/bin/../lib/gcc/avr/8.3.0/avr51\libgcc.a(_clear_bss.o)
 .text.libgcc.fmul
                0x00000000        0x0 c:/mingw/avrgcc/bin/../lib/gcc/avr/8.3.0/avr51\libgcc.a(_clear_bss.o)
 .text.libgcc.fixed
                0x00000000        0x0 c:/mingw/avrgcc/bin/../lib/gcc/avr/8.3.0/avr51\libgcc.a(_clear_bss.o)
 .text          0x00000000        0x0 c:/mingw/avrgcc/bin/../lib/gcc/avr/8.3.0/avr51\libgcc.a(_muluhisi3.o)
 .data          0x00000000        0x0 c:/mingw/avrgcc/bin/../lib/gcc/avr/8.3.0/avr51\libgcc.a(_muluhisi3.o)
 .bss           0x00000000        0x0 c:/mingw/avrgcc/bin/../lib/gcc/avr/8.3.0/avr51\libgcc.a(_muluhisi3.o)
 .text.libgcc.div
                0x00000000        0x0 c:/mingw/avrgcc/bin/../lib/gcc/avr/8.3.0/avr51\libgcc.a(_muluhisi3.o)
 .text.libgcc   0x00000000        0x0 c:/mingw/avrgcc/bin/../lib/gcc/avr/8.3.0/avr51\libgcc.a(_muluhisi3.o)
 .text.libgcc.prologue
                0x00000000        0x0 c:/mingw/avrgcc/bin/../lib/gcc/avr/8.3.0/avr51\libgcc.a(_muluhisi3.o)
 .text.libgcc.builtins
                0x00000000        0x0 c:/mingw/avrgcc/bin/../lib/gcc/avr/8.3.0/avr51\libgcc.a(_muluhisi3.o)
 .text.libgcc.fmul
                0x00000000        0x0 c:/mingw/avrgcc/bin/../lib/gcc/avr/8.3.0/avr51\libgcc.a(_muluhisi3.o)
 .text.libgcc.fixed
                0x00000000        0x0 c:/mingw/avrgcc/bin/../lib/gcc/avr/8.3.0/avr51\libgcc.a(_muluhisi3.o)
 .text          0x00000000        0x0 c:/mingw/avrgcc/bin/../lib/gcc/avr/8.3.0/avr51\libgcc.a(_muldi3.o)
 .data          0x00000000        0x0 c:/mingw/avrgcc/bin/../lib/gcc/avr/8.3.0/avr51\libgcc.a(_muldi3.o)
 .bss           0x00000000        0x0 c:/mingw/avrgcc/bin/../lib/gcc/avr/8.3.0/avr51\libgcc.a(_muldi3.o)
 .text.libgcc.div
                0x00000000        0x0 c:/mingw/avrgcc/bin/../lib/gcc/avr/8.3.0/avr51\libgcc.a(_muldi3.o)
 .text.libgcc   0x00000000        0x0 c:/mingw/avrgcc/bin/../lib/gcc/avr/8.3.0/avr51\libgcc.a(_muldi3.o)
 .text.libgcc.prologue
                0x00000000        0x0 c:/mingw/avrgcc/bin/../lib/gcc/avr/8.3.0/avr51\libgcc.a(_muldi3.o)
 .text.libgcc.builtins
                0x00000000        0x0 c:/mingw/avrgcc/bin/../lib/gcc/avr/8.3.0/avr51\libgcc.a(_muldi3.o)
 .text.libgcc.fmul
                0x00000000        0x0 c:/mingw/avrgcc/bin/../lib/gcc/avr/8.3.0/avr51\libgcc.a(_muldi3.o)
 .text.libgcc.fixed
                0x00000000        0x0 c:/mingw/avrgcc/bin/../lib/gcc/avr/8.3.0/avr51\libgcc.a(_muldi3.o)
 .text          0x00000000        0x0 c:/mingw/avrgcc/bin/../lib/gcc/avr/8.3.0/avr51\libgcc.a(_muldi3_6.o)
 .data          0x00000000        0x0 c:/mingw/avrgcc/bin/../lib/gcc/avr/8.3.0/avr51\libgcc.a(_muldi3_6.o)
 .bss           0x00000000        0x0 c:/mingw/avrgcc/bin/../lib/gcc/avr/8.3.0/avr51\libgcc.a(_muldi3_6.o)
 .text.libgcc.div
                0x00000000        0x0 c:/mingw/avrgcc/bin/../lib/gcc/avr/8.3.0/avr51\libgcc.a(_muldi3_6.o)
 .text.libgcc   0x00000000        0x0 c:/mingw/avrgcc/bin/../lib/gcc/avr/8.3.0/avr51\libgcc.a(_muldi3_6.o)
 .text.libgcc.prologue
                0x00000000        0x0 c:/mingw/avrgcc/bin/../lib/gcc/avr/8.3.0/avr51\libgcc.a(_muldi3_6.o)
 .text.libgcc.builtins
                0x00000000        0x0 c:/mingw/avrgcc/bin/../lib/gcc/avr/8.3.0/avr51\libgcc.a(_muldi3_6.o)
 .text.libgcc.fmul
                0x00000000        0x0 c:/mingw/avrgcc/bin/../lib/gcc/avr/8.3.0/avr51\libgcc.a(_muldi3_6.o)
 .text.libgcc.fixed
                0x00000000        0x0 c:/mingw/avrgcc/bin/../lib/gcc/avr/8.3.0/avr51\libgcc.a(_muldi3_6.o)
 .text          0x00000000        0x0 c:/mingw/avrgcc/bin/../lib/gcc/avr/8.3.0/avr51\libgcc.a(_mulsidi3.o)
 .data          0x00000000        0x0 c:/mingw/avrgcc/bin/../lib/gcc/avr/8.3.0/avr51\libgcc.a(_mulsidi3.o)
 .bss           0x00000000        0x0 c:/mingw/avrgcc/bin/../lib/gcc/avr/8.3.0/avr51\libgcc.a(_mulsidi3.o)
 .text.libgcc.div
                0x00000000        0x0 c:/mingw/avrgcc/bin/../lib/gcc/avr/8.3.0/avr51\libgcc.a(_mulsidi3.o)
 .text.libgcc   0x00000000        0x0 c:/mingw/avrgcc/bin/../lib/gcc/avr/8.3.0/avr51\libgcc.a(_mulsidi3.o)
 .text.libgcc.prologue
                0x00000000        0x0 c:/mingw/avrgcc/bin/../lib/gcc/avr/8.3.0/avr51\libgcc.a(_mulsidi3.o)
 .text.libgcc.builtins
                0x00000000        0x0 c:/mingw/avrgcc/bin/../lib/gcc/avr/8.3.0/avr51\libgcc.a(_mulsidi3.o)
 .text.libgcc.fmul
                0x00000000        0x0 c:/mingw/avrgcc/bin/../lib/gcc/avr/8.3.0/avr51\libgcc.a(_mulsidi3.o)
 .text.libgcc.fixed
                0x00000000        0x0 c:/mingw/avrgcc/bin/../lib/gcc/avr/8.3.0/avr51\libgcc.a(_mulsidi3.o)
 .text          0x00000000        0x0 c:/mingw/avrgcc/bin/../lib/gcc/avr/8.3.0/avr51\libgcc.a(_umulsidi3.o)
 .data          0x00000000        0x0 c:/mingw/avrgcc/bin/../lib/gcc/avr/8.3.0/avr51\libgcc.a(_umulsidi3.o)
 .bss           0x00000000        0x0 c:/mingw/avrgcc/bin/../lib/gcc/avr/8.3.0/avr51\libgcc.a(_umulsidi3.o)
 .text.libgcc.div
                0x00000000        0x0 c:/mingw/avrgcc/bin/../lib/gcc/avr/8.3.0/avr51\libgcc.a(_umulsidi3.o)
 .text.libgcc   0x00000000        0x0 c:/mingw/avrgcc/bin/../lib/gcc/avr/8.3.0/avr51\libgcc.a(_umulsidi3.o)
 .text.libgcc.prologue
                0x00000000        0x0 c:/mingw/avrgcc/bin/../lib/gcc/avr/8.3.0/avr51\libgcc.a(_umulsidi3.o)
 .text.libgcc.builtins
                0x00000000        0x0 c:/mingw/avrgcc/bin/../lib/gcc/avr/8.3.0/avr51\libgcc.a(_umulsidi3.o)
 .text.libgcc.fmul
                0x00000000        0x0 c:/mingw/avrgcc/bin/../lib/gcc/avr/8.3.0/avr51\libgcc.a(_umulsidi3.o)
 .text.libgcc.fixed
                0x00000000        0x0 c:/mingw/avrgcc/bin/../lib/gcc/avr/8.3.0/avr51\libgcc.a(_umulsidi3.o)
 .text          0x00000000        0x0 c:/mingw/avrgcc/bin/../lib/gcc/avr/8.3.0/avr51\libgcc.a(_divdi3.o)
 .data          0x00000000        0x0 c:/mingw/avrgcc/bin/../lib/gcc/avr/8.3.0/avr51\libgcc.a(_divdi3.o)
 .bss           0x00000000        0x0 c:/mingw/avrgcc/bin/../lib/gcc/avr/8.3.0/avr51\libgcc.a(_divdi3.o)
 .text.libgcc.mul
                0x00000000        0x0 c:/mingw/avrgcc/bin/../lib/gcc/avr/8.3.0/avr51\libgcc.a(_divdi3.o)
 .text.libgcc   0x00000000        0x0 c:/mingw/avrgcc/bin/../lib/gcc/avr/8.3.0/avr51\libgcc.a(_divdi3.o)
 .text.libgcc.prologue
                0x00000000        0x0 c:/mingw/avrgcc/bin/../lib/gcc/avr/8.3.0/avr51\libgcc.a(_divdi3.o)
 .text.libgcc.builtins
                0x00000000        0x0 c:/mingw/avrgcc/bin/../lib/gcc/avr/8.3.0/avr51\libgcc.a(_divdi3.o)
 .text.libgcc.fmul
                0x00000000        0x0 c:/mingw/avrgcc/bin/../lib/gcc/avr/8.3.0/avr51\libgcc.a(_divdi3.o)
 .text.libgcc.fixed
                0x00000000        0x0 c:/mingw/avrgcc/bin/../lib/gcc/avr/8.3.0/avr51\libgcc.a(_divdi3.o)
 .text          0x00000000        0x0 c:/mingw/avrgcc/bin/../lib/gcc/avr/8.3.0/avr51\libgcc.a(_udivdi3.o)
 .data          0x00000000        0x0 c:/mingw/avrgcc/bin/../lib/gcc/avr/8.3.0/avr51\libgcc.a(_udivdi3.o)
 .bss           0x00000000        0x0 c:/mingw/avrgcc/bin/../lib/gcc/avr/8.3.0/avr51\libgcc.a(_udivdi3.o)
 .text.libgcc.mul
                0x00000000        0x0 c:/mingw/avrgcc/bin/../lib/gcc/avr/8.3.0/avr51\libgcc.a(_udivdi3.o)
 .text.libgcc   0x00000000        0x0 c:/mingw/avrgcc/bin/../lib/gcc/avr/8.3.0/avr51\libgcc.a(_udivdi3.o)
 .text.libgcc.prologue
                0x00000000        0x0 c:/mingw/avrgcc/bin/../lib/gcc/avr/8.3.0/avr51\libgcc.a(_udivdi3.o)
 .text.libgcc.builtins
                0x00000000        0x0 c:/mingw/avrgcc/bin/../lib/gcc/avr/8.3.0/avr51\libgcc.a(_udivdi3.o)
 .text.libgcc.fmul
                0x00000000        0x0 c:/mingw/avrgcc/bin/../lib/gcc/avr/8.3.0/avr51\libgcc.a(_udivdi3.o)
 .text.libgcc.fixed
                0x00000000        0x0 c:/mingw/avrgcc/bin/../lib/gcc/avr/8.3.0/avr51\libgcc.a(_udivdi3.o)
 .text          0x00000000        0x0 c:/mingw/avrgcc/bin/../lib/gcc/avr/8.3.0/avr51\libgcc.a(_udivmod64.o)
 .data          0x00000000        0x0 c:/mingw/avrgcc/bin/../lib/gcc/avr/8.3.0/avr51\libgcc.a(_udivmod64.o)
 .bss           0x00000000        0x0 c:/mingw/avrgcc/bin/../lib/gcc/avr/8.3.0/avr51\libgcc.a(_udivmod64.o)
 .text.libgcc.mul
                0x00000000        0x0 c:/mingw/avrgcc/bin/../lib/gcc/avr/8.3.0/avr51\libgcc.a(_udivmod64.o)
 .text.libgcc   0x00000000        0x0 c:/mingw/avrgcc/bin/../lib/gcc/avr/8.3.0/avr51\libgcc.a(_udivmod64.o)
 .text.libgcc.prologue
                0x00000000        0x0 c:/mingw/avrgcc/bin/../lib/gcc/avr/8.3.0/avr51\libgcc.a(_udivmod64.o)
 .text.libgcc.builtins
                0x00000000        0x0 c:/mingw/avrgcc/bin/../lib/gcc/avr/8.3.0/avr51\libgcc.a(_udivmod64.o)
 .text.libgcc.fmul
                0x00000000        0x0 c:/mingw/avrgcc/bin/../lib/gcc/avr/8.3.0/avr51\libgcc.a(_udivmod64.o)
 .text.libgcc.fixed
                0x00000000        0x0 c:/mingw/avrgcc/bin/../lib/gcc/avr/8.3.0/avr51\libgcc.a(_udivmod64.o)
 .text          0x00000000        0x0 c:/mingw/avrgcc/bin/../lib/gcc/avr/8.3.0/avr51\libgcc.a(_negdi2.o)
 .data          0x00000000        0x0 c:/mingw/avrgcc/bin/../lib/gcc/avr/8.3.0/avr51\libgcc.a(_negdi2.o)
 .bss           0x00000000        0x0 c:/mingw/avrgcc/bin/../lib/gcc/avr/8.3.0/avr51\libgcc.a(_negdi2.o)
 .text.libgcc.mul
                0x00000000        0x0 c:/mingw/avrgcc/bin/../lib/gcc/avr/8.3.0/avr51\libgcc.a(_negdi2.o)
 .text.libgcc.div
                0x00000000        0x0 c:/mingw/avrgcc/bin/../lib/gcc/avr/8.3.0/avr51\libgcc.a(_negdi2.o)
 .text.libgcc.prologue
                0x00000000        0x0 c:/mingw/avrgcc/bin/../lib/gcc/avr/8.3.0/avr51\libgcc.a(_negdi2.o)
 .text.libgcc.builtins
                0x00000000        0x0 c:/mingw/avrgcc/bin/../lib/gcc/avr/8.3.0/avr51\libgcc.a(_negdi2.o)
 .text.libgcc.fmul
                0x00000000        0x0 c:/mingw/avrgcc/bin/../lib/gcc/avr/8.3.0/avr51\libgcc.a(_negdi2.o)
 .text.libgcc.fixed
                0x00000000        0x0 c:/mingw/avrgcc/bin/../lib/gcc/avr/8.3.0/avr51\libgcc.a(_negdi2.o)
 .text          0x00000000        0x0 c:/mingw/avrgcc/bin/../lib/gcc/avr/8.3.0/avr51\libgcc.a(_prologue.o)
 .data          0x00000000        0x0 c:/mingw/avrgcc/bin/../lib/gcc/avr/8.3.0/avr51\libgcc.a(_prologue.o)
 .bss           0x00000000        0x0 c:/mingw/avrgcc/bin/../lib/gcc/avr/8.3.0/avr51\libgcc.a(_prologue.o)
 .text.libgcc.mul
                0x00000000        0x0 c:/mingw/avrgcc/bin/../lib/gcc/avr/8.3.0/avr51\libgcc.a(_prologue.o)
 .text.libgcc.div
                0x00000000        0x0 c:/mingw/avrgcc/bin/../lib/gcc/avr/8.3.0/avr51\libgcc.a(_prologue.o)
 .text.libgcc   0x00000000        0x0 c:/mingw/avrgcc/bin/../lib/gcc/avr/8.3.0/avr51\libgcc.a(_prologue.o)
 .text.libgcc.builtins
                0x00000000        0x0 c:/mingw/avrgcc/bin/../lib/gcc/avr/8.3.0/avr51\libgcc.a(_prologue.o)
 .text.libgcc.fmul
                0x00000000        0x0 c:/mingw/avrgcc/bin/../lib/gcc/avr/8.3.0/avr51\libgcc.a(_prologue.o)
 .text.libgcc.fixed
                0x00000000        0x0 c:/mingw/avrgcc/bin/../lib/gcc/avr/8.3.0/avr51\libgcc.a(_prologue.o)
 .text          0x00000000        0x0 c:/mingw/avrgcc/bin/../lib/gcc/avr/8.3.0/avr51\libgcc.a(_epilogue.o)
 .data          0x00000000        0x0 c:/mingw/avrgcc/bin/../lib/gcc/avr/8.3.0/avr51\libgcc.a(_epilogue.o)
 .bss           0x00000000        0x0 c:/mingw/avrgcc/bin/../lib/gcc/avr/8.3.0/avr51\libgcc.a(_epilogue.o)
 .text.libgcc.mul
                0x00000000        0x0 c:/mingw/avrgcc/bin/../lib/gcc/avr/8.3.0/avr51\libgcc.a(_epilogue.o)
 .text.libgcc.div
                0x00000000        0x0 c:/mingw/avrgcc/bin/../lib/gcc/avr/8.3.0/avr51\libgcc.a(_epilogue.o)
 .text.libgcc   0x00000000        0x0 c:/mingw/avrgcc/bin/../lib/gcc/avr/8.3.0/avr51\libgcc.a(_epilogue.o)
 .text.libgcc.builtins
                0x00000000        0x0 c:/mingw/avrgcc/bin/../lib/gcc/avr/8.3.0/avr51\libgcc.a(_epilogue.o)
 .text.libgcc.fmul
                0x00000000        0x0 c:/mingw/avrgcc/bin/../lib/gcc/avr/8.3.0/avr51\libgcc.a(_epilogue.o)
 .text.libgcc.fixed
                0x00000000        0x0 c:/mingw/avrgcc/bin/../lib/gcc/avr/8.3.0/avr51\libgcc.a(_epilogue.o)
 .text          0x00000000        0x0 c:/mingw/avrgcc/bin/../lib/gcc/avr/8.3.0/avr51\libgcc.a(_ashldi3.o)
 .data          0x00000000        0x0 c:/mingw/avrgcc/bin/../lib/gcc/avr/8.3.0/avr51\libgcc.a(_ashldi3.o)
 .bss           0x00000000        0x0 c:/mingw/avrgcc/bin/../lib/gcc/avr/8.3.0/avr51\libgcc.a(_ashldi3.o)
 .text.libgcc.mul
                0x00000000        0x0 c:/mingw/avrgcc/bin/../lib/gcc/avr/8.3.0/avr51\libgcc.a(_ashldi3.o)
 .text.libgcc.div
                0x00000000        0x0 c:/mingw/avrgcc/bin/../lib/gcc/avr/8.3.0/avr51\libgcc.a(_ashldi3.o)
 .text.libgcc   0x00000000        0x0 c:/mingw/avrgcc/bin/../lib/gcc/avr/8.3.0/avr51\libgcc.a(_ashldi3.o)
 .text.libgcc.prologue
                0x00000000        0x0 c:/mingw/avrgcc/bin/../lib/gcc/avr/8.3.0/avr51\libgcc.a(_ashldi3.o)
 .text.libgcc.fmul
                0x00000000        0x0 c:/mingw/avrgcc/bin/../lib/gcc/avr/8.3.0/avr51\libgcc.a(_ashldi3.o)
 .text.libgcc.fixed
                0x00000000        0x0 c:/mingw/avrgcc/bin/../lib/gcc/avr/8.3.0/avr51\libgcc.a(_ashldi3.o)
 .text          0x00000000        0x0 c:/mingw/avrgcc/bin/../lib/gcc/avr/8.3.0/avr51\libgcc.a(_ashrdi3.o)
 .data          0x00000000        0x0 c:/mingw/avrgcc/bin/../lib/gcc/avr/8.3.0/avr51\libgcc.a(_ashrdi3.o)
 .bss           0x00000000        0x0 c:/mingw/avrgcc/bin/../lib/gcc/avr/8.3.0/avr51\libgcc.a(_ashrdi3.o)
 .text.libgcc.mul
                0x00000000        0x0 c:/mingw/avrgcc/bin/../lib/gcc/avr/8.3.0/avr51\libgcc.a(_ashrdi3.o)
 .text.libgcc.div
                0x00000000        0x0 c:/mingw/avrgcc/bin/../lib/gcc/avr/8.3.0/avr51\libgcc.a(_ashrdi3.o)
 .text.libgcc   0x00000000        0x0 c:/mingw/avrgcc/bin/../lib/gcc/avr/8.3.0/avr51\libgcc.a(_ashrdi3.o)
 .text.libgcc.prologue
                0x00000000        0x0 c:/mingw/avrgcc/bin/../lib/gcc/avr/8.3.0/avr51\libgcc.a(_ashrdi3.o)
 .text.libgcc.fmul
                0x00000000        0x0 c:/mingw/avrgcc/bin/../lib/gcc/avr/8.3.0/avr51\libgcc.a(_ashrdi3.o)
 .text.libgcc.fixed
                0x00000000        0x0 c:/mingw/avrgcc/bin/../lib/gcc/avr/8.3.0/avr51\libgcc.a(_ashrdi3.o)
 .text          0x00000000        0x0 c:/mingw/avrgcc/bin/../lib/gcc/avr/8.3.0/avr51\libgcc.a(_adddi3.o)
 .data          0x00000000        0x0 c:/mingw/avrgcc/bin/../lib/gcc/avr/8.3.0/avr51\libgcc.a(_adddi3.o)
 .bss           0x00000000        0x0 c:/mingw/avrgcc/bin/../lib/gcc/avr/8.3.0/avr51\libgcc.a(_adddi3.o)
 .text.libgcc.mul
                0x00000000        0x0 c:/mingw/avrgcc/bin/../lib/gcc/avr/8.3.0/avr51\libgcc.a(_adddi3.o)
 .text.libgcc.div
                0x00000000        0x0 c:/mingw/avrgcc/bin/../lib/gcc/avr/8.3.0/avr51\libgcc.a(_adddi3.o)
 .text.libgcc.prologue
                0x00000000        0x0 c:/mingw/avrgcc/bin/../lib/gcc/avr/8.3.0/avr51\libgcc.a(_adddi3.o)
 .text.libgcc.builtins
                0x00000000        0x0 c:/mingw/avrgcc/bin/../lib/gcc/avr/8.3.0/avr51\libgcc.a(_adddi3.o)
 .text.libgcc.fmul
                0x00000000        0x0 c:/mingw/avrgcc/bin/../lib/gcc/avr/8.3.0/avr51\libgcc.a(_adddi3.o)
 .text.libgcc.fixed
                0x00000000        0x0 c:/mingw/avrgcc/bin/../lib/gcc/avr/8.3.0/avr51\libgcc.a(_adddi3.o)
 .text          0x00000000        0x0 c:/mingw/avrgcc/bin/../lib/gcc/avr/8.3.0/avr51\libgcc.a(_subdi3.o)
 .data          0x00000000        0x0 c:/mingw/avrgcc/bin/../lib/gcc/avr/8.3.0/avr51\libgcc.a(_subdi3.o)
 .bss           0x00000000        0x0 c:/mingw/avrgcc/bin/../lib/gcc/avr/8.3.0/avr51\libgcc.a(_subdi3.o)
 .text.libgcc.mul
                0x00000000        0x0 c:/mingw/avrgcc/bin/../lib/gcc/avr/8.3.0/avr51\libgcc.a(_subdi3.o)
 .text.libgcc.div
                0x00000000        0x0 c:/mingw/avrgcc/bin/../lib/gcc/avr/8.3.0/avr51\libgcc.a(_subdi3.o)
 .text.libgcc.prologue
                0x00000000        0x0 c:/mingw/avrgcc/bin/../lib/gcc/avr/8.3.0/avr51\libgcc.a(_subdi3.o)
 .text.libgcc.builtins
                0x00000000        0x0 c:/mingw/avrgcc/bin/../lib/gcc/avr/8.3.0/avr51\libgcc.a(_subdi3.o)
 .text.libgcc.fmul
                0x00000000        0x0 c:/mingw/avrgcc/bin/../lib/gcc/avr/8.3.0/avr51\libgcc.a(_subdi3.o)
 .text.libgcc.fixed
                0x00000000        0x0 c:/mingw/avrgcc/bin/../lib/gcc/avr/8.3.0/avr51\libgcc.a(_subdi3.o)
 .text          0x00000000        0x0 c:/mingw/avrgcc/bin/../lib/gcc/avr/8.3.0/avr51\libgcc.a(_cmpdi2_s8.o)
 .data          0x00000000        0x0 c:/mingw/avrgcc/bin/../lib/gcc/avr/8.3.0/avr51\libgcc.a(_cmpdi2_s8.o)
 .bss           0x00000000        0x0 c:/mingw/avrgcc/bin/../lib/gcc/avr/8.3.0/avr51\libgcc.a(_cmpdi2_s8.o)
 .text.libgcc.mul
                0x00000000        0x0 c:/mingw/avrgcc/bin/../lib/gcc/avr/8.3.0/avr51\libgcc.a(_cmpdi2_s8.o)
 .text.libgcc.div
                0x00000000        0x0 c:/mingw/avrgcc/bin/../lib/gcc/avr/8.3.0/avr51\libgcc.a(_cmpdi2_s8.o)
 .text.libgcc   0x00000000       0x18 c:/mingw/avrgcc/bin/../lib/gcc/avr/8.3.0/avr51\libgcc.a(_cmpdi2_s8.o)
 .text.libgcc.prologue
                0x00000000        0x0 c:/mingw/avrgcc/bin/../lib/gcc/avr/8.3.0/avr51\libgcc.a(_cmpdi2_s8.o)
 .text.libgcc.builtins
                0x00000000        0x0 c:/mingw/avrgcc/bin/../lib/gcc/avr/8.3.0/avr51\libgcc.a(_cmpdi2_s8.o)
 .text.libgcc.fmul
                0x00000000        0x0 c:/mingw/avrgcc/bin/../lib/gcc/avr/8.3.0/avr51\libgcc.a(_cmpdi2_s8.o)
 .text.libgcc.fixed
                0x00000000        0x0 c:/mingw/avrgcc/bin/../lib/gcc/avr/8.3.0/avr51\libgcc.a(_cmpdi2_s8.o)
 .debug_line    0x00000000       0x79 c:/mingw/avrgcc/bin/../lib/gcc/avr/8.3.0/avr51\libgcc.a(_cmpdi2_s8.o)
 .debug_info    0x00000000       0x26 c:/mingw/avrgcc/bin/../lib/gcc/avr/8.3.0/avr51\libgcc.a(_cmpdi2_s8.o)
 .debug_abbrev  0x00000000       0x14 c:/mingw/avrgcc/bin/../lib/gcc/avr/8.3.0/avr51\libgcc.a(_cmpdi2_s8.o)
 .debug_aranges
                0x00000000       0x20 c:/mingw/avrgcc/bin/../lib/gcc/avr/8.3.0/avr51\libgcc.a(_cmpdi2_s8.o)
 .debug_str     0x00000000       0x5f c:/mingw/avrgcc/bin/../lib/gcc/avr/8.3.0/avr51\libgcc.a(_cmpdi2_s8.o)
 .text          0x00000000        0x0 c:/mingw/avrgcc/bin/../lib/gcc/avr/8.3.0/avr51\libgcc.a(_udivmodhi4.o)
 .data          0x00000000        0x0 c:/mingw/avrgcc/bin/../lib/gcc/avr/8.3.0/avr51\libgcc.a(_udivmodhi4.o)
 .bss           0x00000000        0x0 c:/mingw/avrgcc/bin/../lib/gcc/avr/8.3.0/avr51\libgcc.a(_udivmodhi4.o)
 .text.libgcc.mul
                0x00000000        0x0 c:/mingw/avrgcc/bin/../lib/gcc/avr/8.3.0/avr51\libgcc.a(_udivmodhi4.o)
 .text.libgcc   0x00000000        0x0 c:/mingw/avrgcc/bin/../lib/gcc/avr/8.3.0/avr51\libgcc.a(_udivmodhi4.o)
 .text.libgcc.prologue
                0x00000000        0x0 c:/mingw/avrgcc/bin/../lib/gcc/avr/8.3.0/avr51\libgcc.a(_udivmodhi4.o)
 .text.libgcc.builtins
                0x00000000        0x0 c:/mingw/avrgcc/bin/../lib/gcc/avr/8.3.0/avr51\libgcc.a(_udivmodhi4.o)
 .text.libgcc.fmul
                0x00000000        0x0 c:/mingw/avrgcc/bin/../lib/gcc/avr/8.3.0/avr51\libgcc.a(_udivmodhi4.o)
 .text.libgcc.fixed
                0x00000000        0x0 c:/mingw/avrgcc/bin/../lib/gcc/avr/8.3.0/avr51\libgcc.a(_udivmodhi4.o)
 .text          0x00000000        0x0 c:/mingw/avrgcc/bin/../lib/gcc/avr/8.3.0/avr51\libgcc.a(_udivmodsi4.o)
 .data          0x00000000        0x0 c:/mingw/avrgcc/bin/../lib/gcc/avr/8.3.0/avr51\libgcc.a(_udivmodsi4.o)
 .bss           0x00000000        0x0 c:/mingw/avrgcc/bin/../lib/gcc/avr/8.3.0/avr51\libgcc.a(_udivmodsi4.o)
 .text.libgcc.mul
                0x00000000        0x0 c:/mingw/avrgcc/bin/../lib/gcc/avr/8.3.0/avr51\libgcc.a(_udivmodsi4.o)
 .text.libgcc   0x00000000        0x0 c:/mingw/avrgcc/bin/../lib/gcc/avr/8.3.0/avr51\libgcc.a(_udivmodsi4.o)
 .text.libgcc.prologue
                0x00000000        0x0 c:/mingw/avrgcc/bin/../lib/gcc/avr/8.3.0/avr51\libgcc.a(_udivmodsi4.o)
 .text.libgcc.builtins
                0x00000000        0x0 c:/mingw/avrgcc/bin/../lib/gcc/avr/8.3.0/avr51\libgcc.a(_udivmodsi4.o)
 .text.libgcc.fmul
                0x00000000        0x0 c:/mingw/avrgcc/bin/../lib/gcc/avr/8.3.0/avr51\libgcc.a(_udivmodsi4.o)
 .text.libgcc.fixed
                0x00000000        0x0 c:/mingw/avrgcc/bin/../lib/gcc/avr/8.3.0/avr51\libgcc.a(_udivmodsi4.o)
 .text          0x00000000        0x0 c:/mingw/avrgcc/bin/../lib/gcc/avr/8.3.0/avr51\libgcc.a(_umulhisi3.o)
 .data          0x00000000        0x0 c:/mingw/avrgcc/bin/../lib/gcc/avr/8.3.0/avr51\libgcc.a(_umulhisi3.o)
 .bss           0x00000000        0x0 c:/mingw/avrgcc/bin/../lib/gcc/avr/8.3.0/avr51\libgcc.a(_umulhisi3.o)
 .text.libgcc.div
                0x00000000        0x0 c:/mingw/avrgcc/bin/../lib/gcc/avr/8.3.0/avr51\libgcc.a(_umulhisi3.o)
 .text.libgcc   0x00000000        0x0 c:/mingw/avrgcc/bin/../lib/gcc/avr/8.3.0/avr51\libgcc.a(_umulhisi3.o)
 .text.libgcc.prologue
                0x00000000        0x0 c:/mingw/avrgcc/bin/../lib/gcc/avr/8.3.0/avr51\libgcc.a(_umulhisi3.o)
 .text.libgcc.builtins
                0x00000000        0x0 c:/mingw/avrgcc/bin/../lib/gcc/avr/8.3.0/avr51\libgcc.a(_umulhisi3.o)
 .text.libgcc.fmul
                0x00000000        0x0 c:/mingw/avrgcc/bin/../lib/gcc/avr/8.3.0/avr51\libgcc.a(_umulhisi3.o)
 .text.libgcc.fixed
                0x00000000        0x0 c:/mingw/avrgcc/bin/../lib/gcc/avr/8.3.0/avr51\libgcc.a(_umulhisi3.o)
 .text          0x00000000        0x0 c:/mingw/avrgcc/bin/../lib/gcc/avr/8.3.0/../../../../avr/lib/avr51\libm.a(addsf3.o)
 .data          0x00000000        0x0 c:/mingw/avrgcc/bin/../lib/gcc/avr/8.3.0/../../../../avr/lib/avr51\libm.a(addsf3.o)
 .bss           0x00000000        0x0 c:/mingw/avrgcc/bin/../lib/gcc/avr/8.3.0/../../../../avr/lib/avr51\libm.a(addsf3.o)
 .text          0x00000000        0x0 c:/mingw/avrgcc/bin/../lib/gcc/avr/8.3.0/../../../../avr/lib/avr51\libm.a(addsf3x.o)
 .data          0x00000000        0x0 c:/mingw/avrgcc/bin/../lib/gcc/avr/8.3.0/../../../../avr/lib/avr51\libm.a(addsf3x.o)
 .bss           0x00000000        0x0 c:/mingw/avrgcc/bin/../lib/gcc/avr/8.3.0/../../../../avr/lib/avr51\libm.a(addsf3x.o)
 .text          0x00000000        0x0 c:/mingw/avrgcc/bin/../lib/gcc/avr/8.3.0/../../../../avr/lib/avr51\libm.a(divsf3.o)
 .data          0x00000000        0x0 c:/mingw/avrgcc/bin/../lib/gcc/avr/8.3.0/../../../../avr/lib/avr51\libm.a(divsf3.o)
 .bss           0x00000000        0x0 c:/mingw/avrgcc/bin/../lib/gcc/avr/8.3.0/../../../../avr/lib/avr51\libm.a(divsf3.o)
 .text          0x00000000        0x0 c:/mingw/avrgcc/bin/../lib/gcc/avr/8.3.0/../../../../avr/lib/avr51\libm.a(divsf3x.o)
 .data          0x00000000        0x0 c:/mingw/avrgcc/bin/../lib/gcc/avr/8.3.0/../../../../avr/lib/avr51\libm.a(divsf3x.o)
 .bss           0x00000000        0x0 c:/mingw/avrgcc/bin/../lib/gcc/avr/8.3.0/../../../../avr/lib/avr51\libm.a(divsf3x.o)
 .text          0x00000000        0x0 c:/mingw/avrgcc/bin/../lib/gcc/avr/8.3.0/../../../../avr/lib/avr51\libm.a(fixsfsi.o)
 .data          0x00000000        0x0 c:/mingw/avrgcc/bin/../lib/gcc/avr/8.3.0/../../../../avr/lib/avr51\libm.a(fixsfsi.o)
 .bss           0x00000000        0x0 c:/mingw/avrgcc/bin/../lib/gcc/avr/8.3.0/../../../../avr/lib/avr51\libm.a(fixsfsi.o)
 .text          0x00000000        0x0 c:/mingw/avrgcc/bin/../lib/gcc/avr/8.3.0/../../../../avr/lib/avr51\libm.a(fixunssfsi.o)
 .data          0x00000000        0x0 c:/mingw/avrgcc/bin/../lib/gcc/avr/8.3.0/../../../../avr/lib/avr51\libm.a(fixunssfsi.o)
 .bss           0x00000000        0x0 c:/mingw/avrgcc/bin/../lib/gcc/avr/8.3.0/../../../../avr/lib/avr51\libm.a(fixunssfsi.o)
 .text          0x00000000        0x0 c:/mingw/avrgcc/bin/../lib/gcc/avr/8.3.0/../../../../avr/lib/avr51\libm.a(floatsisf.o)
 .data          0x00000000        0x0 c:/mingw/avrgcc/bin/../lib/gcc/avr/8.3.0/../../../../avr/lib/avr51\libm.a(floatsisf.o)
 .bss           0x00000000        0x0 c:/mingw/avrgcc/bin/../lib/gcc/avr/8.3.0/../../../../avr/lib/avr51\libm.a(floatsisf.o)
 .text          0x00000000        0x0 c:/mingw/avrgcc/bin/../lib/gcc/avr/8.3.0/../../../../avr/lib/avr51\libm.a(fp_inf.o)
 .data          0x00000000        0x0 c:/mingw/avrgcc/bin/../lib/gcc/avr/8.3.0/../../../../avr/lib/avr51\libm.a(fp_inf.o)
 .bss           0x00000000        0x0 c:/mingw/avrgcc/bin/../lib/gcc/avr/8.3.0/../../../../avr/lib/avr51\libm.a(fp_inf.o)
 .text          0x00000000        0x0 c:/mingw/avrgcc/bin/../lib/gcc/avr/8.3.0/../../../../avr/lib/avr51\libm.a(fp_nan.o)
 .data          0x00000000        0x0 c:/mingw/avrgcc/bin/../lib/gcc/avr/8.3.0/../../../../avr/lib/avr51\libm.a(fp_nan.o)
 .bss           0x00000000        0x0 c:/mingw/avrgcc/bin/../lib/gcc/avr/8.3.0/../../../../avr/lib/avr51\libm.a(fp_nan.o)
 .text          0x00000000        0x0 c:/mingw/avrgcc/bin/../lib/gcc/avr/8.3.0/../../../../avr/lib/avr51\libm.a(fp_pscA.o)
 .data          0x00000000        0x0 c:/mingw/avrgcc/bin/../lib/gcc/avr/8.3.0/../../../../avr/lib/avr51\libm.a(fp_pscA.o)
 .bss           0x00000000        0x0 c:/mingw/avrgcc/bin/../lib/gcc/avr/8.3.0/../../../../avr/lib/avr51\libm.a(fp_pscA.o)
 .text          0x00000000        0x0 c:/mingw/avrgcc/bin/../lib/gcc/avr/8.3.0/../../../../avr/lib/avr51\libm.a(fp_pscB.o)
 .data          0x00000000        0x0 c:/mingw/avrgcc/bin/../lib/gcc/avr/8.3.0/../../../../avr/lib/avr51\libm.a(fp_pscB.o)
 .bss           0x00000000        0x0 c:/mingw/avrgcc/bin/../lib/gcc/avr/8.3.0/../../../../avr/lib/avr51\libm.a(fp_pscB.o)
 .text          0x00000000        0x0 c:/mingw/avrgcc/bin/../lib/gcc/avr/8.3.0/../../../../avr/lib/avr51\libm.a(fp_round.o)
 .data          0x00000000        0x0 c:/mingw/avrgcc/bin/../lib/gcc/avr/8.3.0/../../../../avr/lib/avr51\libm.a(fp_round.o)
 .bss           0x00000000        0x0 c:/mingw/avrgcc/bin/../lib/gcc/avr/8.3.0/../../../../avr/lib/avr51\libm.a(fp_round.o)
 .text          0x00000000        0x0 c:/mingw/avrgcc/bin/../lib/gcc/avr/8.3.0/../../../../avr/lib/avr51\libm.a(fp_split3.o)
 .data          0x00000000        0x0 c:/mingw/avrgcc/bin/../lib/gcc/avr/8.3.0/../../../../avr/lib/avr51\libm.a(fp_split3.o)
 .bss           0x00000000        0x0 c:/mingw/avrgcc/bin/../lib/gcc/avr/8.3.0/../../../../avr/lib/avr51\libm.a(fp_split3.o)
 .text          0x00000000        0x0 c:/mingw/avrgcc/bin/../lib/gcc/avr/8.3.0/../../../../avr/lib/avr51\libm.a(fp_zero.o)
 .data          0x00000000        0x0 c:/mingw/avrgcc/bin/../lib/gcc/avr/8.3.0/../../../../avr/lib/avr51\libm.a(fp_zero.o)
 .bss           0x00000000        0x0 c:/mingw/avrgcc/bin/../lib/gcc/avr/8.3.0/../../../../avr/lib/avr51\libm.a(fp_zero.o)
 .text          0x00000000        0x0 c:/mingw/avrgcc/bin/../lib/gcc/avr/8.3.0/../../../../avr/lib/avr51\libm.a(mulsf3.o)
 .data          0x00000000        0x0 c:/mingw/avrgcc/bin/../lib/gcc/avr/8.3.0/../../../../avr/lib/avr51\libm.a(mulsf3.o)
 .bss           0x00000000        0x0 c:/mingw/avrgcc/bin/../lib/gcc/avr/8.3.0/../../../../avr/lib/avr51\libm.a(mulsf3.o)
 .text          0x00000000        0x0 c:/mingw/avrgcc/bin/../lib/gcc/avr/8.3.0/../../../../avr/lib/avr51\libm.a(mulsf3x.o)
 .data          0x00000000        0x0 c:/mingw/avrgcc/bin/../lib/gcc/avr/8.3.0/../../../../avr/lib/avr51\libm.a(mulsf3x.o)
 .bss           0x00000000        0x0 c:/mingw/avrgcc/bin/../lib/gcc/avr/8.3.0/../../../../avr/lib/avr51\libm.a(mulsf3x.o)
 .text          0x00000000        0x0 c:/mingw/avrgcc/bin/../lib/gcc/avr/8.3.0/../../../../avr/lib/avr51\libc.a(malloc.o)
 .bss           0x00000000        0x0 c:/mingw/avrgcc/bin/../lib/gcc/avr/8.3.0/../../../../avr/lib/avr51\libc.a(malloc.o)
 .text          0x00000000        0x0 c:/mingw/avrgcc/bin/../lib/gcc/avr/8.3.0/../../../../avr/lib/avr51\libc.a(memcpy.o)
 .data          0x00000000        0x0 c:/mingw/avrgcc/bin/../lib/gcc/avr/8.3.0/../../../../avr/lib/avr51\libc.a(memcpy.o)
 .bss           0x00000000        0x0 c:/mingw/avrgcc/bin/../lib/gcc/avr/8.3.0/../../../../avr/lib/avr51\libc.a(memcpy.o)
 .text.avr-libc
                0x00000000       0x12 c:/mingw/avrgcc/bin/../lib/gcc/avr/8.3.0/../../../../avr/lib/avr51\libc.a(memcpy.o)
 .text          0x00000000        0x0 c:/mingw/avrgcc/bin/../lib/gcc/avr/8.3.0/../../../../avr/lib/avr51\libc.a(strcpy.o)
 .data          0x00000000        0x0 c:/mingw/avrgcc/bin/../lib/gcc/avr/8.3.0/../../../../avr/lib/avr51\libc.a(strcpy.o)
 .bss           0x00000000        0x0 c:/mingw/avrgcc/bin/../lib/gcc/avr/8.3.0/../../../../avr/lib/avr51\libc.a(strcpy.o)
 .text.avr-libc
                0x00000000        0xe c:/mingw/avrgcc/bin/../lib/gcc/avr/8.3.0/../../../../avr/lib/avr51\libc.a(strcpy.o)

Memory Configuration

Name             Origin             Length             Attributes
text             0x00000000         0x00020000         xr
data             0x00800100         0x0000ff00         rw !x
eeprom           0x00810000         0x00010000         rw !x
fuse             0x00820000         0x00000400         rw !x
lock             0x00830000         0x00000400         rw !x
signature        0x00840000         0x00000400         rw !x
user_signatures  0x00850000         0x00000400         rw !x
*default*        0x00000000         0xffffffff

Linker script and memory map

Address of section .data set to 0x800100
LOAD c:/mingw/avrgcc/bin/../lib/gcc/avr/8.3.0/../../../../avr/lib/avr51/crtatmega128.o
LOAD C:\Users\Kang\AppData\Local\Temp\ccW4KPI0.o
LOAD C:\Users\Kang\AppData\Local\Temp\ccSWqGPt.o
LOAD C:\Users\Kang\AppData\Local\Temp\cceipqU0.o
LOAD C:\Users\Kang\AppData\Local\Temp\ccgdv6QI.o
LOAD C:\Users\Kang\AppData\Local\Temp\cckF1NHy.o
LOAD C:\Users\Kang\AppData\Local\Temp\ccIfJ7Sy.o
LOAD C:\Users\Kang\AppData\Local\Temp\cc4SMR4A.o
LOAD C:\Users\Kang\AppData\Local\Temp\ccKkrcBK.o
LOAD C:\Users\Kang\AppData\Local\Temp\ccrovKwY.o
LOAD C:\Users\Kang\AppData\Local\Temp\cc0psEFg.o
LOAD C:\Users\Kang\AppData\Local\Temp\ccft1wzz.o
LOAD C:\Users\Kang\AppData\Local\Temp\ccQx7K8Y.o
START GROUP
LOAD c:/mingw/avrgcc/bin/../lib/gcc/avr/8.3.0/avr51\libgcc.a
LOAD c:/mingw/avrgcc/bin/../lib/gcc/avr/8.3.0/../../../../avr/lib/avr51\libm.a
LOAD c:/mingw/avrgcc/bin/../lib/gcc/avr/8.3.0/../../../../avr/lib/avr51\libc.a
LOAD c:/mingw/avrgcc/bin/../lib/gcc/avr/8.3.0/../../../../avr/lib/avr51\libatmega128.a
END GROUP
                0x00020000                __TEXT_REGION_LENGTH__ = DEFINED (__TEXT_REGION_LENGTH__)?__TEXT_REGION_LENGTH__:0x20000
                0x0000ff00                __DATA_REGION_LENGTH__ = DEFINED (__DATA_REGION_LENGTH__)?__DATA_REGION_LENGTH__:0xff00
                0x00010000                __EEPROM_REGION_LENGTH__ = DEFINED (__EEPROM_REGION_LENGTH__)?__EEPROM_REGION_LENGTH__:0x10000
                0x00000400                __FUSE_REGION_LENGTH__ = DEFINED (__FUSE_REGION_LENGTH__)?__FUSE_REGION_LENGTH__:0x400
                0x00000400                __LOCK_REGION_LENGTH__ = DEFINED (__LOCK_REGION_LENGTH__)?__LOCK_REGION_LENGTH__:0x400
                0x00000400                __SIGNATURE_REGION_LENGTH__ = DEFINED (__SIGNATURE_REGION_LENGTH__)?__SIGNATURE_REGION_LENGTH__:0x400
                0x00000400                __USER_SIGNATURE_REGION_LENGTH__ = DEFINED (__USER_SIGNATURE_REGION_LENGTH__)?__USER_SIGNATURE_REGION_LENGTH__:0x400

.hash
 *(.hash)

.dynsym
 *(.dynsym)

.dynstr
 *(.dynstr)

.gnu.version
 *(.gnu.version)

.gnu.version_d
 *(.gnu.version_d)

.gnu.version_r
 *(.gnu.version_r)

.rel.init
 *(.rel.init)

.rela.init
 *(.rela.init)

.rel.text
 *(.rel.text)
 *(.rel.text.*)
 *(.rel.gnu.linkonce.t*)

.rela.text
 *(.rela.text)
 *(.rela.text.*)
 *(.rela.gnu.linkonce.t*)

.rel.fini
 *(.rel.fini)

.rela.fini
 *(.rela.fini)

.rel.rodata
 *(.rel.rodata)
 *(.rel.rodata.*)
 *(.rel.gnu.linkonce.r*)

.rela.rodata
 *(.rela.rodata)
 *(.rela.rodata.*)
 *(.rela.gnu.linkonce.r*)

.rel.data
 *(.rel.data)
 *(.rel.data.*)
 *(.rel.gnu.linkonce.d*)

.rela.data
 *(.rela.data)
 *(.rela.data.*)
 *(.rela.gnu.linkonce.d*)

.rel.ctors
 *(.rel.ctors)

.rela.ctors
 *(.rela.ctors)

.rel.dtors
 *(.rel.dtors)

.rela.dtors
 *(.rela.dtors)

.rel.got
 *(.rel.got)

.rela.got
 *(.rela.got)

.rel.bss
 *(.rel.bss)

.rela.bss
 *(.rela.bss)

.rel.plt
 *(.rel.plt)

.rela.plt
 *(.rela.plt)

.text           0x00000000     0x25fc
 *(.vectors)
 .vectors       0x00000000       0x8c c:/mingw/avrgcc/bin/../lib/gcc/avr/8.3.0/../../../../avr/lib/avr51/crtatmega128.o
                0x00000000                __vector_default
                0x00000000                __vectors
 *(.vectors)
 *(.progmem.gcc*)
                0x0000008c                . = ALIGN (0x2)
                0x0000008c                __trampolines_start = .
 *(.trampolines)
 .trampolines   0x0000008c        0x0 linker stubs
 *(.trampolines*)
                0x0000008c                __trampolines_end = .
 *libprintf_flt.a:*(.progmem.data)
 *libc.a:*(.progmem.data)
 *(.progmem.*)
                0x0000008c                . = ALIGN (0x2)
 *(.lowtext)
 *(.lowtext*)
                0x0000008c                __ctors_start = .
 *(.ctors)
                0x0000008c                __ctors_end = .
                0x0000008c                __dtors_start = .
 *(.dtors)
                0x0000008c                __dtors_end = .
 SORT_BY_NAME(*)(.ctors)
 SORT_BY_NAME(*)(.dtors)
 *(.init0)
 .init0         0x0000008c        0x0 c:/mingw/avrgcc/bin/../lib/gcc/avr/8.3.0/../../../../avr/lib/avr51/crtatmega128.o
                0x0000008c                __init
 *(.init0)
 *(.init1)
 *(.init1)
 *(.init2)
 .init2         0x0000008c        0xc c:/mingw/avrgcc/bin/../lib/gcc/avr/8.3.0/../../../../avr/lib/avr51/crtatmega128.o
 *(.init2)
 *(.init3)
 *(.init3)
 *(.init4)
 .init4         0x00000098       0x1a c:/mingw/avrgcc/bin/../lib/gcc/avr/8.3.0/avr51\libgcc.a(_copy_data.o)
                0x00000098                __do_copy_data
 .init4         0x000000b2       0x10 c:/mingw/avrgcc/bin/../lib/gcc/avr/8.3.0/avr51\libgcc.a(_clear_bss.o)
                0x000000b2                __do_clear_bss
 *(.init4)
 *(.init5)
 *(.init5)
 *(.init6)
 *(.init6)
 *(.init7)
 *(.init7)
 *(.init8)
 *(.init8)
 *(.init9)
 .init9         0x000000c2        0x8 c:/mingw/avrgcc/bin/../lib/gcc/avr/8.3.0/../../../../avr/lib/avr51/crtatmega128.o
 *(.init9)
 *(.text)
 .text          0x000000ca        0x4 c:/mingw/avrgcc/bin/../lib/gcc/avr/8.3.0/../../../../avr/lib/avr51/crtatmega128.o
                0x000000ca                __vector_22
                0x000000ca                __vector_28
                0x000000ca                __vector_1
                0x000000ca                __vector_32
                0x000000ca                __vector_34
                0x000000ca                __vector_24
                0x000000ca                __vector_12
                0x000000ca                __bad_interrupt
                0x000000ca                __vector_6
                0x000000ca                __vector_31
                0x000000ca                __vector_3
                0x000000ca                __vector_23
                0x000000ca                __vector_30
                0x000000ca                __vector_25
                0x000000ca                __vector_11
                0x000000ca                __vector_13
                0x000000ca                __vector_17
                0x000000ca                __vector_19
                0x000000ca                __vector_7
                0x000000ca                __vector_27
                0x000000ca                __vector_5
                0x000000ca                __vector_33
                0x000000ca                __vector_4
                0x000000ca                __vector_9
                0x000000ca                __vector_2
                0x000000ca                __vector_21
                0x000000ca                __vector_15
                0x000000ca                __vector_29
                0x000000ca                __vector_8
                0x000000ca                __vector_26
                0x000000ca                __vector_14
                0x000000ca                __vector_10
                0x000000ca                __vector_16
                0x000000ca                __vector_18
                0x000000ca                __vector_20
                0x000000ce                . = ALIGN (0x2)
 *(.text.*)
 .text.TryBinarySearch
                0x000000ce       0xd0 C:\Users\Kang\AppData\Local\Temp\ccgdv6QI.o
                0x000000ce                TryBinarySearch
 .text.LCDDevice__Initialize
                0x0000019e      0x1b8 C:\Users\Kang\AppData\Local\Temp\cckF1NHy.o
                0x0000019e                LCDDevice__Initialize
 .text.LCDDevice__Render
                0x00000356       0x84 C:\Users\Kang\AppData\Local\Temp\cckF1NHy.o
                0x00000356                LCDDevice__Render
 .text.VBuffer_DrawChar
                0x000003da      0x462 C:\Users\Kang\AppData\Local\Temp\cckF1NHy.o
                0x000003da                VBuffer_DrawChar
 .text.VBuffer_Clear
                0x0000083c       0x1a C:\Users\Kang\AppData\Local\Temp\cckF1NHy.o
                0x0000083c                VBuffer_Clear
 .text.VBuffer_DrawString
                0x00000856      0x5c0 C:\Users\Kang\AppData\Local\Temp\cckF1NHy.o
                0x00000856                VBuffer_DrawString
 .text.VBuffer_DrawLine
                0x00000e16      0x18a C:\Users\Kang\AppData\Local\Temp\cckF1NHy.o
                0x00000e16                VBuffer_DrawLine
 .text.CalculateTranformCache
                0x00000fa0       0x58 C:\Users\Kang\AppData\Local\Temp\ccIfJ7Sy.o
                0x00000fa0                CalculateTranformCache
 .text.CDrawArgs_DrawOnDisplayBufferPerspective
                0x00000ff8      0x576 C:\Users\Kang\AppData\Local\Temp\ccIfJ7Sy.o
                0x00000ff8                CDrawArgs_DrawOnDisplayBufferPerspective
 .text.startup.main
                0x0000156e      0x148 C:\Users\Kang\AppData\Local\Temp\ccKkrcBK.o
                0x0000156e                main
 .text.compare_acos_table
                0x000016b6       0x14 C:\Users\Kang\AppData\Local\Temp\ccrovKwY.o
 .text.fixedpt_acos_half
                0x000016ca       0x58 C:\Users\Kang\AppData\Local\Temp\ccrovKwY.o
                0x000016ca                fixedpt_acos_half
 .text.fixedpt_sin
                0x00001722      0x20e C:\Users\Kang\AppData\Local\Temp\ccrovKwY.o
                0x00001722                fixedpt_sin
 .text.fixedpt_sqrt
                0x00001930      0x1ca C:\Users\Kang\AppData\Local\Temp\ccrovKwY.o
                0x00001930                fixedpt_sqrt
 .text.libgcc.mul
                0x00001afa       0x20 c:/mingw/avrgcc/bin/../lib/gcc/avr/8.3.0/avr51\libgcc.a(_mulsi3.o)
                0x00001afa                __mulsi3
 .text.libgcc.div
                0x00001b1a       0x28 c:/mingw/avrgcc/bin/../lib/gcc/avr/8.3.0/avr51\libgcc.a(_divmodhi4.o)
                0x00001b1a                _div
                0x00001b1a                __divmodhi4
 .text.libgcc.div
                0x00001b42       0x2e c:/mingw/avrgcc/bin/../lib/gcc/avr/8.3.0/avr51\libgcc.a(_divmodsi4.o)
                0x00001b42                __divmodsi4
 .text.libgcc.div
                0x00001b70       0x10 c:/mingw/avrgcc/bin/../lib/gcc/avr/8.3.0/avr51\libgcc.a(_negsi2.o)
                0x00001b70                __negsi2
 .text.libgcc.mul
                0x00001b80       0x16 c:/mingw/avrgcc/bin/../lib/gcc/avr/8.3.0/avr51\libgcc.a(_muluhisi3.o)
                0x00001b80                __muluhisi3
 .text.libgcc.mul
                0x00001b96       0x9e c:/mingw/avrgcc/bin/../lib/gcc/avr/8.3.0/avr51\libgcc.a(_muldi3.o)
                0x00001b96                __muldi3
 .text.libgcc.mul
                0x00001c34       0x12 c:/mingw/avrgcc/bin/../lib/gcc/avr/8.3.0/avr51\libgcc.a(_muldi3_6.o)
                0x00001c34                __muldi3_6
 .text.libgcc.mul
                0x00001c46       0x1e c:/mingw/avrgcc/bin/../lib/gcc/avr/8.3.0/avr51\libgcc.a(_mulsidi3.o)
                0x00001c46                __mulsidi3
 .text.libgcc.mul
                0x00001c64       0x56 c:/mingw/avrgcc/bin/../lib/gcc/avr/8.3.0/avr51\libgcc.a(_umulsidi3.o)
                0x00001c64                __umulsidi3
                0x00001c66                __umulsidi3_helper
 .text.libgcc.div
                0x00001cba       0x62 c:/mingw/avrgcc/bin/../lib/gcc/avr/8.3.0/avr51\libgcc.a(_divdi3.o)
                0x00001cba                __moddi3
                0x00001cbe                __divdi3
                0x00001cc0                __divdi3_moddi3
 .text.libgcc.div
                0x00001d1c       0x1c c:/mingw/avrgcc/bin/../lib/gcc/avr/8.3.0/avr51\libgcc.a(_udivdi3.o)
                0x00001d1c                __umoddi3
                0x00001d20                __udivdi3
                0x00001d22                __udivdi3_umoddi3
 .text.libgcc.div
                0x00001d38       0xa2 c:/mingw/avrgcc/bin/../lib/gcc/avr/8.3.0/avr51\libgcc.a(_udivmod64.o)
                0x00001d38                __udivmod64
 .text.libgcc   0x00001dda       0x20 c:/mingw/avrgcc/bin/../lib/gcc/avr/8.3.0/avr51\libgcc.a(_negdi2.o)
                0x00001dda                __negdi2
 .text.libgcc.prologue
                0x00001dfa       0x38 c:/mingw/avrgcc/bin/../lib/gcc/avr/8.3.0/avr51\libgcc.a(_prologue.o)
                0x00001dfa                __prologue_saves__
 .text.libgcc.prologue
                0x00001e32       0x36 c:/mingw/avrgcc/bin/../lib/gcc/avr/8.3.0/avr51\libgcc.a(_epilogue.o)
                0x00001e32                __epilogue_restores__
 .text.libgcc.builtins
                0x00001e68       0x32 c:/mingw/avrgcc/bin/../lib/gcc/avr/8.3.0/avr51\libgcc.a(_ashldi3.o)
                0x00001e68                __ashldi3
 .text.libgcc.builtins
                0x00001e9a       0x3a c:/mingw/avrgcc/bin/../lib/gcc/avr/8.3.0/avr51\libgcc.a(_ashrdi3.o)
                0x00001e9a                __ashrdi3
                0x00001e9e                __lshrdi3
 .text.libgcc   0x00001ed4       0x12 c:/mingw/avrgcc/bin/../lib/gcc/avr/8.3.0/avr51\libgcc.a(_adddi3.o)
                0x00001ed4                __adddi3
 .text.libgcc   0x00001ee6       0x12 c:/mingw/avrgcc/bin/../lib/gcc/avr/8.3.0/avr51\libgcc.a(_subdi3.o)
                0x00001ee6                __subdi3
 .text.libgcc.div
                0x00001ef8       0x28 c:/mingw/avrgcc/bin/../lib/gcc/avr/8.3.0/avr51\libgcc.a(_udivmodhi4.o)
                0x00001ef8                __udivmodhi4
 .text.libgcc.div
                0x00001f20       0x44 c:/mingw/avrgcc/bin/../lib/gcc/avr/8.3.0/avr51\libgcc.a(_udivmodsi4.o)
                0x00001f20                __udivmodsi4
 .text.libgcc.mul
                0x00001f64       0x1e c:/mingw/avrgcc/bin/../lib/gcc/avr/8.3.0/avr51\libgcc.a(_umulhisi3.o)
                0x00001f64                __umulhisi3
 .text.avr-libc.fplib
                0x00001f82        0xe c:/mingw/avrgcc/bin/../lib/gcc/avr/8.3.0/../../../../avr/lib/avr51\libm.a(addsf3.o)
                0x00001f82                __subsf3
                0x00001f84                __addsf3
 .text.avr-libc.fplib
                0x00001f90       0xcc c:/mingw/avrgcc/bin/../lib/gcc/avr/8.3.0/../../../../avr/lib/avr51\libm.a(addsf3x.o)
                0x00001fb2                __addsf3x
 .text.avr-libc.fplib
                0x0000205c        0x8 c:/mingw/avrgcc/bin/../lib/gcc/avr/8.3.0/../../../../avr/lib/avr51\libm.a(divsf3.o)
                0x0000205c                __divsf3
 .text.avr-libc.fplib
                0x00002064       0xdc c:/mingw/avrgcc/bin/../lib/gcc/avr/8.3.0/../../../../avr/lib/avr51\libm.a(divsf3x.o)
                0x00002084                __divsf3x
                0x0000208a                __divsf3_pse
 .text.avr-libc.fplib
                0x00002140        0xe c:/mingw/avrgcc/bin/../lib/gcc/avr/8.3.0/../../../../avr/lib/avr51\libm.a(fixsfsi.o)
                0x00002140                __fixsfsi
 .text.avr-libc.fplib
                0x0000214e       0x5e c:/mingw/avrgcc/bin/../lib/gcc/avr/8.3.0/../../../../avr/lib/avr51\libm.a(fixunssfsi.o)
                0x0000214e                __fixunssfsi
 .text.avr-libc.fplib
                0x000021ac       0x7a c:/mingw/avrgcc/bin/../lib/gcc/avr/8.3.0/../../../../avr/lib/avr51\libm.a(floatsisf.o)
                0x000021ac                __floatunsisf
                0x000021b0                __floatsisf
 .text.avr-libc.fplib
                0x00002226        0xc c:/mingw/avrgcc/bin/../lib/gcc/avr/8.3.0/../../../../avr/lib/avr51\libm.a(fp_inf.o)
                0x00002226                __fp_inf
 .text.avr-libc.fplib
                0x00002232        0x6 c:/mingw/avrgcc/bin/../lib/gcc/avr/8.3.0/../../../../avr/lib/avr51\libm.a(fp_nan.o)
                0x00002232                __fp_nan
 .text.avr-libc.fplib
                0x00002238        0xe c:/mingw/avrgcc/bin/../lib/gcc/avr/8.3.0/../../../../avr/lib/avr51\libm.a(fp_pscA.o)
                0x00002238                __fp_pscA
 .text.avr-libc.fplib
                0x00002246        0xe c:/mingw/avrgcc/bin/../lib/gcc/avr/8.3.0/../../../../avr/lib/avr51\libm.a(fp_pscB.o)
                0x00002246                __fp_pscB
 .text.avr-libc.fplib
                0x00002254       0x22 c:/mingw/avrgcc/bin/../lib/gcc/avr/8.3.0/../../../../avr/lib/avr51\libm.a(fp_round.o)
                0x00002254                __fp_round
 .text.avr-libc.fplib
                0x00002276       0x44 c:/mingw/avrgcc/bin/../lib/gcc/avr/8.3.0/../../../../avr/lib/avr51\libm.a(fp_split3.o)
                0x00002276                __fp_split3
                0x00002286                __fp_splitA
 .text.avr-libc.fplib
                0x000022ba        0xe c:/mingw/avrgcc/bin/../lib/gcc/avr/8.3.0/../../../../avr/lib/avr51\libm.a(fp_zero.o)
                0x000022ba                __fp_zero
                0x000022bc                __fp_szero
 .text.avr-libc.fplib
                0x000022c8        0x8 c:/mingw/avrgcc/bin/../lib/gcc/avr/8.3.0/../../../../avr/lib/avr51\libm.a(mulsf3.o)
                0x000022c8                __mulsf3
 .text.avr-libc.fplib
                0x000022d0       0xd2 c:/mingw/avrgcc/bin/../lib/gcc/avr/8.3.0/../../../../avr/lib/avr51\libm.a(mulsf3x.o)
                0x000022ee                __mulsf3x
                0x000022f4                __mulsf3_pse
 .text.avr-libc
                0x000023a2      0x256 c:/mingw/avrgcc/bin/../lib/gcc/avr/8.3.0/../../../../avr/lib/avr51\libc.a(malloc.o)
                0x000023a2                malloc
                0x000024d6                free
                0x000025f8                . = ALIGN (0x2)
 *(.fini9)
 .fini9         0x000025f8        0x0 c:/mingw/avrgcc/bin/../lib/gcc/avr/8.3.0/avr51\libgcc.a(_exit.o)
                0x000025f8                _exit
                0x000025f8                exit
 *(.fini9)
 *(.fini8)
 *(.fini8)
 *(.fini7)
 *(.fini7)
 *(.fini6)
 *(.fini6)
 *(.fini5)
 *(.fini5)
 *(.fini4)
 *(.fini4)
 *(.fini3)
 *(.fini3)
 *(.fini2)
 *(.fini2)
 *(.fini1)
 *(.fini1)
 *(.fini0)
 .fini0         0x000025f8        0x4 c:/mingw/avrgcc/bin/../lib/gcc/avr/8.3.0/avr51\libgcc.a(_exit.o)
 *(.fini0)
 *(.hightext)
 *(.hightext*)
 *(.progmemx.*)
                0x000025fc                . = ALIGN (0x2)
 *(.jumptables)
 *(.jumptables*)
                0x000025fc                _etext = .

.data           0x00800100      0xa7c load address 0x000025fc
                0x00800100                PROVIDE (__data_start = .)
 *(.data)
 .data          0x00800100        0x6 c:/mingw/avrgcc/bin/../lib/gcc/avr/8.3.0/../../../../avr/lib/avr51\libc.a(malloc.o)
                0x00800100                __malloc_heap_end
                0x00800102                __malloc_heap_start
                0x00800104                __malloc_margin
 *(.data*)
 .data.acos_table
                0x00800106      0x25e C:\Users\Kang\AppData\Local\Temp\ccrovKwY.o
 *(.gnu.linkonce.d*)
 *(.rodata)
 *(.rodata*)
 .rodata.CGROM  0x00800364      0x800 C:\Users\Kang\AppData\Local\Temp\cceipqU0.o
                0x00800364                CGROM
 .rodata.Triangle
                0x00800b64        0x3 C:\Users\Kang\AppData\Local\Temp\cc4SMR4A.o
                0x00800b64                Triangle
 .rodata.src_triangle
                0x00800b67        0xc C:\Users\Kang\AppData\Local\Temp\cc4SMR4A.o
                0x00800b67                src_triangle
 .rodata.main.str1.1
                0x00800b73        0x8 C:\Users\Kang\AppData\Local\Temp\ccKkrcBK.o
 *(.gnu.linkonce.r*)
                0x00800b7c                . = ALIGN (0x2)
 *fill*         0x00800b7b        0x1 
                0x00800b7c                _edata = .
                0x00800b7c                PROVIDE (__data_end = .)

.bss            0x00800b7c        0x8
                0x00800b7c                PROVIDE (__bss_start = .)
 *(.bss)
 *(.bss*)
 .bss.Prev.2463
                0x00800b7c        0x1 C:\Users\Kang\AppData\Local\Temp\ccKkrcBK.o
 .bss.__INTERRUPT_LOCK_MUTEX__
                0x00800b7d        0x1 C:\Users\Kang\AppData\Local\Temp\ccKkrcBK.o
                0x00800b7d                __INTERRUPT_LOCK_MUTEX__
 *(COMMON)
 COMMON         0x00800b7e        0x2 C:\Users\Kang\AppData\Local\Temp\cckF1NHy.o
                0x00800b7e                LCDBuffer
 COMMON         0x00800b80        0x4 c:/mingw/avrgcc/bin/../lib/gcc/avr/8.3.0/../../../../avr/lib/avr51\libc.a(malloc.o)
                0x00800b80                __brkval
                0x00800b82                __flp
                0x00800b84                PROVIDE (__bss_end = .)
                0x000025fc                __data_load_start = LOADADDR (.data)
                0x00003078                __data_load_end = (__data_load_start + SIZEOF (.data))

.noinit         0x00800b84        0x0
                [!provide]                PROVIDE (__noinit_start = .)
 *(.noinit*)
                [!provide]                PROVIDE (__noinit_end = .)
                0x00800b84                _end = .
                0x00800b84                PROVIDE (__heap_start = .)

.eeprom         0x00810000        0x0
 *(.eeprom*)
                0x00810000                __eeprom_end = .

.fuse
 *(.fuse)
 *(.lfuse)
 *(.hfuse)
 *(.efuse)

.lock
 *(.lock*)

.signature
 *(.signature*)

.stab
 *(.stab)

.stabstr
 *(.stabstr)

.stab.excl
 *(.stab.excl)

.stab.exclstr
 *(.stab.exclstr)

.stab.index
 *(.stab.index)

.stab.indexstr
 *(.stab.indexstr)

.comment        0x00000000       0x11
 *(.comment)
 .comment       0x00000000       0x11 C:\Users\Kang\AppData\Local\Temp\cceipqU0.o
                                 0x12 (size before relaxing)
 .comment       0x00000011       0x12 C:\Users\Kang\AppData\Local\Temp\ccgdv6QI.o
 .comment       0x00000011       0x12 C:\Users\Kang\AppData\Local\Temp\cckF1NHy.o
 .comment       0x00000011       0x12 C:\Users\Kang\AppData\Local\Temp\ccIfJ7Sy.o
 .comment       0x00000011       0x12 C:\Users\Kang\AppData\Local\Temp\cc4SMR4A.o
 .comment       0x00000011       0x12 C:\Users\Kang\AppData\Local\Temp\ccKkrcBK.o
 .comment       0x00000011       0x12 C:\Users\Kang\AppData\Local\Temp\ccrovKwY.o
 .comment       0x00000011       0x12 c:/mingw/avrgcc/bin/../lib/gcc/avr/8.3.0/../../../../avr/lib/avr51\libc.a(malloc.o)

.note.gnu.avr.deviceinfo
                0x00000000       0x3c
 .note.gnu.avr.deviceinfo
                0x00000000       0x3c c:/mingw/avrgcc/bin/../lib/gcc/avr/8.3.0/../../../../avr/lib/avr51/crtatmega128.o

.note.gnu.build-id
 *(.note.gnu.build-id)

.debug
 *(.debug)

.line
 *(.line)

.debug_srcinfo
 *(.debug_srcinfo)

.debug_sfnames
 *(.debug_sfnames)

.debug_aranges  0x00000000      0x320
 *(.debug_aranges)
 .debug_aranges
                0x00000000       0x20 c:/mingw/avrgcc/bin/../lib/gcc/avr/8.3.0/avr51\libgcc.a(_mulsi3.o)
 .debug_aranges
                0x00000020       0x20 c:/mingw/avrgcc/bin/../lib/gcc/avr/8.3.0/avr51\libgcc.a(_divmodhi4.o)
 .debug_aranges
                0x00000040       0x20 c:/mingw/avrgcc/bin/../lib/gcc/avr/8.3.0/avr51\libgcc.a(_divmodsi4.o)
 .debug_aranges
                0x00000060       0x20 c:/mingw/avrgcc/bin/../lib/gcc/avr/8.3.0/avr51\libgcc.a(_negsi2.o)
 .debug_aranges
                0x00000080       0x20 c:/mingw/avrgcc/bin/../lib/gcc/avr/8.3.0/avr51\libgcc.a(_exit.o)
 .debug_aranges
                0x000000a0       0x20 c:/mingw/avrgcc/bin/../lib/gcc/avr/8.3.0/avr51\libgcc.a(_copy_data.o)
 .debug_aranges
                0x000000c0       0x20 c:/mingw/avrgcc/bin/../lib/gcc/avr/8.3.0/avr51\libgcc.a(_clear_bss.o)
 .debug_aranges
                0x000000e0       0x20 c:/mingw/avrgcc/bin/../lib/gcc/avr/8.3.0/avr51\libgcc.a(_muluhisi3.o)
 .debug_aranges
                0x00000100       0x20 c:/mingw/avrgcc/bin/../lib/gcc/avr/8.3.0/avr51\libgcc.a(_muldi3.o)
 .debug_aranges
                0x00000120       0x20 c:/mingw/avrgcc/bin/../lib/gcc/avr/8.3.0/avr51\libgcc.a(_muldi3_6.o)
 .debug_aranges
                0x00000140       0x20 c:/mingw/avrgcc/bin/../lib/gcc/avr/8.3.0/avr51\libgcc.a(_mulsidi3.o)
 .debug_aranges
                0x00000160       0x20 c:/mingw/avrgcc/bin/../lib/gcc/avr/8.3.0/avr51\libgcc.a(_umulsidi3.o)
 .debug_aranges
                0x00000180       0x20 c:/mingw/avrgcc/bin/../lib/gcc/avr/8.3.0/avr51\libgcc.a(_divdi3.o)
 .debug_aranges
                0x000001a0       0x20 c:/mingw/avrgcc/bin/../lib/gcc/avr/8.3.0/avr51\libgcc.a(_udivdi3.o)
 .debug_aranges
                0x000001c0       0x20 c:/mingw/avrgcc/bin/../lib/gcc/avr/8.3.0/avr51\libgcc.a(_udivmod64.o)
 .debug_aranges
                0x000001e0       0x20 c:/mingw/avrgcc/bin/../lib/gcc/avr/8.3.0/avr51\libgcc.a(_negdi2.o)
 .debug_aranges
                0x00000200       0x20 c:/mingw/avrgcc/bin/../lib/gcc/avr/8.3.0/avr51\libgcc.a(_prologue.o)
 .debug_aranges
                0x00000220       0x20 c:/mingw/avrgcc/bin/../lib/gcc/avr/8.3.0/avr51\libgcc.a(_epilogue.o)
 .debug_aranges
                0x00000240       0x20 c:/mingw/avrgcc/bin/../lib/gcc/avr/8.3.0/avr51\libgcc.a(_ashldi3.o)
 .debug_aranges
                0x00000260       0x20 c:/mingw/avrgcc/bin/../lib/gcc/avr/8.3.0/avr51\libgcc.a(_ashrdi3.o)
 .debug_aranges
                0x00000280       0x20 c:/mingw/avrgcc/bin/../lib/gcc/avr/8.3.0/avr51\libgcc.a(_adddi3.o)
 .debug_aranges
                0x000002a0       0x20 c:/mingw/avrgcc/bin/../lib/gcc/avr/8.3.0/avr51\libgcc.a(_subdi3.o)
 .debug_aranges
                0x000002c0       0x20 c:/mingw/avrgcc/bin/../lib/gcc/avr/8.3.0/avr51\libgcc.a(_udivmodhi4.o)
 .debug_aranges
                0x000002e0       0x20 c:/mingw/avrgcc/bin/../lib/gcc/avr/8.3.0/avr51\libgcc.a(_udivmodsi4.o)
 .debug_aranges
                0x00000300       0x20 c:/mingw/avrgcc/bin/../lib/gcc/avr/8.3.0/avr51\libgcc.a(_umulhisi3.o)

.debug_pubnames
 *(.debug_pubnames)

.debug_info     0x00000000      0xb36
 *(.debug_info .gnu.linkonce.wi.*)
 .debug_info    0x00000000      0x780 c:/mingw/avrgcc/bin/../lib/gcc/avr/8.3.0/../../../../avr/lib/avr51/crtatmega128.o
 .debug_info    0x00000780       0x26 c:/mingw/avrgcc/bin/../lib/gcc/avr/8.3.0/avr51\libgcc.a(_mulsi3.o)
 .debug_info    0x000007a6       0x26 c:/mingw/avrgcc/bin/../lib/gcc/avr/8.3.0/avr51\libgcc.a(_divmodhi4.o)
 .debug_info    0x000007cc       0x26 c:/mingw/avrgcc/bin/../lib/gcc/avr/8.3.0/avr51\libgcc.a(_divmodsi4.o)
 .debug_info    0x000007f2       0x26 c:/mingw/avrgcc/bin/../lib/gcc/avr/8.3.0/avr51\libgcc.a(_negsi2.o)
 .debug_info    0x00000818       0x26 c:/mingw/avrgcc/bin/../lib/gcc/avr/8.3.0/avr51\libgcc.a(_exit.o)
 .debug_info    0x0000083e       0x26 c:/mingw/avrgcc/bin/../lib/gcc/avr/8.3.0/avr51\libgcc.a(_copy_data.o)
 .debug_info    0x00000864       0x26 c:/mingw/avrgcc/bin/../lib/gcc/avr/8.3.0/avr51\libgcc.a(_clear_bss.o)
 .debug_info    0x0000088a       0x26 c:/mingw/avrgcc/bin/../lib/gcc/avr/8.3.0/avr51\libgcc.a(_muluhisi3.o)
 .debug_info    0x000008b0       0x26 c:/mingw/avrgcc/bin/../lib/gcc/avr/8.3.0/avr51\libgcc.a(_muldi3.o)
 .debug_info    0x000008d6       0x26 c:/mingw/avrgcc/bin/../lib/gcc/avr/8.3.0/avr51\libgcc.a(_muldi3_6.o)
 .debug_info    0x000008fc       0x26 c:/mingw/avrgcc/bin/../lib/gcc/avr/8.3.0/avr51\libgcc.a(_mulsidi3.o)
 .debug_info    0x00000922       0x26 c:/mingw/avrgcc/bin/../lib/gcc/avr/8.3.0/avr51\libgcc.a(_umulsidi3.o)
 .debug_info    0x00000948       0x26 c:/mingw/avrgcc/bin/../lib/gcc/avr/8.3.0/avr51\libgcc.a(_divdi3.o)
 .debug_info    0x0000096e       0x26 c:/mingw/avrgcc/bin/../lib/gcc/avr/8.3.0/avr51\libgcc.a(_udivdi3.o)
 .debug_info    0x00000994       0x26 c:/mingw/avrgcc/bin/../lib/gcc/avr/8.3.0/avr51\libgcc.a(_udivmod64.o)
 .debug_info    0x000009ba       0x26 c:/mingw/avrgcc/bin/../lib/gcc/avr/8.3.0/avr51\libgcc.a(_negdi2.o)
 .debug_info    0x000009e0       0x26 c:/mingw/avrgcc/bin/../lib/gcc/avr/8.3.0/avr51\libgcc.a(_prologue.o)
 .debug_info    0x00000a06       0x26 c:/mingw/avrgcc/bin/../lib/gcc/avr/8.3.0/avr51\libgcc.a(_epilogue.o)
 .debug_info    0x00000a2c       0x26 c:/mingw/avrgcc/bin/../lib/gcc/avr/8.3.0/avr51\libgcc.a(_ashldi3.o)
 .debug_info    0x00000a52       0x26 c:/mingw/avrgcc/bin/../lib/gcc/avr/8.3.0/avr51\libgcc.a(_ashrdi3.o)
 .debug_info    0x00000a78       0x26 c:/mingw/avrgcc/bin/../lib/gcc/avr/8.3.0/avr51\libgcc.a(_adddi3.o)
 .debug_info    0x00000a9e       0x26 c:/mingw/avrgcc/bin/../lib/gcc/avr/8.3.0/avr51\libgcc.a(_subdi3.o)
 .debug_info    0x00000ac4       0x26 c:/mingw/avrgcc/bin/../lib/gcc/avr/8.3.0/avr51\libgcc.a(_udivmodhi4.o)
 .debug_info    0x00000aea       0x26 c:/mingw/avrgcc/bin/../lib/gcc/avr/8.3.0/avr51\libgcc.a(_udivmodsi4.o)
 .debug_info    0x00000b10       0x26 c:/mingw/avrgcc/bin/../lib/gcc/avr/8.3.0/avr51\libgcc.a(_umulhisi3.o)

.debug_abbrev   0x00000000      0x90c
 *(.debug_abbrev)
 .debug_abbrev  0x00000000      0x718 c:/mingw/avrgcc/bin/../lib/gcc/avr/8.3.0/../../../../avr/lib/avr51/crtatmega128.o
 .debug_abbrev  0x00000718       0x14 c:/mingw/avrgcc/bin/../lib/gcc/avr/8.3.0/avr51\libgcc.a(_mulsi3.o)
 .debug_abbrev  0x0000072c       0x14 c:/mingw/avrgcc/bin/../lib/gcc/avr/8.3.0/avr51\libgcc.a(_divmodhi4.o)
 .debug_abbrev  0x00000740       0x14 c:/mingw/avrgcc/bin/../lib/gcc/avr/8.3.0/avr51\libgcc.a(_divmodsi4.o)
 .debug_abbrev  0x00000754       0x14 c:/mingw/avrgcc/bin/../lib/gcc/avr/8.3.0/avr51\libgcc.a(_negsi2.o)
 .debug_abbrev  0x00000768       0x14 c:/mingw/avrgcc/bin/../lib/gcc/avr/8.3.0/avr51\libgcc.a(_exit.o)
 .debug_abbrev  0x0000077c       0x14 c:/mingw/avrgcc/bin/../lib/gcc/avr/8.3.0/avr51\libgcc.a(_copy_data.o)
 .debug_abbrev  0x00000790       0x14 c:/mingw/avrgcc/bin/../lib/gcc/avr/8.3.0/avr51\libgcc.a(_clear_bss.o)
 .debug_abbrev  0x000007a4       0x14 c:/mingw/avrgcc/bin/../lib/gcc/avr/8.3.0/avr51\libgcc.a(_muluhisi3.o)
 .debug_abbrev  0x000007b8       0x14 c:/mingw/avrgcc/bin/../lib/gcc/avr/8.3.0/avr51\libgcc.a(_muldi3.o)
 .debug_abbrev  0x000007cc       0x14 c:/mingw/avrgcc/bin/../lib/gcc/avr/8.3.0/avr51\libgcc.a(_muldi3_6.o)
 .debug_abbrev  0x000007e0       0x14 c:/mingw/avrgcc/bin/../lib/gcc/avr/8.3.0/avr51\libgcc.a(_mulsidi3.o)
 .debug_abbrev  0x000007f4       0x14 c:/mingw/avrgcc/bin/../lib/gcc/avr/8.3.0/avr51\libgcc.a(_umulsidi3.o)
 .debug_abbrev  0x00000808       0x14 c:/mingw/avrgcc/bin/../lib/gcc/avr/8.3.0/avr51\libgcc.a(_divdi3.o)
 .debug_abbrev  0x0000081c       0x14 c:/mingw/avrgcc/bin/../lib/gcc/avr/8.3.0/avr51\libgcc.a(_udivdi3.o)
 .debug_abbrev  0x00000830       0x14 c:/mingw/avrgcc/bin/../lib/gcc/avr/8.3.0/avr51\libgcc.a(_udivmod64.o)
 .debug_abbrev  0x00000844       0x14 c:/mingw/avrgcc/bin/../lib/gcc/avr/8.3.0/avr51\libgcc.a(_negdi2.o)
 .debug_abbrev  0x00000858       0x14 c:/mingw/avrgcc/bin/../lib/gcc/avr/8.3.0/avr51\libgcc.a(_prologue.o)
 .debug_abbrev  0x0000086c       0x14 c:/mingw/avrgcc/bin/../lib/gcc/avr/8.3.0/avr51\libgcc.a(_epilogue.o)
 .debug_abbrev  0x00000880       0x14 c:/mingw/avrgcc/bin/../lib/gcc/avr/8.3.0/avr51\libgcc.a(_ashldi3.o)
 .debug_abbrev  0x00000894       0x14 c:/mingw/avrgcc/bin/../lib/gcc/avr/8.3.0/avr51\libgcc.a(_ashrdi3.o)
 .debug_abbrev  0x000008a8       0x14 c:/mingw/avrgcc/bin/../lib/gcc/avr/8.3.0/avr51\libgcc.a(_adddi3.o)
 .debug_abbrev  0x000008bc       0x14 c:/mingw/avrgcc/bin/../lib/gcc/avr/8.3.0/avr51\libgcc.a(_subdi3.o)
 .debug_abbrev  0x000008d0       0x14 c:/mingw/avrgcc/bin/../lib/gcc/avr/8.3.0/avr51\libgcc.a(_udivmodhi4.o)
 .debug_abbrev  0x000008e4       0x14 c:/mingw/avrgcc/bin/../lib/gcc/avr/8.3.0/avr51\libgcc.a(_udivmodsi4.o)
 .debug_abbrev  0x000008f8       0x14 c:/mingw/avrgcc/bin/../lib/gcc/avr/8.3.0/avr51\libgcc.a(_umulhisi3.o)

.debug_line     0x00000000     0x1320
 *(.debug_line .debug_line.* .debug_line_end)
 .debug_line    0x00000000       0x1d c:/mingw/avrgcc/bin/../lib/gcc/avr/8.3.0/../../../../avr/lib/avr51/crtatmega128.o
 .debug_line    0x0000001d       0xaf c:/mingw/avrgcc/bin/../lib/gcc/avr/8.3.0/avr51\libgcc.a(_mulsi3.o)
 .debug_line    0x000000cc       0xc7 c:/mingw/avrgcc/bin/../lib/gcc/avr/8.3.0/avr51\libgcc.a(_divmodhi4.o)
 .debug_line    0x00000193       0xcd c:/mingw/avrgcc/bin/../lib/gcc/avr/8.3.0/avr51\libgcc.a(_divmodsi4.o)
 .debug_line    0x00000260       0x61 c:/mingw/avrgcc/bin/../lib/gcc/avr/8.3.0/avr51\libgcc.a(_negsi2.o)
 .debug_line    0x000002c1       0x61 c:/mingw/avrgcc/bin/../lib/gcc/avr/8.3.0/avr51\libgcc.a(_exit.o)
 .debug_line    0x00000322       0xa3 c:/mingw/avrgcc/bin/../lib/gcc/avr/8.3.0/avr51\libgcc.a(_copy_data.o)
 .debug_line    0x000003c5       0x85 c:/mingw/avrgcc/bin/../lib/gcc/avr/8.3.0/avr51\libgcc.a(_clear_bss.o)
 .debug_line    0x0000044a       0x91 c:/mingw/avrgcc/bin/../lib/gcc/avr/8.3.0/avr51\libgcc.a(_muluhisi3.o)
 .debug_line    0x000004db      0x16f c:/mingw/avrgcc/bin/../lib/gcc/avr/8.3.0/avr51\libgcc.a(_muldi3.o)
 .debug_line    0x0000064a       0x85 c:/mingw/avrgcc/bin/../lib/gcc/avr/8.3.0/avr51\libgcc.a(_muldi3_6.o)
 .debug_line    0x000006cf       0xa3 c:/mingw/avrgcc/bin/../lib/gcc/avr/8.3.0/avr51\libgcc.a(_mulsidi3.o)
 .debug_line    0x00000772      0x10f c:/mingw/avrgcc/bin/../lib/gcc/avr/8.3.0/avr51\libgcc.a(_umulsidi3.o)
 .debug_line    0x00000881       0xf1 c:/mingw/avrgcc/bin/../lib/gcc/avr/8.3.0/avr51\libgcc.a(_divdi3.o)
 .debug_line    0x00000972       0xa3 c:/mingw/avrgcc/bin/../lib/gcc/avr/8.3.0/avr51\libgcc.a(_udivdi3.o)
 .debug_line    0x00000a15      0x145 c:/mingw/avrgcc/bin/../lib/gcc/avr/8.3.0/avr51\libgcc.a(_udivmod64.o)
 .debug_line    0x00000b5a       0x79 c:/mingw/avrgcc/bin/../lib/gcc/avr/8.3.0/avr51\libgcc.a(_negdi2.o)
 .debug_line    0x00000bd3       0xfd c:/mingw/avrgcc/bin/../lib/gcc/avr/8.3.0/avr51\libgcc.a(_prologue.o)
 .debug_line    0x00000cd0       0xf7 c:/mingw/avrgcc/bin/../lib/gcc/avr/8.3.0/avr51\libgcc.a(_epilogue.o)
 .debug_line    0x00000dc7       0xeb c:/mingw/avrgcc/bin/../lib/gcc/avr/8.3.0/avr51\libgcc.a(_ashldi3.o)
 .debug_line    0x00000eb2      0x103 c:/mingw/avrgcc/bin/../lib/gcc/avr/8.3.0/avr51\libgcc.a(_ashrdi3.o)
 .debug_line    0x00000fb5       0x67 c:/mingw/avrgcc/bin/../lib/gcc/avr/8.3.0/avr51\libgcc.a(_adddi3.o)
 .debug_line    0x0000101c       0x67 c:/mingw/avrgcc/bin/../lib/gcc/avr/8.3.0/avr51\libgcc.a(_subdi3.o)
 .debug_line    0x00001083       0xcd c:/mingw/avrgcc/bin/../lib/gcc/avr/8.3.0/avr51\libgcc.a(_udivmodhi4.o)
 .debug_line    0x00001150      0x121 c:/mingw/avrgcc/bin/../lib/gcc/avr/8.3.0/avr51\libgcc.a(_udivmodsi4.o)
 .debug_line    0x00001271       0xaf c:/mingw/avrgcc/bin/../lib/gcc/avr/8.3.0/avr51\libgcc.a(_umulhisi3.o)

.debug_frame
 *(.debug_frame)

.debug_str      0x00000000      0x2dc
 *(.debug_str)
 .debug_str     0x00000000      0x27d c:/mingw/avrgcc/bin/../lib/gcc/avr/8.3.0/../../../../avr/lib/avr51/crtatmega128.o
 .debug_str     0x0000027d       0x5f c:/mingw/avrgcc/bin/../lib/gcc/avr/8.3.0/avr51\libgcc.a(_mulsi3.o)
 .debug_str     0x000002dc       0x5f c:/mingw/avrgcc/bin/../lib/gcc/avr/8.3.0/avr51\libgcc.a(_divmodhi4.o)
 .debug_str     0x000002dc       0x5f c:/mingw/avrgcc/bin/../lib/gcc/avr/8.3.0/avr51\libgcc.a(_divmodsi4.o)
 .debug_str     0x000002dc       0x5f c:/mingw/avrgcc/bin/../lib/gcc/avr/8.3.0/avr51\libgcc.a(_negsi2.o)
 .debug_str     0x000002dc       0x5f c:/mingw/avrgcc/bin/../lib/gcc/avr/8.3.0/avr51\libgcc.a(_exit.o)
 .debug_str     0x000002dc       0x5f c:/mingw/avrgcc/bin/../lib/gcc/avr/8.3.0/avr51\libgcc.a(_copy_data.o)
 .debug_str     0x000002dc       0x5f c:/mingw/avrgcc/bin/../lib/gcc/avr/8.3.0/avr51\libgcc.a(_clear_bss.o)
 .debug_str     0x000002dc       0x5f c:/mingw/avrgcc/bin/../lib/gcc/avr/8.3.0/avr51\libgcc.a(_muluhisi3.o)
 .debug_str     0x000002dc       0x5f c:/mingw/avrgcc/bin/../lib/gcc/avr/8.3.0/avr51\libgcc.a(_muldi3.o)
 .debug_str     0x000002dc       0x5f c:/mingw/avrgcc/bin/../lib/gcc/avr/8.3.0/avr51\libgcc.a(_muldi3_6.o)
 .debug_str     0x000002dc       0x5f c:/mingw/avrgcc/bin/../lib/gcc/avr/8.3.0/avr51\libgcc.a(_mulsidi3.o)
 .debug_str     0x000002dc       0x5f c:/mingw/avrgcc/bin/../lib/gcc/avr/8.3.0/avr51\libgcc.a(_umulsidi3.o)
 .debug_str     0x000002dc       0x5f c:/mingw/avrgcc/bin/../lib/gcc/avr/8.3.0/avr51\libgcc.a(_divdi3.o)
 .debug_str     0x000002dc       0x5f c:/mingw/avrgcc/bin/../lib/gcc/avr/8.3.0/avr51\libgcc.a(_udivdi3.o)
 .debug_str     0x000002dc       0x5f c:/mingw/avrgcc/bin/../lib/gcc/avr/8.3.0/avr51\libgcc.a(_udivmod64.o)
 .debug_str     0x000002dc       0x5f c:/mingw/avrgcc/bin/../lib/gcc/avr/8.3.0/avr51\libgcc.a(_negdi2.o)
 .debug_str     0x000002dc       0x5f c:/mingw/avrgcc/bin/../lib/gcc/avr/8.3.0/avr51\libgcc.a(_prologue.o)
 .debug_str     0x000002dc       0x5f c:/mingw/avrgcc/bin/../lib/gcc/avr/8.3.0/avr51\libgcc.a(_epilogue.o)
 .debug_str     0x000002dc       0x5f c:/mingw/avrgcc/bin/../lib/gcc/avr/8.3.0/avr51\libgcc.a(_ashldi3.o)
 .debug_str     0x000002dc       0x5f c:/mingw/avrgcc/bin/../lib/gcc/avr/8.3.0/avr51\libgcc.a(_ashrdi3.o)
 .debug_str     0x000002dc       0x5f c:/mingw/avrgcc/bin/../lib/gcc/avr/8.3.0/avr51\libgcc.a(_adddi3.o)
 .debug_str     0x000002dc       0x5f c:/mingw/avrgcc/bin/../lib/gcc/avr/8.3.0/avr51\libgcc.a(_subdi3.o)
 .debug_str     0x000002dc       0x5f c:/mingw/avrgcc/bin/../lib/gcc/avr/8.3.0/avr51\libgcc.a(_udivmodhi4.o)
 .debug_str     0x000002dc       0x5f c:/mingw/avrgcc/bin/../lib/gcc/avr/8.3.0/avr51\libgcc.a(_udivmodsi4.o)
 .debug_str     0x000002dc       0x5f c:/mingw/avrgcc/bin/../lib/gcc/avr/8.3.0/avr51\libgcc.a(_umulhisi3.o)

.debug_loc
 *(.debug_loc)

.debug_macinfo
 *(.debug_macinfo)

.debug_weaknames
 *(.debug_weaknames)

.debug_funcnames
 *(.debug_funcnames)

.debug_typenames
 *(.debug_typenames)

.debug_varnames
 *(.debug_varnames)

.debug_pubtypes
 *(.debug_pubtypes)

.debug_ranges
 *(.debug_ranges)

.debug_macro
 *(.debug_macro)

.debug_addr
 *(.debug_addr)
OUTPUT(program.out elf32-avr)
LOAD linker stubs
