Archive member included to satisfy reference by file (symbol)

c:/mingw/avrgcc/bin/../lib/gcc/avr/8.3.0/avr51\libgcc.a(_divmodhi4.o)
                              C:\Users\Kang\AppData\Local\Temp\ccoMYyeI.o (__divmodhi4)
c:/mingw/avrgcc/bin/../lib/gcc/avr/8.3.0/avr51\libgcc.a(_exit.o)
                              c:/mingw/avrgcc/bin/../lib/gcc/avr/8.3.0/../../../../avr/lib/avr51/crtatmega128.o (exit)
c:/mingw/avrgcc/bin/../lib/gcc/avr/8.3.0/avr51\libgcc.a(_copy_data.o)
                              C:\Users\Kang\AppData\Local\Temp\cc6gs4Qo.o (__do_copy_data)
c:/mingw/avrgcc/bin/../lib/gcc/avr/8.3.0/avr51\libgcc.a(_clear_bss.o)
                              C:\Users\Kang\AppData\Local\Temp\ccBkTNvz.o (__do_clear_bss)
c:/mingw/avrgcc/bin/../lib/gcc/avr/8.3.0/avr51\libgcc.a(_udivmodhi4.o)
                              c:/mingw/avrgcc/bin/../lib/gcc/avr/8.3.0/avr51\libgcc.a(_divmodhi4.o) (__udivmodhi4)
c:/mingw/avrgcc/bin/../lib/gcc/avr/8.3.0/../../../../avr/lib/avr51\libc.a(malloc.o)
                              C:\Users\Kang\AppData\Local\Temp\cceCXGqQ.o (malloc)
c:/mingw/avrgcc/bin/../lib/gcc/avr/8.3.0/../../../../avr/lib/avr51\libc.a(rand.o)
                              C:\Users\Kang\AppData\Local\Temp\ccoMYyeI.o (rand)
c:/mingw/avrgcc/bin/../lib/gcc/avr/8.3.0/../../../../avr/lib/avr51\libc.a(memcpy.o)
                              C:\Users\Kang\AppData\Local\Temp\cceCXGqQ.o (memcpy)
c:/mingw/avrgcc/bin/../lib/gcc/avr/8.3.0/../../../../avr/lib/avr51\libc.a(strcpy.o)
                              C:\Users\Kang\AppData\Local\Temp\cceCXGqQ.o (strcpy)
c:/mingw/avrgcc/bin/../lib/gcc/avr/8.3.0/../../../../avr/lib/avr51\libc.a(itoa_ncheck.o)
                              C:\Users\Kang\AppData\Local\Temp\cc6gs4Qo.o (__itoa_ncheck)
c:/mingw/avrgcc/bin/../lib/gcc/avr/8.3.0/../../../../avr/lib/avr51\libc.a(utoa_ncheck.o)
                              c:/mingw/avrgcc/bin/../lib/gcc/avr/8.3.0/../../../../avr/lib/avr51\libc.a(itoa_ncheck.o) (__utoa_common)
c:/mingw/avrgcc/bin/../lib/gcc/avr/8.3.0/../../../../avr/lib/avr51\libc.a(sprintf.o)
                              C:\Users\Kang\AppData\Local\Temp\ccoMYyeI.o (sprintf)
c:/mingw/avrgcc/bin/../lib/gcc/avr/8.3.0/../../../../avr/lib/avr51\libc.a(vfprintf_std.o)
                              c:/mingw/avrgcc/bin/../lib/gcc/avr/8.3.0/../../../../avr/lib/avr51\libc.a(sprintf.o) (vfprintf)
c:/mingw/avrgcc/bin/../lib/gcc/avr/8.3.0/../../../../avr/lib/avr51\libc.a(strnlen_P.o)
                              c:/mingw/avrgcc/bin/../lib/gcc/avr/8.3.0/../../../../avr/lib/avr51\libc.a(vfprintf_std.o) (strnlen_P)
c:/mingw/avrgcc/bin/../lib/gcc/avr/8.3.0/../../../../avr/lib/avr51\libc.a(strnlen.o)
                              c:/mingw/avrgcc/bin/../lib/gcc/avr/8.3.0/../../../../avr/lib/avr51\libc.a(vfprintf_std.o) (strnlen)
c:/mingw/avrgcc/bin/../lib/gcc/avr/8.3.0/../../../../avr/lib/avr51\libc.a(strrev.o)
                              c:/mingw/avrgcc/bin/../lib/gcc/avr/8.3.0/../../../../avr/lib/avr51\libc.a(utoa_ncheck.o) (strrev)
c:/mingw/avrgcc/bin/../lib/gcc/avr/8.3.0/../../../../avr/lib/avr51\libc.a(fputc.o)
                              c:/mingw/avrgcc/bin/../lib/gcc/avr/8.3.0/../../../../avr/lib/avr51\libc.a(vfprintf_std.o) (fputc)
c:/mingw/avrgcc/bin/../lib/gcc/avr/8.3.0/../../../../avr/lib/avr51\libc.a(ultoa_invert.o)
                              c:/mingw/avrgcc/bin/../lib/gcc/avr/8.3.0/../../../../avr/lib/avr51\libc.a(vfprintf_std.o) (__ultoa_invert)
c:/mingw/avrgcc/bin/../lib/gcc/avr/8.3.0/avr51\libgcc.a(_divmodsi4.o)
                              c:/mingw/avrgcc/bin/../lib/gcc/avr/8.3.0/../../../../avr/lib/avr51\libc.a(rand.o) (__divmodsi4)
c:/mingw/avrgcc/bin/../lib/gcc/avr/8.3.0/avr51\libgcc.a(_negsi2.o)
                              c:/mingw/avrgcc/bin/../lib/gcc/avr/8.3.0/avr51\libgcc.a(_divmodsi4.o) (__negsi2)
c:/mingw/avrgcc/bin/../lib/gcc/avr/8.3.0/avr51\libgcc.a(_muluhisi3.o)
                              c:/mingw/avrgcc/bin/../lib/gcc/avr/8.3.0/../../../../avr/lib/avr51\libc.a(rand.o) (__muluhisi3)
c:/mingw/avrgcc/bin/../lib/gcc/avr/8.3.0/avr51\libgcc.a(_mulshisi3.o)
                              c:/mingw/avrgcc/bin/../lib/gcc/avr/8.3.0/../../../../avr/lib/avr51\libc.a(rand.o) (__mulohisi3)
c:/mingw/avrgcc/bin/../lib/gcc/avr/8.3.0/avr51\libgcc.a(_udivmodsi4.o)
                              c:/mingw/avrgcc/bin/../lib/gcc/avr/8.3.0/avr51\libgcc.a(_divmodsi4.o) (__udivmodsi4)
c:/mingw/avrgcc/bin/../lib/gcc/avr/8.3.0/avr51\libgcc.a(_umulhisi3.o)
                              c:/mingw/avrgcc/bin/../lib/gcc/avr/8.3.0/avr51\libgcc.a(_muluhisi3.o) (__umulhisi3)

Allocating common symbols
Common symbol       size              file

UART0Sender         0x7               C:\Users\Kang\AppData\Local\Temp\ccWe3sPU.o
__brkval            0x2               c:/mingw/avrgcc/bin/../lib/gcc/avr/8.3.0/../../../../avr/lib/avr51\libc.a(malloc.o)
LCDBuffer           0x2               C:\Users\Kang\AppData\Local\Temp\ccDsNRlc.o
CGROM               0x800             C:\Users\Kang\AppData\Local\Temp\ccBkTNvz.o
__flp               0x2               c:/mingw/avrgcc/bin/../lib/gcc/avr/8.3.0/../../../../avr/lib/avr51\libc.a(malloc.o)

Discarded input sections

 .data          0x00000000        0x0 c:/mingw/avrgcc/bin/../lib/gcc/avr/8.3.0/../../../../avr/lib/avr51/crtatmega128.o
 .bss           0x00000000        0x0 c:/mingw/avrgcc/bin/../lib/gcc/avr/8.3.0/../../../../avr/lib/avr51/crtatmega128.o
 .text          0x00000000        0x0 C:\Users\Kang\AppData\Local\Temp\cc9s84Zi.o
 .data          0x00000000        0x0 C:\Users\Kang\AppData\Local\Temp\cc9s84Zi.o
 .bss           0x00000000        0x0 C:\Users\Kang\AppData\Local\Temp\cc9s84Zi.o
 .comment       0x00000000       0x12 C:\Users\Kang\AppData\Local\Temp\cc9s84Zi.o
 .text          0x00000000        0x0 C:\Users\Kang\AppData\Local\Temp\cc6gs4Qo.o
 .data          0x00000000        0x0 C:\Users\Kang\AppData\Local\Temp\cc6gs4Qo.o
 .bss           0x00000000        0x0 C:\Users\Kang\AppData\Local\Temp\cc6gs4Qo.o
 .text          0x00000000        0x0 C:\Users\Kang\AppData\Local\Temp\ccBkTNvz.o
 .data          0x00000000        0x0 C:\Users\Kang\AppData\Local\Temp\ccBkTNvz.o
 .bss           0x00000000        0x0 C:\Users\Kang\AppData\Local\Temp\ccBkTNvz.o
 .comment       0x00000000       0x12 C:\Users\Kang\AppData\Local\Temp\ccBkTNvz.o
 COMMON         0x00000000      0x800 C:\Users\Kang\AppData\Local\Temp\ccBkTNvz.o
 .text          0x00000000        0x0 C:\Users\Kang\AppData\Local\Temp\cceCXGqQ.o
 .data          0x00000000        0x0 C:\Users\Kang\AppData\Local\Temp\cceCXGqQ.o
 .bss           0x00000000        0x0 C:\Users\Kang\AppData\Local\Temp\cceCXGqQ.o
 .text.TArray_AddLast
                0x00000000       0xe8 C:\Users\Kang\AppData\Local\Temp\cceCXGqQ.o
 .text.TArray_RemoveElement
                0x00000000       0x84 C:\Users\Kang\AppData\Local\Temp\cceCXGqQ.o
 .text.TList_Dispose
                0x00000000       0x9a C:\Users\Kang\AppData\Local\Temp\cceCXGqQ.o
 .text.TListNode_New
                0x00000000       0x88 C:\Users\Kang\AppData\Local\Temp\cceCXGqQ.o
 .text.TListNode_Delete
                0x00000000       0x5c C:\Users\Kang\AppData\Local\Temp\cceCXGqQ.o
 .text.TList_PushFront
                0x00000000       0xc2 C:\Users\Kang\AppData\Local\Temp\cceCXGqQ.o
 .text.TList_PopBack
                0x00000000       0x82 C:\Users\Kang\AppData\Local\Temp\cceCXGqQ.o
 .text.TListNode_Remove
                0x00000000       0x7a C:\Users\Kang\AppData\Local\Temp\cceCXGqQ.o
 .text          0x00000000        0x0 C:\Users\Kang\AppData\Local\Temp\ccDsNRlc.o
 .data          0x00000000        0x0 C:\Users\Kang\AppData\Local\Temp\ccDsNRlc.o
 .bss           0x00000000        0x0 C:\Users\Kang\AppData\Local\Temp\ccDsNRlc.o
 .text.LCDDevice__Initialize
                0x00000000       0x12 C:\Users\Kang\AppData\Local\Temp\ccDsNRlc.o
 .text.LCDDevice__Render
                0x00000000        0x2 C:\Users\Kang\AppData\Local\Temp\ccDsNRlc.o
 .text.DrawLine
                0x00000000       0xea C:\Users\Kang\AppData\Local\Temp\ccDsNRlc.o
 .text.SetMonocolorBuffer
                0x00000000       0x18 C:\Users\Kang\AppData\Local\Temp\ccDsNRlc.o
 .comment       0x00000000       0x12 C:\Users\Kang\AppData\Local\Temp\ccDsNRlc.o
 COMMON         0x00000000        0x2 C:\Users\Kang\AppData\Local\Temp\ccDsNRlc.o
 .text          0x00000000        0x0 C:\Users\Kang\AppData\Local\Temp\ccoMYyeI.o
 .data          0x00000000        0x0 C:\Users\Kang\AppData\Local\Temp\ccoMYyeI.o
 .bss           0x00000000        0x0 C:\Users\Kang\AppData\Local\Temp\ccoMYyeI.o
 .text.InitializeDevice
                0x00000000       0x10 C:\Users\Kang\AppData\Local\Temp\ccoMYyeI.o
 .text          0x00000000        0x0 C:\Users\Kang\AppData\Local\Temp\ccNGwBMf.o
 .data          0x00000000        0x0 C:\Users\Kang\AppData\Local\Temp\ccNGwBMf.o
 .bss           0x00000000        0x0 C:\Users\Kang\AppData\Local\Temp\ccNGwBMf.o
 .comment       0x00000000       0x12 C:\Users\Kang\AppData\Local\Temp\ccNGwBMf.o
 .text          0x00000000        0x0 C:\Users\Kang\AppData\Local\Temp\ccWe3sPU.o
 .data          0x00000000        0x0 C:\Users\Kang\AppData\Local\Temp\ccWe3sPU.o
 .bss           0x00000000        0x0 C:\Users\Kang\AppData\Local\Temp\ccWe3sPU.o
 .text          0x00000000        0x0 c:/mingw/avrgcc/bin/../lib/gcc/avr/8.3.0/avr51\libgcc.a(_divmodhi4.o)
 .data          0x00000000        0x0 c:/mingw/avrgcc/bin/../lib/gcc/avr/8.3.0/avr51\libgcc.a(_divmodhi4.o)
 .bss           0x00000000        0x0 c:/mingw/avrgcc/bin/../lib/gcc/avr/8.3.0/avr51\libgcc.a(_divmodhi4.o)
 .text.libgcc.mul
                0x00000000        0x0 c:/mingw/avrgcc/bin/../lib/gcc/avr/8.3.0/avr51\libgcc.a(_divmodhi4.o)
 .text.libgcc   0x00000000        0x0 c:/mingw/avrgcc/bin/../lib/gcc/avr/8.3.0/avr51\libgcc.a(_divmodhi4.o)
 .text.libgcc.prologue
                0x00000000        0x0 c:/mingw/avrgcc/bin/../lib/gcc/avr/8.3.0/avr51\libgcc.a(_divmodhi4.o)
 .text.libgcc.builtins
                0x00000000        0x0 c:/mingw/avrgcc/bin/../lib/gcc/avr/8.3.0/avr51\libgcc.a(_divmodhi4.o)
 .text.libgcc.fmul
                0x00000000        0x0 c:/mingw/avrgcc/bin/../lib/gcc/avr/8.3.0/avr51\libgcc.a(_divmodhi4.o)
 .text.libgcc.fixed
                0x00000000        0x0 c:/mingw/avrgcc/bin/../lib/gcc/avr/8.3.0/avr51\libgcc.a(_divmodhi4.o)
 .text          0x00000000        0x0 c:/mingw/avrgcc/bin/../lib/gcc/avr/8.3.0/avr51\libgcc.a(_exit.o)
 .data          0x00000000        0x0 c:/mingw/avrgcc/bin/../lib/gcc/avr/8.3.0/avr51\libgcc.a(_exit.o)
 .bss           0x00000000        0x0 c:/mingw/avrgcc/bin/../lib/gcc/avr/8.3.0/avr51\libgcc.a(_exit.o)
 .text.libgcc.mul
                0x00000000        0x0 c:/mingw/avrgcc/bin/../lib/gcc/avr/8.3.0/avr51\libgcc.a(_exit.o)
 .text.libgcc.div
                0x00000000        0x0 c:/mingw/avrgcc/bin/../lib/gcc/avr/8.3.0/avr51\libgcc.a(_exit.o)
 .text.libgcc   0x00000000        0x0 c:/mingw/avrgcc/bin/../lib/gcc/avr/8.3.0/avr51\libgcc.a(_exit.o)
 .text.libgcc.prologue
                0x00000000        0x0 c:/mingw/avrgcc/bin/../lib/gcc/avr/8.3.0/avr51\libgcc.a(_exit.o)
 .text.libgcc.builtins
                0x00000000        0x0 c:/mingw/avrgcc/bin/../lib/gcc/avr/8.3.0/avr51\libgcc.a(_exit.o)
 .text.libgcc.fmul
                0x00000000        0x0 c:/mingw/avrgcc/bin/../lib/gcc/avr/8.3.0/avr51\libgcc.a(_exit.o)
 .text.libgcc.fixed
                0x00000000        0x0 c:/mingw/avrgcc/bin/../lib/gcc/avr/8.3.0/avr51\libgcc.a(_exit.o)
 .text          0x00000000        0x0 c:/mingw/avrgcc/bin/../lib/gcc/avr/8.3.0/avr51\libgcc.a(_copy_data.o)
 .data          0x00000000        0x0 c:/mingw/avrgcc/bin/../lib/gcc/avr/8.3.0/avr51\libgcc.a(_copy_data.o)
 .bss           0x00000000        0x0 c:/mingw/avrgcc/bin/../lib/gcc/avr/8.3.0/avr51\libgcc.a(_copy_data.o)
 .text.libgcc.mul
                0x00000000        0x0 c:/mingw/avrgcc/bin/../lib/gcc/avr/8.3.0/avr51\libgcc.a(_copy_data.o)
 .text.libgcc.div
                0x00000000        0x0 c:/mingw/avrgcc/bin/../lib/gcc/avr/8.3.0/avr51\libgcc.a(_copy_data.o)
 .text.libgcc   0x00000000        0x0 c:/mingw/avrgcc/bin/../lib/gcc/avr/8.3.0/avr51\libgcc.a(_copy_data.o)
 .text.libgcc.prologue
                0x00000000        0x0 c:/mingw/avrgcc/bin/../lib/gcc/avr/8.3.0/avr51\libgcc.a(_copy_data.o)
 .text.libgcc.builtins
                0x00000000        0x0 c:/mingw/avrgcc/bin/../lib/gcc/avr/8.3.0/avr51\libgcc.a(_copy_data.o)
 .text.libgcc.fmul
                0x00000000        0x0 c:/mingw/avrgcc/bin/../lib/gcc/avr/8.3.0/avr51\libgcc.a(_copy_data.o)
 .text.libgcc.fixed
                0x00000000        0x0 c:/mingw/avrgcc/bin/../lib/gcc/avr/8.3.0/avr51\libgcc.a(_copy_data.o)
 .text          0x00000000        0x0 c:/mingw/avrgcc/bin/../lib/gcc/avr/8.3.0/avr51\libgcc.a(_clear_bss.o)
 .data          0x00000000        0x0 c:/mingw/avrgcc/bin/../lib/gcc/avr/8.3.0/avr51\libgcc.a(_clear_bss.o)
 .bss           0x00000000        0x0 c:/mingw/avrgcc/bin/../lib/gcc/avr/8.3.0/avr51\libgcc.a(_clear_bss.o)
 .text.libgcc.mul
                0x00000000        0x0 c:/mingw/avrgcc/bin/../lib/gcc/avr/8.3.0/avr51\libgcc.a(_clear_bss.o)
 .text.libgcc.div
                0x00000000        0x0 c:/mingw/avrgcc/bin/../lib/gcc/avr/8.3.0/avr51\libgcc.a(_clear_bss.o)
 .text.libgcc   0x00000000        0x0 c:/mingw/avrgcc/bin/../lib/gcc/avr/8.3.0/avr51\libgcc.a(_clear_bss.o)
 .text.libgcc.prologue
                0x00000000        0x0 c:/mingw/avrgcc/bin/../lib/gcc/avr/8.3.0/avr51\libgcc.a(_clear_bss.o)
 .text.libgcc.builtins
                0x00000000        0x0 c:/mingw/avrgcc/bin/../lib/gcc/avr/8.3.0/avr51\libgcc.a(_clear_bss.o)
 .text.libgcc.fmul
                0x00000000        0x0 c:/mingw/avrgcc/bin/../lib/gcc/avr/8.3.0/avr51\libgcc.a(_clear_bss.o)
 .text.libgcc.fixed
                0x00000000        0x0 c:/mingw/avrgcc/bin/../lib/gcc/avr/8.3.0/avr51\libgcc.a(_clear_bss.o)
 .text          0x00000000        0x0 c:/mingw/avrgcc/bin/../lib/gcc/avr/8.3.0/avr51\libgcc.a(_udivmodhi4.o)
 .data          0x00000000        0x0 c:/mingw/avrgcc/bin/../lib/gcc/avr/8.3.0/avr51\libgcc.a(_udivmodhi4.o)
 .bss           0x00000000        0x0 c:/mingw/avrgcc/bin/../lib/gcc/avr/8.3.0/avr51\libgcc.a(_udivmodhi4.o)
 .text.libgcc.mul
                0x00000000        0x0 c:/mingw/avrgcc/bin/../lib/gcc/avr/8.3.0/avr51\libgcc.a(_udivmodhi4.o)
 .text.libgcc   0x00000000        0x0 c:/mingw/avrgcc/bin/../lib/gcc/avr/8.3.0/avr51\libgcc.a(_udivmodhi4.o)
 .text.libgcc.prologue
                0x00000000        0x0 c:/mingw/avrgcc/bin/../lib/gcc/avr/8.3.0/avr51\libgcc.a(_udivmodhi4.o)
 .text.libgcc.builtins
                0x00000000        0x0 c:/mingw/avrgcc/bin/../lib/gcc/avr/8.3.0/avr51\libgcc.a(_udivmodhi4.o)
 .text.libgcc.fmul
                0x00000000        0x0 c:/mingw/avrgcc/bin/../lib/gcc/avr/8.3.0/avr51\libgcc.a(_udivmodhi4.o)
 .text.libgcc.fixed
                0x00000000        0x0 c:/mingw/avrgcc/bin/../lib/gcc/avr/8.3.0/avr51\libgcc.a(_udivmodhi4.o)
 .text          0x00000000        0x0 c:/mingw/avrgcc/bin/../lib/gcc/avr/8.3.0/../../../../avr/lib/avr51\libc.a(malloc.o)
 .bss           0x00000000        0x0 c:/mingw/avrgcc/bin/../lib/gcc/avr/8.3.0/../../../../avr/lib/avr51\libc.a(malloc.o)
 .text          0x00000000        0x0 c:/mingw/avrgcc/bin/../lib/gcc/avr/8.3.0/../../../../avr/lib/avr51\libc.a(rand.o)
 .bss           0x00000000        0x0 c:/mingw/avrgcc/bin/../lib/gcc/avr/8.3.0/../../../../avr/lib/avr51\libc.a(rand.o)
 .text          0x00000000        0x0 c:/mingw/avrgcc/bin/../lib/gcc/avr/8.3.0/../../../../avr/lib/avr51\libc.a(memcpy.o)
 .data          0x00000000        0x0 c:/mingw/avrgcc/bin/../lib/gcc/avr/8.3.0/../../../../avr/lib/avr51\libc.a(memcpy.o)
 .bss           0x00000000        0x0 c:/mingw/avrgcc/bin/../lib/gcc/avr/8.3.0/../../../../avr/lib/avr51\libc.a(memcpy.o)
 .text          0x00000000        0x0 c:/mingw/avrgcc/bin/../lib/gcc/avr/8.3.0/../../../../avr/lib/avr51\libc.a(strcpy.o)
 .data          0x00000000        0x0 c:/mingw/avrgcc/bin/../lib/gcc/avr/8.3.0/../../../../avr/lib/avr51\libc.a(strcpy.o)
 .bss           0x00000000        0x0 c:/mingw/avrgcc/bin/../lib/gcc/avr/8.3.0/../../../../avr/lib/avr51\libc.a(strcpy.o)
 .text          0x00000000        0x0 c:/mingw/avrgcc/bin/../lib/gcc/avr/8.3.0/../../../../avr/lib/avr51\libc.a(itoa_ncheck.o)
 .data          0x00000000        0x0 c:/mingw/avrgcc/bin/../lib/gcc/avr/8.3.0/../../../../avr/lib/avr51\libc.a(itoa_ncheck.o)
 .bss           0x00000000        0x0 c:/mingw/avrgcc/bin/../lib/gcc/avr/8.3.0/../../../../avr/lib/avr51\libc.a(itoa_ncheck.o)
 .text          0x00000000        0x0 c:/mingw/avrgcc/bin/../lib/gcc/avr/8.3.0/../../../../avr/lib/avr51\libc.a(utoa_ncheck.o)
 .data          0x00000000        0x0 c:/mingw/avrgcc/bin/../lib/gcc/avr/8.3.0/../../../../avr/lib/avr51\libc.a(utoa_ncheck.o)
 .bss           0x00000000        0x0 c:/mingw/avrgcc/bin/../lib/gcc/avr/8.3.0/../../../../avr/lib/avr51\libc.a(utoa_ncheck.o)
 .text          0x00000000        0x0 c:/mingw/avrgcc/bin/../lib/gcc/avr/8.3.0/../../../../avr/lib/avr51\libc.a(sprintf.o)
 .data          0x00000000        0x0 c:/mingw/avrgcc/bin/../lib/gcc/avr/8.3.0/../../../../avr/lib/avr51\libc.a(sprintf.o)
 .bss           0x00000000        0x0 c:/mingw/avrgcc/bin/../lib/gcc/avr/8.3.0/../../../../avr/lib/avr51\libc.a(sprintf.o)
 .text          0x00000000        0x0 c:/mingw/avrgcc/bin/../lib/gcc/avr/8.3.0/../../../../avr/lib/avr51\libc.a(vfprintf_std.o)
 .data          0x00000000        0x0 c:/mingw/avrgcc/bin/../lib/gcc/avr/8.3.0/../../../../avr/lib/avr51\libc.a(vfprintf_std.o)
 .bss           0x00000000        0x0 c:/mingw/avrgcc/bin/../lib/gcc/avr/8.3.0/../../../../avr/lib/avr51\libc.a(vfprintf_std.o)
 .text          0x00000000        0x0 c:/mingw/avrgcc/bin/../lib/gcc/avr/8.3.0/../../../../avr/lib/avr51\libc.a(strnlen_P.o)
 .data          0x00000000        0x0 c:/mingw/avrgcc/bin/../lib/gcc/avr/8.3.0/../../../../avr/lib/avr51\libc.a(strnlen_P.o)
 .bss           0x00000000        0x0 c:/mingw/avrgcc/bin/../lib/gcc/avr/8.3.0/../../../../avr/lib/avr51\libc.a(strnlen_P.o)
 .text          0x00000000        0x0 c:/mingw/avrgcc/bin/../lib/gcc/avr/8.3.0/../../../../avr/lib/avr51\libc.a(strnlen.o)
 .data          0x00000000        0x0 c:/mingw/avrgcc/bin/../lib/gcc/avr/8.3.0/../../../../avr/lib/avr51\libc.a(strnlen.o)
 .bss           0x00000000        0x0 c:/mingw/avrgcc/bin/../lib/gcc/avr/8.3.0/../../../../avr/lib/avr51\libc.a(strnlen.o)
 .text          0x00000000        0x0 c:/mingw/avrgcc/bin/../lib/gcc/avr/8.3.0/../../../../avr/lib/avr51\libc.a(strrev.o)
 .data          0x00000000        0x0 c:/mingw/avrgcc/bin/../lib/gcc/avr/8.3.0/../../../../avr/lib/avr51\libc.a(strrev.o)
 .bss           0x00000000        0x0 c:/mingw/avrgcc/bin/../lib/gcc/avr/8.3.0/../../../../avr/lib/avr51\libc.a(strrev.o)
 .text          0x00000000        0x0 c:/mingw/avrgcc/bin/../lib/gcc/avr/8.3.0/../../../../avr/lib/avr51\libc.a(fputc.o)
 .data          0x00000000        0x0 c:/mingw/avrgcc/bin/../lib/gcc/avr/8.3.0/../../../../avr/lib/avr51\libc.a(fputc.o)
 .bss           0x00000000        0x0 c:/mingw/avrgcc/bin/../lib/gcc/avr/8.3.0/../../../../avr/lib/avr51\libc.a(fputc.o)
 .text          0x00000000        0x0 c:/mingw/avrgcc/bin/../lib/gcc/avr/8.3.0/../../../../avr/lib/avr51\libc.a(ultoa_invert.o)
 .data          0x00000000        0x0 c:/mingw/avrgcc/bin/../lib/gcc/avr/8.3.0/../../../../avr/lib/avr51\libc.a(ultoa_invert.o)
 .bss           0x00000000        0x0 c:/mingw/avrgcc/bin/../lib/gcc/avr/8.3.0/../../../../avr/lib/avr51\libc.a(ultoa_invert.o)
 .text          0x00000000        0x0 c:/mingw/avrgcc/bin/../lib/gcc/avr/8.3.0/avr51\libgcc.a(_divmodsi4.o)
 .data          0x00000000        0x0 c:/mingw/avrgcc/bin/../lib/gcc/avr/8.3.0/avr51\libgcc.a(_divmodsi4.o)
 .bss           0x00000000        0x0 c:/mingw/avrgcc/bin/../lib/gcc/avr/8.3.0/avr51\libgcc.a(_divmodsi4.o)
 .text.libgcc.mul
                0x00000000        0x0 c:/mingw/avrgcc/bin/../lib/gcc/avr/8.3.0/avr51\libgcc.a(_divmodsi4.o)
 .text.libgcc   0x00000000        0x0 c:/mingw/avrgcc/bin/../lib/gcc/avr/8.3.0/avr51\libgcc.a(_divmodsi4.o)
 .text.libgcc.prologue
                0x00000000        0x0 c:/mingw/avrgcc/bin/../lib/gcc/avr/8.3.0/avr51\libgcc.a(_divmodsi4.o)
 .text.libgcc.builtins
                0x00000000        0x0 c:/mingw/avrgcc/bin/../lib/gcc/avr/8.3.0/avr51\libgcc.a(_divmodsi4.o)
 .text.libgcc.fmul
                0x00000000        0x0 c:/mingw/avrgcc/bin/../lib/gcc/avr/8.3.0/avr51\libgcc.a(_divmodsi4.o)
 .text.libgcc.fixed
                0x00000000        0x0 c:/mingw/avrgcc/bin/../lib/gcc/avr/8.3.0/avr51\libgcc.a(_divmodsi4.o)
 .text          0x00000000        0x0 c:/mingw/avrgcc/bin/../lib/gcc/avr/8.3.0/avr51\libgcc.a(_negsi2.o)
 .data          0x00000000        0x0 c:/mingw/avrgcc/bin/../lib/gcc/avr/8.3.0/avr51\libgcc.a(_negsi2.o)
 .bss           0x00000000        0x0 c:/mingw/avrgcc/bin/../lib/gcc/avr/8.3.0/avr51\libgcc.a(_negsi2.o)
 .text.libgcc.mul
                0x00000000        0x0 c:/mingw/avrgcc/bin/../lib/gcc/avr/8.3.0/avr51\libgcc.a(_negsi2.o)
 .text.libgcc   0x00000000        0x0 c:/mingw/avrgcc/bin/../lib/gcc/avr/8.3.0/avr51\libgcc.a(_negsi2.o)
 .text.libgcc.prologue
                0x00000000        0x0 c:/mingw/avrgcc/bin/../lib/gcc/avr/8.3.0/avr51\libgcc.a(_negsi2.o)
 .text.libgcc.builtins
                0x00000000        0x0 c:/mingw/avrgcc/bin/../lib/gcc/avr/8.3.0/avr51\libgcc.a(_negsi2.o)
 .text.libgcc.fmul
                0x00000000        0x0 c:/mingw/avrgcc/bin/../lib/gcc/avr/8.3.0/avr51\libgcc.a(_negsi2.o)
 .text.libgcc.fixed
                0x00000000        0x0 c:/mingw/avrgcc/bin/../lib/gcc/avr/8.3.0/avr51\libgcc.a(_negsi2.o)
 .text          0x00000000        0x0 c:/mingw/avrgcc/bin/../lib/gcc/avr/8.3.0/avr51\libgcc.a(_muluhisi3.o)
 .data          0x00000000        0x0 c:/mingw/avrgcc/bin/../lib/gcc/avr/8.3.0/avr51\libgcc.a(_muluhisi3.o)
 .bss           0x00000000        0x0 c:/mingw/avrgcc/bin/../lib/gcc/avr/8.3.0/avr51\libgcc.a(_muluhisi3.o)
 .text.libgcc.div
                0x00000000        0x0 c:/mingw/avrgcc/bin/../lib/gcc/avr/8.3.0/avr51\libgcc.a(_muluhisi3.o)
 .text.libgcc   0x00000000        0x0 c:/mingw/avrgcc/bin/../lib/gcc/avr/8.3.0/avr51\libgcc.a(_muluhisi3.o)
 .text.libgcc.prologue
                0x00000000        0x0 c:/mingw/avrgcc/bin/../lib/gcc/avr/8.3.0/avr51\libgcc.a(_muluhisi3.o)
 .text.libgcc.builtins
                0x00000000        0x0 c:/mingw/avrgcc/bin/../lib/gcc/avr/8.3.0/avr51\libgcc.a(_muluhisi3.o)
 .text.libgcc.fmul
                0x00000000        0x0 c:/mingw/avrgcc/bin/../lib/gcc/avr/8.3.0/avr51\libgcc.a(_muluhisi3.o)
 .text.libgcc.fixed
                0x00000000        0x0 c:/mingw/avrgcc/bin/../lib/gcc/avr/8.3.0/avr51\libgcc.a(_muluhisi3.o)
 .text          0x00000000        0x0 c:/mingw/avrgcc/bin/../lib/gcc/avr/8.3.0/avr51\libgcc.a(_mulshisi3.o)
 .data          0x00000000        0x0 c:/mingw/avrgcc/bin/../lib/gcc/avr/8.3.0/avr51\libgcc.a(_mulshisi3.o)
 .bss           0x00000000        0x0 c:/mingw/avrgcc/bin/../lib/gcc/avr/8.3.0/avr51\libgcc.a(_mulshisi3.o)
 .text.libgcc.div
                0x00000000        0x0 c:/mingw/avrgcc/bin/../lib/gcc/avr/8.3.0/avr51\libgcc.a(_mulshisi3.o)
 .text.libgcc   0x00000000        0x0 c:/mingw/avrgcc/bin/../lib/gcc/avr/8.3.0/avr51\libgcc.a(_mulshisi3.o)
 .text.libgcc.prologue
                0x00000000        0x0 c:/mingw/avrgcc/bin/../lib/gcc/avr/8.3.0/avr51\libgcc.a(_mulshisi3.o)
 .text.libgcc.builtins
                0x00000000        0x0 c:/mingw/avrgcc/bin/../lib/gcc/avr/8.3.0/avr51\libgcc.a(_mulshisi3.o)
 .text.libgcc.fmul
                0x00000000        0x0 c:/mingw/avrgcc/bin/../lib/gcc/avr/8.3.0/avr51\libgcc.a(_mulshisi3.o)
 .text.libgcc.fixed
                0x00000000        0x0 c:/mingw/avrgcc/bin/../lib/gcc/avr/8.3.0/avr51\libgcc.a(_mulshisi3.o)
 .text          0x00000000        0x0 c:/mingw/avrgcc/bin/../lib/gcc/avr/8.3.0/avr51\libgcc.a(_udivmodsi4.o)
 .data          0x00000000        0x0 c:/mingw/avrgcc/bin/../lib/gcc/avr/8.3.0/avr51\libgcc.a(_udivmodsi4.o)
 .bss           0x00000000        0x0 c:/mingw/avrgcc/bin/../lib/gcc/avr/8.3.0/avr51\libgcc.a(_udivmodsi4.o)
 .text.libgcc.mul
                0x00000000        0x0 c:/mingw/avrgcc/bin/../lib/gcc/avr/8.3.0/avr51\libgcc.a(_udivmodsi4.o)
 .text.libgcc   0x00000000        0x0 c:/mingw/avrgcc/bin/../lib/gcc/avr/8.3.0/avr51\libgcc.a(_udivmodsi4.o)
 .text.libgcc.prologue
                0x00000000        0x0 c:/mingw/avrgcc/bin/../lib/gcc/avr/8.3.0/avr51\libgcc.a(_udivmodsi4.o)
 .text.libgcc.builtins
                0x00000000        0x0 c:/mingw/avrgcc/bin/../lib/gcc/avr/8.3.0/avr51\libgcc.a(_udivmodsi4.o)
 .text.libgcc.fmul
                0x00000000        0x0 c:/mingw/avrgcc/bin/../lib/gcc/avr/8.3.0/avr51\libgcc.a(_udivmodsi4.o)
 .text.libgcc.fixed
                0x00000000        0x0 c:/mingw/avrgcc/bin/../lib/gcc/avr/8.3.0/avr51\libgcc.a(_udivmodsi4.o)
 .text          0x00000000        0x0 c:/mingw/avrgcc/bin/../lib/gcc/avr/8.3.0/avr51\libgcc.a(_umulhisi3.o)
 .data          0x00000000        0x0 c:/mingw/avrgcc/bin/../lib/gcc/avr/8.3.0/avr51\libgcc.a(_umulhisi3.o)
 .bss           0x00000000        0x0 c:/mingw/avrgcc/bin/../lib/gcc/avr/8.3.0/avr51\libgcc.a(_umulhisi3.o)
 .text.libgcc.div
                0x00000000        0x0 c:/mingw/avrgcc/bin/../lib/gcc/avr/8.3.0/avr51\libgcc.a(_umulhisi3.o)
 .text.libgcc   0x00000000        0x0 c:/mingw/avrgcc/bin/../lib/gcc/avr/8.3.0/avr51\libgcc.a(_umulhisi3.o)
 .text.libgcc.prologue
                0x00000000        0x0 c:/mingw/avrgcc/bin/../lib/gcc/avr/8.3.0/avr51\libgcc.a(_umulhisi3.o)
 .text.libgcc.builtins
                0x00000000        0x0 c:/mingw/avrgcc/bin/../lib/gcc/avr/8.3.0/avr51\libgcc.a(_umulhisi3.o)
 .text.libgcc.fmul
                0x00000000        0x0 c:/mingw/avrgcc/bin/../lib/gcc/avr/8.3.0/avr51\libgcc.a(_umulhisi3.o)
 .text.libgcc.fixed
                0x00000000        0x0 c:/mingw/avrgcc/bin/../lib/gcc/avr/8.3.0/avr51\libgcc.a(_umulhisi3.o)

Memory Configuration

Name             Origin             Length             Attributes
text             0x00000000         0x00020000         xr
data             0x00800100         0x0000ff00         rw !x
eeprom           0x00810000         0x00010000         rw !x
fuse             0x00820000         0x00000400         rw !x
lock             0x00830000         0x00000400         rw !x
signature        0x00840000         0x00000400         rw !x
user_signatures  0x00850000         0x00000400         rw !x
*default*        0x00000000         0xffffffff

Linker script and memory map

Address of section .data set to 0x800100
LOAD c:/mingw/avrgcc/bin/../lib/gcc/avr/8.3.0/../../../../avr/lib/avr51/crtatmega128.o
LOAD C:\Users\Kang\AppData\Local\Temp\cc9s84Zi.o
LOAD C:\Users\Kang\AppData\Local\Temp\cc6gs4Qo.o
LOAD C:\Users\Kang\AppData\Local\Temp\ccBkTNvz.o
LOAD C:\Users\Kang\AppData\Local\Temp\cceCXGqQ.o
LOAD C:\Users\Kang\AppData\Local\Temp\ccDsNRlc.o
LOAD C:\Users\Kang\AppData\Local\Temp\ccoMYyeI.o
LOAD C:\Users\Kang\AppData\Local\Temp\ccNGwBMf.o
LOAD C:\Users\Kang\AppData\Local\Temp\ccWe3sPU.o
START GROUP
LOAD c:/mingw/avrgcc/bin/../lib/gcc/avr/8.3.0/avr51\libgcc.a
LOAD c:/mingw/avrgcc/bin/../lib/gcc/avr/8.3.0/../../../../avr/lib/avr51\libm.a
LOAD c:/mingw/avrgcc/bin/../lib/gcc/avr/8.3.0/../../../../avr/lib/avr51\libc.a
LOAD c:/mingw/avrgcc/bin/../lib/gcc/avr/8.3.0/../../../../avr/lib/avr51\libatmega128.a
END GROUP
                0x00020000                __TEXT_REGION_LENGTH__ = DEFINED (__TEXT_REGION_LENGTH__)?__TEXT_REGION_LENGTH__:0x20000
                0x0000ff00                __DATA_REGION_LENGTH__ = DEFINED (__DATA_REGION_LENGTH__)?__DATA_REGION_LENGTH__:0xff00
                0x00010000                __EEPROM_REGION_LENGTH__ = DEFINED (__EEPROM_REGION_LENGTH__)?__EEPROM_REGION_LENGTH__:0x10000
                0x00000400                __FUSE_REGION_LENGTH__ = DEFINED (__FUSE_REGION_LENGTH__)?__FUSE_REGION_LENGTH__:0x400
                0x00000400                __LOCK_REGION_LENGTH__ = DEFINED (__LOCK_REGION_LENGTH__)?__LOCK_REGION_LENGTH__:0x400
                0x00000400                __SIGNATURE_REGION_LENGTH__ = DEFINED (__SIGNATURE_REGION_LENGTH__)?__SIGNATURE_REGION_LENGTH__:0x400
                0x00000400                __USER_SIGNATURE_REGION_LENGTH__ = DEFINED (__USER_SIGNATURE_REGION_LENGTH__)?__USER_SIGNATURE_REGION_LENGTH__:0x400

.hash
 *(.hash)

.dynsym
 *(.dynsym)

.dynstr
 *(.dynstr)

.gnu.version
 *(.gnu.version)

.gnu.version_d
 *(.gnu.version_d)

.gnu.version_r
 *(.gnu.version_r)

.rel.init
 *(.rel.init)

.rela.init
 *(.rela.init)

.rel.text
 *(.rel.text)
 *(.rel.text.*)
 *(.rel.gnu.linkonce.t*)

.rela.text
 *(.rela.text)
 *(.rela.text.*)
 *(.rela.gnu.linkonce.t*)

.rel.fini
 *(.rel.fini)

.rela.fini
 *(.rela.fini)

.rel.rodata
 *(.rel.rodata)
 *(.rel.rodata.*)
 *(.rel.gnu.linkonce.r*)

.rela.rodata
 *(.rela.rodata)
 *(.rela.rodata.*)
 *(.rela.gnu.linkonce.r*)

.rel.data
 *(.rel.data)
 *(.rel.data.*)
 *(.rel.gnu.linkonce.d*)

.rela.data
 *(.rela.data)
 *(.rela.data.*)
 *(.rela.gnu.linkonce.d*)

.rel.ctors
 *(.rel.ctors)

.rela.ctors
 *(.rela.ctors)

.rel.dtors
 *(.rel.dtors)

.rela.dtors
 *(.rela.dtors)

.rel.got
 *(.rel.got)

.rela.got
 *(.rela.got)

.rel.bss
 *(.rel.bss)

.rela.bss
 *(.rela.bss)

.rel.plt
 *(.rel.plt)

.rela.plt
 *(.rela.plt)

.text           0x00000000     0x1726
 *(.vectors)
 .vectors       0x00000000       0x8c c:/mingw/avrgcc/bin/../lib/gcc/avr/8.3.0/../../../../avr/lib/avr51/crtatmega128.o
                0x00000000                __vector_default
                0x00000000                __vectors
 *(.vectors)
 *(.progmem.gcc*)
                0x0000008c                . = ALIGN (0x2)
                0x0000008c                __trampolines_start = .
 *(.trampolines)
 .trampolines   0x0000008c        0x0 linker stubs
 *(.trampolines*)
                0x0000008c                __trampolines_end = .
 *libprintf_flt.a:*(.progmem.data)
 *libc.a:*(.progmem.data)
 *(.progmem.*)
                0x0000008c                . = ALIGN (0x2)
 *(.lowtext)
 *(.lowtext*)
                0x0000008c                __ctors_start = .
 *(.ctors)
                0x0000008c                __ctors_end = .
                0x0000008c                __dtors_start = .
 *(.dtors)
                0x0000008c                __dtors_end = .
 SORT_BY_NAME(*)(.ctors)
 SORT_BY_NAME(*)(.dtors)
 *(.init0)
 .init0         0x0000008c        0x0 c:/mingw/avrgcc/bin/../lib/gcc/avr/8.3.0/../../../../avr/lib/avr51/crtatmega128.o
                0x0000008c                __init
 *(.init0)
 *(.init1)
 *(.init1)
 *(.init2)
 .init2         0x0000008c        0xc c:/mingw/avrgcc/bin/../lib/gcc/avr/8.3.0/../../../../avr/lib/avr51/crtatmega128.o
 *(.init2)
 *(.init3)
 *(.init3)
 *(.init4)
 .init4         0x00000098       0x1a c:/mingw/avrgcc/bin/../lib/gcc/avr/8.3.0/avr51\libgcc.a(_copy_data.o)
                0x00000098                __do_copy_data
 .init4         0x000000b2       0x10 c:/mingw/avrgcc/bin/../lib/gcc/avr/8.3.0/avr51\libgcc.a(_clear_bss.o)
                0x000000b2                __do_clear_bss
 *(.init4)
 *(.init5)
 *(.init5)
 *(.init6)
 *(.init6)
 *(.init7)
 *(.init7)
 *(.init8)
 *(.init8)
 *(.init9)
 .init9         0x000000c2        0x8 c:/mingw/avrgcc/bin/../lib/gcc/avr/8.3.0/../../../../avr/lib/avr51/crtatmega128.o
 *(.init9)
 *(.text)
 .text          0x000000ca        0x4 c:/mingw/avrgcc/bin/../lib/gcc/avr/8.3.0/../../../../avr/lib/avr51/crtatmega128.o
                0x000000ca                __vector_22
                0x000000ca                __vector_28
                0x000000ca                __vector_1
                0x000000ca                __vector_32
                0x000000ca                __vector_34
                0x000000ca                __vector_24
                0x000000ca                __vector_12
                0x000000ca                __bad_interrupt
                0x000000ca                __vector_6
                0x000000ca                __vector_31
                0x000000ca                __vector_3
                0x000000ca                __vector_23
                0x000000ca                __vector_30
                0x000000ca                __vector_25
                0x000000ca                __vector_11
                0x000000ca                __vector_13
                0x000000ca                __vector_17
                0x000000ca                __vector_19
                0x000000ca                __vector_7
                0x000000ca                __vector_27
                0x000000ca                __vector_5
                0x000000ca                __vector_33
                0x000000ca                __vector_4
                0x000000ca                __vector_9
                0x000000ca                __vector_2
                0x000000ca                __vector_21
                0x000000ca                __vector_15
                0x000000ca                __vector_29
                0x000000ca                __vector_8
                0x000000ca                __vector_26
                0x000000ca                __vector_14
                0x000000ca                __vector_10
                0x000000ca                __vector_16
                0x000000ca                __vector_18
                0x000000ce                . = ALIGN (0x2)
 *(.text.*)
 .text.internal_logslow
                0x000000ce      0x1ca C:\Users\Kang\AppData\Local\Temp\cc6gs4Qo.o
                0x000000ce                internal_logslow
 .text.outputmsg_uart0
                0x00000298       0x3c C:\Users\Kang\AppData\Local\Temp\cc6gs4Qo.o
                0x00000298                outputmsg_uart0
 .text.internal_assertion_failed
                0x000002d4       0x5e C:\Users\Kang\AppData\Local\Temp\cc6gs4Qo.o
                0x000002d4                internal_assertion_failed
 .text.FString_Initialize
                0x00000332       0x6c C:\Users\Kang\AppData\Local\Temp\cceCXGqQ.o
                0x00000332                FString_Initialize
 .text.TList_PushBack
                0x0000039e       0xc6 C:\Users\Kang\AppData\Local\Temp\cceCXGqQ.o
                0x0000039e                TList_PushBack
 .text.TList_PopFront
                0x00000464       0x82 C:\Users\Kang\AppData\Local\Temp\cceCXGqQ.o
                0x00000464                TList_PopFront
 .text.startup.main
                0x000004e6      0x5fc C:\Users\Kang\AppData\Local\Temp\ccoMYyeI.o
                0x000004e6                main
 .text.InitializeTX0SerialOutput
                0x00000ae2       0x14 C:\Users\Kang\AppData\Local\Temp\ccWe3sPU.o
                0x00000ae2                InitializeTX0SerialOutput
 .text.CSerialSender_Initialize
                0x00000af6       0x14 C:\Users\Kang\AppData\Local\Temp\ccWe3sPU.o
                0x00000af6                CSerialSender_Initialize
 .text.CSerialSender_QueueOutputString
                0x00000b0a       0x66 C:\Users\Kang\AppData\Local\Temp\ccWe3sPU.o
                0x00000b0a                CSerialSender_QueueOutputString
 .text.CSerialSender_ConsumeOutputCharacter
                0x00000b70      0x116 C:\Users\Kang\AppData\Local\Temp\ccWe3sPU.o
                0x00000b70                CSerialSender_ConsumeOutputCharacter
 .text.__vector_20
                0x00000c86       0x62 C:\Users\Kang\AppData\Local\Temp\ccWe3sPU.o
                0x00000c86                __vector_20
 .text.libgcc.div
                0x00000ce8       0x28 c:/mingw/avrgcc/bin/../lib/gcc/avr/8.3.0/avr51\libgcc.a(_divmodhi4.o)
                0x00000ce8                _div
                0x00000ce8                __divmodhi4
 .text.libgcc.div
                0x00000d10       0x28 c:/mingw/avrgcc/bin/../lib/gcc/avr/8.3.0/avr51\libgcc.a(_udivmodhi4.o)
                0x00000d10                __udivmodhi4
 .text.avr-libc
                0x00000d38      0x256 c:/mingw/avrgcc/bin/../lib/gcc/avr/8.3.0/../../../../avr/lib/avr51\libc.a(malloc.o)
                0x00000d38                malloc
                0x00000e6c                free
 .text.avr-libc
                0x00000f8e       0xb4 c:/mingw/avrgcc/bin/../lib/gcc/avr/8.3.0/../../../../avr/lib/avr51\libc.a(rand.o)
                0x00001020                rand_r
                0x00001024                rand
                0x0000102c                srand
 .text.avr-libc
                0x00001042       0x12 c:/mingw/avrgcc/bin/../lib/gcc/avr/8.3.0/../../../../avr/lib/avr51\libc.a(memcpy.o)
                0x00001042                memcpy
 .text.avr-libc
                0x00001054        0xe c:/mingw/avrgcc/bin/../lib/gcc/avr/8.3.0/../../../../avr/lib/avr51\libc.a(strcpy.o)
                0x00001054                strcpy
 .text.avr-libc
                0x00001062       0x16 c:/mingw/avrgcc/bin/../lib/gcc/avr/8.3.0/../../../../avr/lib/avr51\libc.a(itoa_ncheck.o)
                0x00001062                __itoa_ncheck
 .text.avr-libc
                0x00001078       0x34 c:/mingw/avrgcc/bin/../lib/gcc/avr/8.3.0/../../../../avr/lib/avr51\libc.a(utoa_ncheck.o)
                0x00001078                __utoa_ncheck
                0x0000107a                __utoa_common
 .text.avr-libc
                0x000010ac       0x60 c:/mingw/avrgcc/bin/../lib/gcc/avr/8.3.0/../../../../avr/lib/avr51\libc.a(sprintf.o)
                0x000010ac                sprintf
 .text.avr-libc
                0x0000110c      0x3e8 c:/mingw/avrgcc/bin/../lib/gcc/avr/8.3.0/../../../../avr/lib/avr51\libc.a(vfprintf_std.o)
                0x0000110c                vfprintf
 .text.avr-libc
                0x000014f4       0x16 c:/mingw/avrgcc/bin/../lib/gcc/avr/8.3.0/../../../../avr/lib/avr51\libc.a(strnlen_P.o)
                0x000014f4                strnlen_P
 .text.avr-libc
                0x0000150a       0x16 c:/mingw/avrgcc/bin/../lib/gcc/avr/8.3.0/../../../../avr/lib/avr51\libc.a(strnlen.o)
                0x0000150a                strnlen
 .text.avr-libc
                0x00001520       0x20 c:/mingw/avrgcc/bin/../lib/gcc/avr/8.3.0/../../../../avr/lib/avr51\libc.a(strrev.o)
                0x00001520                strrev
 .text.avr-libc
                0x00001540       0x60 c:/mingw/avrgcc/bin/../lib/gcc/avr/8.3.0/../../../../avr/lib/avr51\libc.a(fputc.o)
                0x00001540                fputc
 .text.avr-libc
                0x000015a0       0xbc c:/mingw/avrgcc/bin/../lib/gcc/avr/8.3.0/../../../../avr/lib/avr51\libc.a(ultoa_invert.o)
                0x000015a0                __ultoa_invert
 .text.libgcc.div
                0x0000165c       0x2e c:/mingw/avrgcc/bin/../lib/gcc/avr/8.3.0/avr51\libgcc.a(_divmodsi4.o)
                0x0000165c                __divmodsi4
 .text.libgcc.div
                0x0000168a       0x10 c:/mingw/avrgcc/bin/../lib/gcc/avr/8.3.0/avr51\libgcc.a(_negsi2.o)
                0x0000168a                __negsi2
 .text.libgcc.mul
                0x0000169a       0x16 c:/mingw/avrgcc/bin/../lib/gcc/avr/8.3.0/avr51\libgcc.a(_muluhisi3.o)
                0x0000169a                __muluhisi3
 .text.libgcc.mul
                0x000016b0       0x10 c:/mingw/avrgcc/bin/../lib/gcc/avr/8.3.0/avr51\libgcc.a(_mulshisi3.o)
                0x000016b0                __mulshisi3
                0x000016b6                __mulohisi3
 .text.libgcc.div
                0x000016c0       0x44 c:/mingw/avrgcc/bin/../lib/gcc/avr/8.3.0/avr51\libgcc.a(_udivmodsi4.o)
                0x000016c0                __udivmodsi4
 .text.libgcc.mul
                0x00001704       0x1e c:/mingw/avrgcc/bin/../lib/gcc/avr/8.3.0/avr51\libgcc.a(_umulhisi3.o)
                0x00001704                __umulhisi3
                0x00001722                . = ALIGN (0x2)
 *(.fini9)
 .fini9         0x00001722        0x0 c:/mingw/avrgcc/bin/../lib/gcc/avr/8.3.0/avr51\libgcc.a(_exit.o)
                0x00001722                _exit
                0x00001722                exit
 *(.fini9)
 *(.fini8)
 *(.fini8)
 *(.fini7)
 *(.fini7)
 *(.fini6)
 *(.fini6)
 *(.fini5)
 *(.fini5)
 *(.fini4)
 *(.fini4)
 *(.fini3)
 *(.fini3)
 *(.fini2)
 *(.fini2)
 *(.fini1)
 *(.fini1)
 *(.fini0)
 .fini0         0x00001722        0x4 c:/mingw/avrgcc/bin/../lib/gcc/avr/8.3.0/avr51\libgcc.a(_exit.o)
 *(.fini0)
 *(.hightext)
 *(.hightext*)
 *(.progmemx.*)
                0x00001726                . = ALIGN (0x2)
 *(.jumptables)
 *(.jumptables*)
                0x00001726                _etext = .

.data           0x00800100      0x21e load address 0x00001726
                0x00800100                PROVIDE (__data_start = .)
 *(.data)
 .data          0x00800100        0x6 c:/mingw/avrgcc/bin/../lib/gcc/avr/8.3.0/../../../../avr/lib/avr51\libc.a(malloc.o)
                0x00800100                __malloc_heap_end
                0x00800102                __malloc_heap_start
                0x00800104                __malloc_margin
 .data          0x00800106        0x4 c:/mingw/avrgcc/bin/../lib/gcc/avr/8.3.0/../../../../avr/lib/avr51\libc.a(rand.o)
 *(.data*)
 *(.gnu.linkonce.d*)
 *(.rodata)
 *(.rodata*)
 .rodata.internal_logslow.str1.1
                0x0080010a        0xf C:\Users\Kang\AppData\Local\Temp\cc6gs4Qo.o
                                 0x1b (size before relaxing)
 .rodata.internal_assertion_failed.str1.1
                0x00800119       0x48 C:\Users\Kang\AppData\Local\Temp\cc6gs4Qo.o
                                 0x4b (size before relaxing)
 .rodata.main.str1.1
                0x00800161      0x180 C:\Users\Kang\AppData\Local\Temp\ccoMYyeI.o
                                0x182 (size before relaxing)
 .rodata.CSerialSender_ConsumeOutputCharacter.str1.1
                0x008002e1       0x3d C:\Users\Kang\AppData\Local\Temp\ccWe3sPU.o
                                 0x70 (size before relaxing)
 *(.gnu.linkonce.r*)
                0x0080031e                . = ALIGN (0x2)
                0x0080031e                _edata = .
                0x0080031e                PROVIDE (__data_end = .)

.bss            0x0080031e        0xc
                0x0080031e                PROVIDE (__bss_start = .)
 *(.bss)
 *(.bss*)
 .bss.__INTERRUPT_LOCK_MUTEX__
                0x0080031e        0x1 C:\Users\Kang\AppData\Local\Temp\ccoMYyeI.o
                0x0080031e                __INTERRUPT_LOCK_MUTEX__
 *(COMMON)
 COMMON         0x0080031f        0x7 C:\Users\Kang\AppData\Local\Temp\ccWe3sPU.o
                0x0080031f                UART0Sender
 COMMON         0x00800326        0x4 c:/mingw/avrgcc/bin/../lib/gcc/avr/8.3.0/../../../../avr/lib/avr51\libc.a(malloc.o)
                0x00800326                __brkval
                0x00800328                __flp
                0x0080032a                PROVIDE (__bss_end = .)
                0x00001726                __data_load_start = LOADADDR (.data)
                0x00001944                __data_load_end = (__data_load_start + SIZEOF (.data))

.noinit         0x0080032a        0x0
                [!provide]                PROVIDE (__noinit_start = .)
 *(.noinit*)
                [!provide]                PROVIDE (__noinit_end = .)
                0x0080032a                _end = .
                0x0080032a                PROVIDE (__heap_start = .)

.eeprom         0x00810000        0x0
 *(.eeprom*)
                0x00810000                __eeprom_end = .

.fuse
 *(.fuse)
 *(.lfuse)
 *(.hfuse)
 *(.efuse)

.lock
 *(.lock*)

.signature
 *(.signature*)

.stab
 *(.stab)

.stabstr
 *(.stabstr)

.stab.excl
 *(.stab.excl)

.stab.exclstr
 *(.stab.exclstr)

.stab.index
 *(.stab.index)

.stab.indexstr
 *(.stab.indexstr)

.comment        0x00000000       0x11
 *(.comment)
 .comment       0x00000000       0x11 C:\Users\Kang\AppData\Local\Temp\cc6gs4Qo.o
                                 0x12 (size before relaxing)
 .comment       0x00000011       0x12 C:\Users\Kang\AppData\Local\Temp\cceCXGqQ.o
 .comment       0x00000011       0x12 C:\Users\Kang\AppData\Local\Temp\ccoMYyeI.o
 .comment       0x00000011       0x12 C:\Users\Kang\AppData\Local\Temp\ccWe3sPU.o
 .comment       0x00000011       0x12 c:/mingw/avrgcc/bin/../lib/gcc/avr/8.3.0/../../../../avr/lib/avr51\libc.a(malloc.o)
 .comment       0x00000011       0x12 c:/mingw/avrgcc/bin/../lib/gcc/avr/8.3.0/../../../../avr/lib/avr51\libc.a(rand.o)
 .comment       0x00000011       0x12 c:/mingw/avrgcc/bin/../lib/gcc/avr/8.3.0/../../../../avr/lib/avr51\libc.a(sprintf.o)
 .comment       0x00000011       0x12 c:/mingw/avrgcc/bin/../lib/gcc/avr/8.3.0/../../../../avr/lib/avr51\libc.a(vfprintf_std.o)
 .comment       0x00000011       0x12 c:/mingw/avrgcc/bin/../lib/gcc/avr/8.3.0/../../../../avr/lib/avr51\libc.a(fputc.o)

.note.gnu.avr.deviceinfo
                0x00000000       0x3c
 .note.gnu.avr.deviceinfo
                0x00000000       0x3c c:/mingw/avrgcc/bin/../lib/gcc/avr/8.3.0/../../../../avr/lib/avr51/crtatmega128.o

.note.gnu.build-id
 *(.note.gnu.build-id)

.debug
 *(.debug)

.line
 *(.line)

.debug_srcinfo
 *(.debug_srcinfo)

.debug_sfnames
 *(.debug_sfnames)

.debug_aranges  0x00000000      0x160
 *(.debug_aranges)
 .debug_aranges
                0x00000000       0x20 c:/mingw/avrgcc/bin/../lib/gcc/avr/8.3.0/avr51\libgcc.a(_divmodhi4.o)
 .debug_aranges
                0x00000020       0x20 c:/mingw/avrgcc/bin/../lib/gcc/avr/8.3.0/avr51\libgcc.a(_exit.o)
 .debug_aranges
                0x00000040       0x20 c:/mingw/avrgcc/bin/../lib/gcc/avr/8.3.0/avr51\libgcc.a(_copy_data.o)
 .debug_aranges
                0x00000060       0x20 c:/mingw/avrgcc/bin/../lib/gcc/avr/8.3.0/avr51\libgcc.a(_clear_bss.o)
 .debug_aranges
                0x00000080       0x20 c:/mingw/avrgcc/bin/../lib/gcc/avr/8.3.0/avr51\libgcc.a(_udivmodhi4.o)
 .debug_aranges
                0x000000a0       0x20 c:/mingw/avrgcc/bin/../lib/gcc/avr/8.3.0/avr51\libgcc.a(_divmodsi4.o)
 .debug_aranges
                0x000000c0       0x20 c:/mingw/avrgcc/bin/../lib/gcc/avr/8.3.0/avr51\libgcc.a(_negsi2.o)
 .debug_aranges
                0x000000e0       0x20 c:/mingw/avrgcc/bin/../lib/gcc/avr/8.3.0/avr51\libgcc.a(_muluhisi3.o)
 .debug_aranges
                0x00000100       0x20 c:/mingw/avrgcc/bin/../lib/gcc/avr/8.3.0/avr51\libgcc.a(_mulshisi3.o)
 .debug_aranges
                0x00000120       0x20 c:/mingw/avrgcc/bin/../lib/gcc/avr/8.3.0/avr51\libgcc.a(_udivmodsi4.o)
 .debug_aranges
                0x00000140       0x20 c:/mingw/avrgcc/bin/../lib/gcc/avr/8.3.0/avr51\libgcc.a(_umulhisi3.o)

.debug_pubnames
 *(.debug_pubnames)

.debug_info     0x00000000      0x922
 *(.debug_info .gnu.linkonce.wi.*)
 .debug_info    0x00000000      0x780 c:/mingw/avrgcc/bin/../lib/gcc/avr/8.3.0/../../../../avr/lib/avr51/crtatmega128.o
 .debug_info    0x00000780       0x26 c:/mingw/avrgcc/bin/../lib/gcc/avr/8.3.0/avr51\libgcc.a(_divmodhi4.o)
 .debug_info    0x000007a6       0x26 c:/mingw/avrgcc/bin/../lib/gcc/avr/8.3.0/avr51\libgcc.a(_exit.o)
 .debug_info    0x000007cc       0x26 c:/mingw/avrgcc/bin/../lib/gcc/avr/8.3.0/avr51\libgcc.a(_copy_data.o)
 .debug_info    0x000007f2       0x26 c:/mingw/avrgcc/bin/../lib/gcc/avr/8.3.0/avr51\libgcc.a(_clear_bss.o)
 .debug_info    0x00000818       0x26 c:/mingw/avrgcc/bin/../lib/gcc/avr/8.3.0/avr51\libgcc.a(_udivmodhi4.o)
 .debug_info    0x0000083e       0x26 c:/mingw/avrgcc/bin/../lib/gcc/avr/8.3.0/avr51\libgcc.a(_divmodsi4.o)
 .debug_info    0x00000864       0x26 c:/mingw/avrgcc/bin/../lib/gcc/avr/8.3.0/avr51\libgcc.a(_negsi2.o)
 .debug_info    0x0000088a       0x26 c:/mingw/avrgcc/bin/../lib/gcc/avr/8.3.0/avr51\libgcc.a(_muluhisi3.o)
 .debug_info    0x000008b0       0x26 c:/mingw/avrgcc/bin/../lib/gcc/avr/8.3.0/avr51\libgcc.a(_mulshisi3.o)
 .debug_info    0x000008d6       0x26 c:/mingw/avrgcc/bin/../lib/gcc/avr/8.3.0/avr51\libgcc.a(_udivmodsi4.o)
 .debug_info    0x000008fc       0x26 c:/mingw/avrgcc/bin/../lib/gcc/avr/8.3.0/avr51\libgcc.a(_umulhisi3.o)

.debug_abbrev   0x00000000      0x7f4
 *(.debug_abbrev)
 .debug_abbrev  0x00000000      0x718 c:/mingw/avrgcc/bin/../lib/gcc/avr/8.3.0/../../../../avr/lib/avr51/crtatmega128.o
 .debug_abbrev  0x00000718       0x14 c:/mingw/avrgcc/bin/../lib/gcc/avr/8.3.0/avr51\libgcc.a(_divmodhi4.o)
 .debug_abbrev  0x0000072c       0x14 c:/mingw/avrgcc/bin/../lib/gcc/avr/8.3.0/avr51\libgcc.a(_exit.o)
 .debug_abbrev  0x00000740       0x14 c:/mingw/avrgcc/bin/../lib/gcc/avr/8.3.0/avr51\libgcc.a(_copy_data.o)
 .debug_abbrev  0x00000754       0x14 c:/mingw/avrgcc/bin/../lib/gcc/avr/8.3.0/avr51\libgcc.a(_clear_bss.o)
 .debug_abbrev  0x00000768       0x14 c:/mingw/avrgcc/bin/../lib/gcc/avr/8.3.0/avr51\libgcc.a(_udivmodhi4.o)
 .debug_abbrev  0x0000077c       0x14 c:/mingw/avrgcc/bin/../lib/gcc/avr/8.3.0/avr51\libgcc.a(_divmodsi4.o)
 .debug_abbrev  0x00000790       0x14 c:/mingw/avrgcc/bin/../lib/gcc/avr/8.3.0/avr51\libgcc.a(_negsi2.o)
 .debug_abbrev  0x000007a4       0x14 c:/mingw/avrgcc/bin/../lib/gcc/avr/8.3.0/avr51\libgcc.a(_muluhisi3.o)
 .debug_abbrev  0x000007b8       0x14 c:/mingw/avrgcc/bin/../lib/gcc/avr/8.3.0/avr51\libgcc.a(_mulshisi3.o)
 .debug_abbrev  0x000007cc       0x14 c:/mingw/avrgcc/bin/../lib/gcc/avr/8.3.0/avr51\libgcc.a(_udivmodsi4.o)
 .debug_abbrev  0x000007e0       0x14 c:/mingw/avrgcc/bin/../lib/gcc/avr/8.3.0/avr51\libgcc.a(_umulhisi3.o)

.debug_line     0x00000000      0x742
 *(.debug_line .debug_line.* .debug_line_end)
 .debug_line    0x00000000       0x1d c:/mingw/avrgcc/bin/../lib/gcc/avr/8.3.0/../../../../avr/lib/avr51/crtatmega128.o
 .debug_line    0x0000001d       0xc7 c:/mingw/avrgcc/bin/../lib/gcc/avr/8.3.0/avr51\libgcc.a(_divmodhi4.o)
 .debug_line    0x000000e4       0x61 c:/mingw/avrgcc/bin/../lib/gcc/avr/8.3.0/avr51\libgcc.a(_exit.o)
 .debug_line    0x00000145       0xa3 c:/mingw/avrgcc/bin/../lib/gcc/avr/8.3.0/avr51\libgcc.a(_copy_data.o)
 .debug_line    0x000001e8       0x85 c:/mingw/avrgcc/bin/../lib/gcc/avr/8.3.0/avr51\libgcc.a(_clear_bss.o)
 .debug_line    0x0000026d       0xcd c:/mingw/avrgcc/bin/../lib/gcc/avr/8.3.0/avr51\libgcc.a(_udivmodhi4.o)
 .debug_line    0x0000033a       0xcd c:/mingw/avrgcc/bin/../lib/gcc/avr/8.3.0/avr51\libgcc.a(_divmodsi4.o)
 .debug_line    0x00000407       0x61 c:/mingw/avrgcc/bin/../lib/gcc/avr/8.3.0/avr51\libgcc.a(_negsi2.o)
 .debug_line    0x00000468       0x91 c:/mingw/avrgcc/bin/../lib/gcc/avr/8.3.0/avr51\libgcc.a(_muluhisi3.o)
 .debug_line    0x000004f9       0x79 c:/mingw/avrgcc/bin/../lib/gcc/avr/8.3.0/avr51\libgcc.a(_mulshisi3.o)
 .debug_line    0x00000572      0x121 c:/mingw/avrgcc/bin/../lib/gcc/avr/8.3.0/avr51\libgcc.a(_udivmodsi4.o)
 .debug_line    0x00000693       0xaf c:/mingw/avrgcc/bin/../lib/gcc/avr/8.3.0/avr51\libgcc.a(_umulhisi3.o)

.debug_frame
 *(.debug_frame)

.debug_str      0x00000000      0x2dc
 *(.debug_str)
 .debug_str     0x00000000      0x27d c:/mingw/avrgcc/bin/../lib/gcc/avr/8.3.0/../../../../avr/lib/avr51/crtatmega128.o
 .debug_str     0x0000027d       0x5f c:/mingw/avrgcc/bin/../lib/gcc/avr/8.3.0/avr51\libgcc.a(_divmodhi4.o)
 .debug_str     0x000002dc       0x5f c:/mingw/avrgcc/bin/../lib/gcc/avr/8.3.0/avr51\libgcc.a(_exit.o)
 .debug_str     0x000002dc       0x5f c:/mingw/avrgcc/bin/../lib/gcc/avr/8.3.0/avr51\libgcc.a(_copy_data.o)
 .debug_str     0x000002dc       0x5f c:/mingw/avrgcc/bin/../lib/gcc/avr/8.3.0/avr51\libgcc.a(_clear_bss.o)
 .debug_str     0x000002dc       0x5f c:/mingw/avrgcc/bin/../lib/gcc/avr/8.3.0/avr51\libgcc.a(_udivmodhi4.o)
 .debug_str     0x000002dc       0x5f c:/mingw/avrgcc/bin/../lib/gcc/avr/8.3.0/avr51\libgcc.a(_divmodsi4.o)
 .debug_str     0x000002dc       0x5f c:/mingw/avrgcc/bin/../lib/gcc/avr/8.3.0/avr51\libgcc.a(_negsi2.o)
 .debug_str     0x000002dc       0x5f c:/mingw/avrgcc/bin/../lib/gcc/avr/8.3.0/avr51\libgcc.a(_muluhisi3.o)
 .debug_str     0x000002dc       0x5f c:/mingw/avrgcc/bin/../lib/gcc/avr/8.3.0/avr51\libgcc.a(_mulshisi3.o)
 .debug_str     0x000002dc       0x5f c:/mingw/avrgcc/bin/../lib/gcc/avr/8.3.0/avr51\libgcc.a(_udivmodsi4.o)
 .debug_str     0x000002dc       0x5f c:/mingw/avrgcc/bin/../lib/gcc/avr/8.3.0/avr51\libgcc.a(_umulhisi3.o)

.debug_loc
 *(.debug_loc)

.debug_macinfo
 *(.debug_macinfo)

.debug_weaknames
 *(.debug_weaknames)

.debug_funcnames
 *(.debug_funcnames)

.debug_typenames
 *(.debug_typenames)

.debug_varnames
 *(.debug_varnames)

.debug_pubtypes
 *(.debug_pubtypes)

.debug_ranges
 *(.debug_ranges)

.debug_macro
 *(.debug_macro)

.debug_addr
 *(.debug_addr)
OUTPUT(program.out elf32-avr)
LOAD linker stubs
