Archive member included to satisfy reference by file (symbol)

c:/mingw/avrgcc/bin/../lib/gcc/avr/8.3.0/avr51\libgcc.a(_mulsi3.o)
                              C:\Users\Kang\AppData\Local\Temp\cc2lnc33.o (__mulsi3)
c:/mingw/avrgcc/bin/../lib/gcc/avr/8.3.0/avr51\libgcc.a(_divmodhi4.o)
                              C:\Users\Kang\AppData\Local\Temp\cc6t5Vfa.o (__divmodhi4)
c:/mingw/avrgcc/bin/../lib/gcc/avr/8.3.0/avr51\libgcc.a(_divmodsi4.o)
                              C:\Users\Kang\AppData\Local\Temp\cc2lnc33.o (__divmodsi4)
c:/mingw/avrgcc/bin/../lib/gcc/avr/8.3.0/avr51\libgcc.a(_negsi2.o)
                              c:/mingw/avrgcc/bin/../lib/gcc/avr/8.3.0/avr51\libgcc.a(_divmodsi4.o) (__negsi2)
c:/mingw/avrgcc/bin/../lib/gcc/avr/8.3.0/avr51\libgcc.a(_exit.o)
                              c:/mingw/avrgcc/bin/../lib/gcc/avr/8.3.0/../../../../avr/lib/avr51/crtatmega128.o (exit)
c:/mingw/avrgcc/bin/../lib/gcc/avr/8.3.0/avr51\libgcc.a(_copy_data.o)
                              C:\Users\Kang\AppData\Local\Temp\ccHSgxC6.o (__do_copy_data)
c:/mingw/avrgcc/bin/../lib/gcc/avr/8.3.0/avr51\libgcc.a(_clear_bss.o)
                              C:\Users\Kang\AppData\Local\Temp\cce8Cd2F.o (__do_clear_bss)
c:/mingw/avrgcc/bin/../lib/gcc/avr/8.3.0/avr51\libgcc.a(_muluhisi3.o)
                              c:/mingw/avrgcc/bin/../lib/gcc/avr/8.3.0/avr51\libgcc.a(_mulsi3.o) (__muluhisi3)
c:/mingw/avrgcc/bin/../lib/gcc/avr/8.3.0/avr51\libgcc.a(_muldi3.o)
                              C:\Users\Kang\AppData\Local\Temp\cc6t5Vfa.o (__muldi3)
c:/mingw/avrgcc/bin/../lib/gcc/avr/8.3.0/avr51\libgcc.a(_muldi3_6.o)
                              c:/mingw/avrgcc/bin/../lib/gcc/avr/8.3.0/avr51\libgcc.a(_muldi3.o) (__muldi3_6)
c:/mingw/avrgcc/bin/../lib/gcc/avr/8.3.0/avr51\libgcc.a(_mulsidi3.o)
                              C:\Users\Kang\AppData\Local\Temp\cc6t5Vfa.o (__mulsidi3)
c:/mingw/avrgcc/bin/../lib/gcc/avr/8.3.0/avr51\libgcc.a(_umulsidi3.o)
                              c:/mingw/avrgcc/bin/../lib/gcc/avr/8.3.0/avr51\libgcc.a(_mulsidi3.o) (__umulsidi3_helper)
c:/mingw/avrgcc/bin/../lib/gcc/avr/8.3.0/avr51\libgcc.a(_divdi3.o)
                              C:\Users\Kang\AppData\Local\Temp\cc2lnc33.o (__moddi3)
c:/mingw/avrgcc/bin/../lib/gcc/avr/8.3.0/avr51\libgcc.a(_udivdi3.o)
                              C:\Users\Kang\AppData\Local\Temp\cc2lnc33.o (__umoddi3)
c:/mingw/avrgcc/bin/../lib/gcc/avr/8.3.0/avr51\libgcc.a(_udivmod64.o)
                              c:/mingw/avrgcc/bin/../lib/gcc/avr/8.3.0/avr51\libgcc.a(_divdi3.o) (__udivmod64)
c:/mingw/avrgcc/bin/../lib/gcc/avr/8.3.0/avr51\libgcc.a(_negdi2.o)
                              c:/mingw/avrgcc/bin/../lib/gcc/avr/8.3.0/avr51\libgcc.a(_divdi3.o) (__negdi2)
c:/mingw/avrgcc/bin/../lib/gcc/avr/8.3.0/avr51\libgcc.a(_prologue.o)
                              c:/mingw/avrgcc/bin/../lib/gcc/avr/8.3.0/avr51\libgcc.a(_divdi3.o) (__prologue_saves__)
c:/mingw/avrgcc/bin/../lib/gcc/avr/8.3.0/avr51\libgcc.a(_epilogue.o)
                              c:/mingw/avrgcc/bin/../lib/gcc/avr/8.3.0/avr51\libgcc.a(_divdi3.o) (__epilogue_restores__)
c:/mingw/avrgcc/bin/../lib/gcc/avr/8.3.0/avr51\libgcc.a(_ashldi3.o)
                              C:\Users\Kang\AppData\Local\Temp\cc6t5Vfa.o (__ashldi3)
c:/mingw/avrgcc/bin/../lib/gcc/avr/8.3.0/avr51\libgcc.a(_ashrdi3.o)
                              C:\Users\Kang\AppData\Local\Temp\cc6t5Vfa.o (__ashrdi3)
c:/mingw/avrgcc/bin/../lib/gcc/avr/8.3.0/avr51\libgcc.a(_adddi3.o)
                              C:\Users\Kang\AppData\Local\Temp\cc2lnc33.o (__adddi3)
c:/mingw/avrgcc/bin/../lib/gcc/avr/8.3.0/avr51\libgcc.a(_subdi3.o)
                              C:\Users\Kang\AppData\Local\Temp\cc2lnc33.o (__subdi3)
c:/mingw/avrgcc/bin/../lib/gcc/avr/8.3.0/avr51\libgcc.a(_cmpdi2_s8.o)
                              C:\Users\Kang\AppData\Local\Temp\cc2lnc33.o (__cmpdi2_s8)
c:/mingw/avrgcc/bin/../lib/gcc/avr/8.3.0/avr51\libgcc.a(_udivmodhi4.o)
                              c:/mingw/avrgcc/bin/../lib/gcc/avr/8.3.0/avr51\libgcc.a(_divmodhi4.o) (__udivmodhi4)
c:/mingw/avrgcc/bin/../lib/gcc/avr/8.3.0/avr51\libgcc.a(_udivmodsi4.o)
                              c:/mingw/avrgcc/bin/../lib/gcc/avr/8.3.0/avr51\libgcc.a(_divmodsi4.o) (__udivmodsi4)
c:/mingw/avrgcc/bin/../lib/gcc/avr/8.3.0/avr51\libgcc.a(_umulhisi3.o)
                              c:/mingw/avrgcc/bin/../lib/gcc/avr/8.3.0/avr51\libgcc.a(_muluhisi3.o) (__umulhisi3)
c:/mingw/avrgcc/bin/../lib/gcc/avr/8.3.0/../../../../avr/lib/avr51\libm.a(addsf3.o)
                              C:\Users\Kang\AppData\Local\Temp\cc6t5Vfa.o (__addsf3)
c:/mingw/avrgcc/bin/../lib/gcc/avr/8.3.0/../../../../avr/lib/avr51\libm.a(addsf3x.o)
                              c:/mingw/avrgcc/bin/../lib/gcc/avr/8.3.0/../../../../avr/lib/avr51\libm.a(addsf3.o) (__addsf3x)
c:/mingw/avrgcc/bin/../lib/gcc/avr/8.3.0/../../../../avr/lib/avr51\libm.a(divsf3.o)
                              C:\Users\Kang\AppData\Local\Temp\cc6t5Vfa.o (__divsf3)
c:/mingw/avrgcc/bin/../lib/gcc/avr/8.3.0/../../../../avr/lib/avr51\libm.a(divsf3x.o)
                              c:/mingw/avrgcc/bin/../lib/gcc/avr/8.3.0/../../../../avr/lib/avr51\libm.a(divsf3.o) (__divsf3x)
c:/mingw/avrgcc/bin/../lib/gcc/avr/8.3.0/../../../../avr/lib/avr51\libm.a(fixsfsi.o)
                              C:\Users\Kang\AppData\Local\Temp\cc6t5Vfa.o (__fixsfsi)
c:/mingw/avrgcc/bin/../lib/gcc/avr/8.3.0/../../../../avr/lib/avr51\libm.a(fixunssfsi.o)
                              c:/mingw/avrgcc/bin/../lib/gcc/avr/8.3.0/../../../../avr/lib/avr51\libm.a(fixsfsi.o) (__fixunssfsi)
c:/mingw/avrgcc/bin/../lib/gcc/avr/8.3.0/../../../../avr/lib/avr51\libm.a(floatsisf.o)
                              C:\Users\Kang\AppData\Local\Temp\cc6t5Vfa.o (__floatsisf)
c:/mingw/avrgcc/bin/../lib/gcc/avr/8.3.0/../../../../avr/lib/avr51\libm.a(fp_inf.o)
                              c:/mingw/avrgcc/bin/../lib/gcc/avr/8.3.0/../../../../avr/lib/avr51\libm.a(addsf3x.o) (__fp_inf)
c:/mingw/avrgcc/bin/../lib/gcc/avr/8.3.0/../../../../avr/lib/avr51\libm.a(fp_nan.o)
                              c:/mingw/avrgcc/bin/../lib/gcc/avr/8.3.0/../../../../avr/lib/avr51\libm.a(addsf3x.o) (__fp_nan)
c:/mingw/avrgcc/bin/../lib/gcc/avr/8.3.0/../../../../avr/lib/avr51\libm.a(fp_pscA.o)
                              c:/mingw/avrgcc/bin/../lib/gcc/avr/8.3.0/../../../../avr/lib/avr51\libm.a(addsf3x.o) (__fp_pscA)
c:/mingw/avrgcc/bin/../lib/gcc/avr/8.3.0/../../../../avr/lib/avr51\libm.a(fp_pscB.o)
                              c:/mingw/avrgcc/bin/../lib/gcc/avr/8.3.0/../../../../avr/lib/avr51\libm.a(addsf3x.o) (__fp_pscB)
c:/mingw/avrgcc/bin/../lib/gcc/avr/8.3.0/../../../../avr/lib/avr51\libm.a(fp_round.o)
                              c:/mingw/avrgcc/bin/../lib/gcc/avr/8.3.0/../../../../avr/lib/avr51\libm.a(addsf3.o) (__fp_round)
c:/mingw/avrgcc/bin/../lib/gcc/avr/8.3.0/../../../../avr/lib/avr51\libm.a(fp_split3.o)
                              c:/mingw/avrgcc/bin/../lib/gcc/avr/8.3.0/../../../../avr/lib/avr51\libm.a(addsf3x.o) (__fp_split3)
c:/mingw/avrgcc/bin/../lib/gcc/avr/8.3.0/../../../../avr/lib/avr51\libm.a(fp_zero.o)
                              c:/mingw/avrgcc/bin/../lib/gcc/avr/8.3.0/../../../../avr/lib/avr51\libm.a(addsf3x.o) (__fp_zero)
c:/mingw/avrgcc/bin/../lib/gcc/avr/8.3.0/../../../../avr/lib/avr51\libm.a(mulsf3.o)
                              C:\Users\Kang\AppData\Local\Temp\cc6t5Vfa.o (__mulsf3)
c:/mingw/avrgcc/bin/../lib/gcc/avr/8.3.0/../../../../avr/lib/avr51\libm.a(mulsf3x.o)
                              c:/mingw/avrgcc/bin/../lib/gcc/avr/8.3.0/../../../../avr/lib/avr51\libm.a(mulsf3.o) (__mulsf3x)
c:/mingw/avrgcc/bin/../lib/gcc/avr/8.3.0/../../../../avr/lib/avr51\libc.a(malloc.o)
                              C:\Users\Kang\AppData\Local\Temp\ccCuZZtl.o (malloc)
c:/mingw/avrgcc/bin/../lib/gcc/avr/8.3.0/../../../../avr/lib/avr51\libc.a(memcpy.o)
                              C:\Users\Kang\AppData\Local\Temp\ccCuZZtl.o (memcpy)
c:/mingw/avrgcc/bin/../lib/gcc/avr/8.3.0/../../../../avr/lib/avr51\libc.a(strcpy.o)
                              C:\Users\Kang\AppData\Local\Temp\ccCuZZtl.o (strcpy)
c:/mingw/avrgcc/bin/../lib/gcc/avr/8.3.0/../../../../avr/lib/avr51\libc.a(itoa_ncheck.o)
                              C:\Users\Kang\AppData\Local\Temp\ccHSgxC6.o (__itoa_ncheck)
c:/mingw/avrgcc/bin/../lib/gcc/avr/8.3.0/../../../../avr/lib/avr51\libc.a(utoa_ncheck.o)
                              c:/mingw/avrgcc/bin/../lib/gcc/avr/8.3.0/../../../../avr/lib/avr51\libc.a(itoa_ncheck.o) (__utoa_common)
c:/mingw/avrgcc/bin/../lib/gcc/avr/8.3.0/../../../../avr/lib/avr51\libc.a(sprintf.o)
                              C:\Users\Kang\AppData\Local\Temp\cce8Cd2F.o (sprintf)
c:/mingw/avrgcc/bin/../lib/gcc/avr/8.3.0/../../../../avr/lib/avr51\libc.a(vfprintf_std.o)
                              c:/mingw/avrgcc/bin/../lib/gcc/avr/8.3.0/../../../../avr/lib/avr51\libc.a(sprintf.o) (vfprintf)
c:/mingw/avrgcc/bin/../lib/gcc/avr/8.3.0/../../../../avr/lib/avr51\libc.a(strnlen_P.o)
                              c:/mingw/avrgcc/bin/../lib/gcc/avr/8.3.0/../../../../avr/lib/avr51\libc.a(vfprintf_std.o) (strnlen_P)
c:/mingw/avrgcc/bin/../lib/gcc/avr/8.3.0/../../../../avr/lib/avr51\libc.a(strnlen.o)
                              c:/mingw/avrgcc/bin/../lib/gcc/avr/8.3.0/../../../../avr/lib/avr51\libc.a(vfprintf_std.o) (strnlen)
c:/mingw/avrgcc/bin/../lib/gcc/avr/8.3.0/../../../../avr/lib/avr51\libc.a(strrev.o)
                              c:/mingw/avrgcc/bin/../lib/gcc/avr/8.3.0/../../../../avr/lib/avr51\libc.a(utoa_ncheck.o) (strrev)
c:/mingw/avrgcc/bin/../lib/gcc/avr/8.3.0/../../../../avr/lib/avr51\libc.a(fputc.o)
                              c:/mingw/avrgcc/bin/../lib/gcc/avr/8.3.0/../../../../avr/lib/avr51\libc.a(vfprintf_std.o) (fputc)
c:/mingw/avrgcc/bin/../lib/gcc/avr/8.3.0/../../../../avr/lib/avr51\libc.a(ultoa_invert.o)
                              c:/mingw/avrgcc/bin/../lib/gcc/avr/8.3.0/../../../../avr/lib/avr51\libc.a(vfprintf_std.o) (__ultoa_invert)

Allocating common symbols
Common symbol       size              file

UART0Sender         0x7               C:\Users\Kang\AppData\Local\Temp\cc63ZshP.o
__brkval            0x2               c:/mingw/avrgcc/bin/../lib/gcc/avr/8.3.0/../../../../avr/lib/avr51\libc.a(malloc.o)
LCDBuffer           0x2               C:\Users\Kang\AppData\Local\Temp\cce8Cd2F.o
__flp               0x2               c:/mingw/avrgcc/bin/../lib/gcc/avr/8.3.0/../../../../avr/lib/avr51\libc.a(malloc.o)

Discarded input sections

 .data          0x00000000        0x0 c:/mingw/avrgcc/bin/../lib/gcc/avr/8.3.0/../../../../avr/lib/avr51/crtatmega128.o
 .bss           0x00000000        0x0 c:/mingw/avrgcc/bin/../lib/gcc/avr/8.3.0/../../../../avr/lib/avr51/crtatmega128.o
 .text          0x00000000        0x0 C:\Users\Kang\AppData\Local\Temp\ccOnKxq1.o
 .data          0x00000000        0x0 C:\Users\Kang\AppData\Local\Temp\ccOnKxq1.o
 .bss           0x00000000        0x0 C:\Users\Kang\AppData\Local\Temp\ccOnKxq1.o
 .comment       0x00000000       0x12 C:\Users\Kang\AppData\Local\Temp\ccOnKxq1.o
 .text          0x00000000        0x0 C:\Users\Kang\AppData\Local\Temp\ccHSgxC6.o
 .data          0x00000000        0x0 C:\Users\Kang\AppData\Local\Temp\ccHSgxC6.o
 .bss           0x00000000        0x0 C:\Users\Kang\AppData\Local\Temp\ccHSgxC6.o
 .rodata.internal_logslow.str1.1
                0x00000000       0x1b C:\Users\Kang\AppData\Local\Temp\ccHSgxC6.o
 .text.internal_logslow
                0x00000000      0x1ca C:\Users\Kang\AppData\Local\Temp\ccHSgxC6.o
 .text          0x00000000        0x0 C:\Users\Kang\AppData\Local\Temp\ccAXPIgd.o
 .data          0x00000000        0x0 C:\Users\Kang\AppData\Local\Temp\ccAXPIgd.o
 .bss           0x00000000        0x0 C:\Users\Kang\AppData\Local\Temp\ccAXPIgd.o
 .rodata.CGROM  0x00000000      0x800 C:\Users\Kang\AppData\Local\Temp\ccAXPIgd.o
 .comment       0x00000000       0x12 C:\Users\Kang\AppData\Local\Temp\ccAXPIgd.o
 .text          0x00000000        0x0 C:\Users\Kang\AppData\Local\Temp\ccCuZZtl.o
 .data          0x00000000        0x0 C:\Users\Kang\AppData\Local\Temp\ccCuZZtl.o
 .bss           0x00000000        0x0 C:\Users\Kang\AppData\Local\Temp\ccCuZZtl.o
 .text.TArray_AddLast
                0x00000000       0xe8 C:\Users\Kang\AppData\Local\Temp\ccCuZZtl.o
 .text.FString_Initialize
                0x00000000       0x6c C:\Users\Kang\AppData\Local\Temp\ccCuZZtl.o
 .text.TArray_RemoveElement
                0x00000000       0x84 C:\Users\Kang\AppData\Local\Temp\ccCuZZtl.o
 .text.TList_Dispose
                0x00000000       0x9a C:\Users\Kang\AppData\Local\Temp\ccCuZZtl.o
 .text.TListNode_New
                0x00000000       0x88 C:\Users\Kang\AppData\Local\Temp\ccCuZZtl.o
 .text.TListNode_Delete
                0x00000000       0x5c C:\Users\Kang\AppData\Local\Temp\ccCuZZtl.o
 .text.TList_PushFront
                0x00000000       0xc2 C:\Users\Kang\AppData\Local\Temp\ccCuZZtl.o
 .text.TList_PushBack
                0x00000000       0xc2 C:\Users\Kang\AppData\Local\Temp\ccCuZZtl.o
 .text.TList_PopBack
                0x00000000       0x82 C:\Users\Kang\AppData\Local\Temp\ccCuZZtl.o
 .text.TListNode_Remove
                0x00000000       0x7a C:\Users\Kang\AppData\Local\Temp\ccCuZZtl.o
 .text.TryBinarySearch
                0x00000000       0xd0 C:\Users\Kang\AppData\Local\Temp\ccCuZZtl.o
 .text          0x00000000        0x0 C:\Users\Kang\AppData\Local\Temp\cce8Cd2F.o
 .data          0x00000000        0x0 C:\Users\Kang\AppData\Local\Temp\cce8Cd2F.o
 .bss           0x00000000        0x0 C:\Users\Kang\AppData\Local\Temp\cce8Cd2F.o
 .text.VBuffer_DrawChar
                0x00000000      0x388 C:\Users\Kang\AppData\Local\Temp\cce8Cd2F.o
 .text.VBuffer_Clear
                0x00000000       0x1a C:\Users\Kang\AppData\Local\Temp\cce8Cd2F.o
 .rodata.VBuffer_DrawString.str1.1
                0x00000000       0x28 C:\Users\Kang\AppData\Local\Temp\cce8Cd2F.o
 .text.VBuffer_DrawString
                0x00000000      0x444 C:\Users\Kang\AppData\Local\Temp\cce8Cd2F.o
 .text.VBuffer_DrawLine
                0x00000000      0x186 C:\Users\Kang\AppData\Local\Temp\cce8Cd2F.o
 .text          0x00000000        0x0 C:\Users\Kang\AppData\Local\Temp\cc6t5Vfa.o
 .data          0x00000000        0x0 C:\Users\Kang\AppData\Local\Temp\cc6t5Vfa.o
 .bss           0x00000000        0x0 C:\Users\Kang\AppData\Local\Temp\cc6t5Vfa.o
 .text.CalculateAngleIfVIsible
                0x00000000      0x38e C:\Users\Kang\AppData\Local\Temp\cc6t5Vfa.o
 .text.CDrawArgs_DrawOnDisplayBufferPerspective
                0x00000000      0x580 C:\Users\Kang\AppData\Local\Temp\cc6t5Vfa.o
 .text.FRect16_IsOverlap
                0x00000000       0x82 C:\Users\Kang\AppData\Local\Temp\cc6t5Vfa.o
 .text          0x00000000        0x0 C:\Users\Kang\AppData\Local\Temp\ccmk3hmF.o
 .data          0x00000000        0x0 C:\Users\Kang\AppData\Local\Temp\ccmk3hmF.o
 .bss           0x00000000        0x0 C:\Users\Kang\AppData\Local\Temp\ccmk3hmF.o
 .rodata.Triangle
                0x00000000        0x3 C:\Users\Kang\AppData\Local\Temp\ccmk3hmF.o
 .rodata.src_triangle
                0x00000000        0xc C:\Users\Kang\AppData\Local\Temp\ccmk3hmF.o
 .comment       0x00000000       0x12 C:\Users\Kang\AppData\Local\Temp\ccmk3hmF.o
 .text          0x00000000        0x0 C:\Users\Kang\AppData\Local\Temp\cc4ioHxf.o
 .data          0x00000000        0x0 C:\Users\Kang\AppData\Local\Temp\cc4ioHxf.o
 .bss           0x00000000        0x0 C:\Users\Kang\AppData\Local\Temp\cc4ioHxf.o
 .text.InitializeDevice
                0x00000000        0x8 C:\Users\Kang\AppData\Local\Temp\cc4ioHxf.o
 .text          0x00000000        0x0 C:\Users\Kang\AppData\Local\Temp\cc2lnc33.o
 .data          0x00000000        0x0 C:\Users\Kang\AppData\Local\Temp\cc2lnc33.o
 .bss           0x00000000        0x0 C:\Users\Kang\AppData\Local\Temp\cc2lnc33.o
 .text.compare_acos_table
                0x00000000       0x14 C:\Users\Kang\AppData\Local\Temp\cc2lnc33.o
 .text.fixedpt_atan
                0x00000000      0x190 C:\Users\Kang\AppData\Local\Temp\cc2lnc33.o
 .text.fixedpt_acos_half
                0x00000000       0x58 C:\Users\Kang\AppData\Local\Temp\cc2lnc33.o
 .text.fixedpt_asin
                0x00000000      0x12a C:\Users\Kang\AppData\Local\Temp\cc2lnc33.o
 .text.fixedpt_ln
                0x00000000      0x396 C:\Users\Kang\AppData\Local\Temp\cc2lnc33.o
 .text.fixedpt_exp
                0x00000000      0x290 C:\Users\Kang\AppData\Local\Temp\cc2lnc33.o
 .text.fixedpt_str
                0x00000000      0x44e C:\Users\Kang\AppData\Local\Temp\cc2lnc33.o
 .text.fixedpt_sqrt
                0x00000000      0x1ca C:\Users\Kang\AppData\Local\Temp\cc2lnc33.o
 .data.acos_table
                0x00000000      0x25e C:\Users\Kang\AppData\Local\Temp\cc2lnc33.o
 .text          0x00000000        0x0 C:\Users\Kang\AppData\Local\Temp\ccWwDdAU.o
 .data          0x00000000        0x0 C:\Users\Kang\AppData\Local\Temp\ccWwDdAU.o
 .bss           0x00000000        0x0 C:\Users\Kang\AppData\Local\Temp\ccWwDdAU.o
 .comment       0x00000000       0x12 C:\Users\Kang\AppData\Local\Temp\ccWwDdAU.o
 .text          0x00000000        0x0 C:\Users\Kang\AppData\Local\Temp\ccEZR9nP.o
 .data          0x00000000        0x0 C:\Users\Kang\AppData\Local\Temp\ccEZR9nP.o
 .bss           0x00000000        0x0 C:\Users\Kang\AppData\Local\Temp\ccEZR9nP.o
 .text.UnloadCurrentTrackInformation
                0x00000000        0x2 C:\Users\Kang\AppData\Local\Temp\ccEZR9nP.o
 .comment       0x00000000       0x12 C:\Users\Kang\AppData\Local\Temp\ccEZR9nP.o
 .text          0x00000000        0x0 C:\Users\Kang\AppData\Local\Temp\cc63ZshP.o
 .data          0x00000000        0x0 C:\Users\Kang\AppData\Local\Temp\cc63ZshP.o
 .bss           0x00000000        0x0 C:\Users\Kang\AppData\Local\Temp\cc63ZshP.o
 .text.InitializeTX0SerialOutput
                0x00000000       0x18 C:\Users\Kang\AppData\Local\Temp\cc63ZshP.o
 .text.CSerialSender_QueueOutputString
                0x00000000       0x66 C:\Users\Kang\AppData\Local\Temp\cc63ZshP.o
 .text.CSerialSender_IsQueueEmpty
                0x00000000       0x16 C:\Users\Kang\AppData\Local\Temp\cc63ZshP.o
 .text.UART0_WaitAnyKey
                0x00000000        0xa C:\Users\Kang\AppData\Local\Temp\cc63ZshP.o
 .text.UART0_TryReadKey
                0x00000000        0xc C:\Users\Kang\AppData\Local\Temp\cc63ZshP.o
 .text          0x00000000        0x0 c:/mingw/avrgcc/bin/../lib/gcc/avr/8.3.0/avr51\libgcc.a(_mulsi3.o)
 .data          0x00000000        0x0 c:/mingw/avrgcc/bin/../lib/gcc/avr/8.3.0/avr51\libgcc.a(_mulsi3.o)
 .bss           0x00000000        0x0 c:/mingw/avrgcc/bin/../lib/gcc/avr/8.3.0/avr51\libgcc.a(_mulsi3.o)
 .text.libgcc.div
                0x00000000        0x0 c:/mingw/avrgcc/bin/../lib/gcc/avr/8.3.0/avr51\libgcc.a(_mulsi3.o)
 .text.libgcc   0x00000000        0x0 c:/mingw/avrgcc/bin/../lib/gcc/avr/8.3.0/avr51\libgcc.a(_mulsi3.o)
 .text.libgcc.prologue
                0x00000000        0x0 c:/mingw/avrgcc/bin/../lib/gcc/avr/8.3.0/avr51\libgcc.a(_mulsi3.o)
 .text.libgcc.builtins
                0x00000000        0x0 c:/mingw/avrgcc/bin/../lib/gcc/avr/8.3.0/avr51\libgcc.a(_mulsi3.o)
 .text.libgcc.fmul
                0x00000000        0x0 c:/mingw/avrgcc/bin/../lib/gcc/avr/8.3.0/avr51\libgcc.a(_mulsi3.o)
 .text.libgcc.fixed
                0x00000000        0x0 c:/mingw/avrgcc/bin/../lib/gcc/avr/8.3.0/avr51\libgcc.a(_mulsi3.o)
 .text          0x00000000        0x0 c:/mingw/avrgcc/bin/../lib/gcc/avr/8.3.0/avr51\libgcc.a(_divmodhi4.o)
 .data          0x00000000        0x0 c:/mingw/avrgcc/bin/../lib/gcc/avr/8.3.0/avr51\libgcc.a(_divmodhi4.o)
 .bss           0x00000000        0x0 c:/mingw/avrgcc/bin/../lib/gcc/avr/8.3.0/avr51\libgcc.a(_divmodhi4.o)
 .text.libgcc.mul
                0x00000000        0x0 c:/mingw/avrgcc/bin/../lib/gcc/avr/8.3.0/avr51\libgcc.a(_divmodhi4.o)
 .text.libgcc.div
                0x00000000       0x28 c:/mingw/avrgcc/bin/../lib/gcc/avr/8.3.0/avr51\libgcc.a(_divmodhi4.o)
 .text.libgcc   0x00000000        0x0 c:/mingw/avrgcc/bin/../lib/gcc/avr/8.3.0/avr51\libgcc.a(_divmodhi4.o)
 .text.libgcc.prologue
                0x00000000        0x0 c:/mingw/avrgcc/bin/../lib/gcc/avr/8.3.0/avr51\libgcc.a(_divmodhi4.o)
 .text.libgcc.builtins
                0x00000000        0x0 c:/mingw/avrgcc/bin/../lib/gcc/avr/8.3.0/avr51\libgcc.a(_divmodhi4.o)
 .text.libgcc.fmul
                0x00000000        0x0 c:/mingw/avrgcc/bin/../lib/gcc/avr/8.3.0/avr51\libgcc.a(_divmodhi4.o)
 .text.libgcc.fixed
                0x00000000        0x0 c:/mingw/avrgcc/bin/../lib/gcc/avr/8.3.0/avr51\libgcc.a(_divmodhi4.o)
 .debug_line    0x00000000       0xc7 c:/mingw/avrgcc/bin/../lib/gcc/avr/8.3.0/avr51\libgcc.a(_divmodhi4.o)
 .debug_info    0x00000000       0x26 c:/mingw/avrgcc/bin/../lib/gcc/avr/8.3.0/avr51\libgcc.a(_divmodhi4.o)
 .debug_abbrev  0x00000000       0x14 c:/mingw/avrgcc/bin/../lib/gcc/avr/8.3.0/avr51\libgcc.a(_divmodhi4.o)
 .debug_aranges
                0x00000000       0x20 c:/mingw/avrgcc/bin/../lib/gcc/avr/8.3.0/avr51\libgcc.a(_divmodhi4.o)
 .debug_str     0x00000000       0x5f c:/mingw/avrgcc/bin/../lib/gcc/avr/8.3.0/avr51\libgcc.a(_divmodhi4.o)
 .text          0x00000000        0x0 c:/mingw/avrgcc/bin/../lib/gcc/avr/8.3.0/avr51\libgcc.a(_divmodsi4.o)
 .data          0x00000000        0x0 c:/mingw/avrgcc/bin/../lib/gcc/avr/8.3.0/avr51\libgcc.a(_divmodsi4.o)
 .bss           0x00000000        0x0 c:/mingw/avrgcc/bin/../lib/gcc/avr/8.3.0/avr51\libgcc.a(_divmodsi4.o)
 .text.libgcc.mul
                0x00000000        0x0 c:/mingw/avrgcc/bin/../lib/gcc/avr/8.3.0/avr51\libgcc.a(_divmodsi4.o)
 .text.libgcc   0x00000000        0x0 c:/mingw/avrgcc/bin/../lib/gcc/avr/8.3.0/avr51\libgcc.a(_divmodsi4.o)
 .text.libgcc.prologue
                0x00000000        0x0 c:/mingw/avrgcc/bin/../lib/gcc/avr/8.3.0/avr51\libgcc.a(_divmodsi4.o)
 .text.libgcc.builtins
                0x00000000        0x0 c:/mingw/avrgcc/bin/../lib/gcc/avr/8.3.0/avr51\libgcc.a(_divmodsi4.o)
 .text.libgcc.fmul
                0x00000000        0x0 c:/mingw/avrgcc/bin/../lib/gcc/avr/8.3.0/avr51\libgcc.a(_divmodsi4.o)
 .text.libgcc.fixed
                0x00000000        0x0 c:/mingw/avrgcc/bin/../lib/gcc/avr/8.3.0/avr51\libgcc.a(_divmodsi4.o)
 .text          0x00000000        0x0 c:/mingw/avrgcc/bin/../lib/gcc/avr/8.3.0/avr51\libgcc.a(_negsi2.o)
 .data          0x00000000        0x0 c:/mingw/avrgcc/bin/../lib/gcc/avr/8.3.0/avr51\libgcc.a(_negsi2.o)
 .bss           0x00000000        0x0 c:/mingw/avrgcc/bin/../lib/gcc/avr/8.3.0/avr51\libgcc.a(_negsi2.o)
 .text.libgcc.mul
                0x00000000        0x0 c:/mingw/avrgcc/bin/../lib/gcc/avr/8.3.0/avr51\libgcc.a(_negsi2.o)
 .text.libgcc   0x00000000        0x0 c:/mingw/avrgcc/bin/../lib/gcc/avr/8.3.0/avr51\libgcc.a(_negsi2.o)
 .text.libgcc.prologue
                0x00000000        0x0 c:/mingw/avrgcc/bin/../lib/gcc/avr/8.3.0/avr51\libgcc.a(_negsi2.o)
 .text.libgcc.builtins
                0x00000000        0x0 c:/mingw/avrgcc/bin/../lib/gcc/avr/8.3.0/avr51\libgcc.a(_negsi2.o)
 .text.libgcc.fmul
                0x00000000        0x0 c:/mingw/avrgcc/bin/../lib/gcc/avr/8.3.0/avr51\libgcc.a(_negsi2.o)
 .text.libgcc.fixed
                0x00000000        0x0 c:/mingw/avrgcc/bin/../lib/gcc/avr/8.3.0/avr51\libgcc.a(_negsi2.o)
 .text          0x00000000        0x0 c:/mingw/avrgcc/bin/../lib/gcc/avr/8.3.0/avr51\libgcc.a(_exit.o)
 .data          0x00000000        0x0 c:/mingw/avrgcc/bin/../lib/gcc/avr/8.3.0/avr51\libgcc.a(_exit.o)
 .bss           0x00000000        0x0 c:/mingw/avrgcc/bin/../lib/gcc/avr/8.3.0/avr51\libgcc.a(_exit.o)
 .text.libgcc.mul
                0x00000000        0x0 c:/mingw/avrgcc/bin/../lib/gcc/avr/8.3.0/avr51\libgcc.a(_exit.o)
 .text.libgcc.div
                0x00000000        0x0 c:/mingw/avrgcc/bin/../lib/gcc/avr/8.3.0/avr51\libgcc.a(_exit.o)
 .text.libgcc   0x00000000        0x0 c:/mingw/avrgcc/bin/../lib/gcc/avr/8.3.0/avr51\libgcc.a(_exit.o)
 .text.libgcc.prologue
                0x00000000        0x0 c:/mingw/avrgcc/bin/../lib/gcc/avr/8.3.0/avr51\libgcc.a(_exit.o)
 .text.libgcc.builtins
                0x00000000        0x0 c:/mingw/avrgcc/bin/../lib/gcc/avr/8.3.0/avr51\libgcc.a(_exit.o)
 .text.libgcc.fmul
                0x00000000        0x0 c:/mingw/avrgcc/bin/../lib/gcc/avr/8.3.0/avr51\libgcc.a(_exit.o)
 .text.libgcc.fixed
                0x00000000        0x0 c:/mingw/avrgcc/bin/../lib/gcc/avr/8.3.0/avr51\libgcc.a(_exit.o)
 .text          0x00000000        0x0 c:/mingw/avrgcc/bin/../lib/gcc/avr/8.3.0/avr51\libgcc.a(_copy_data.o)
 .data          0x00000000        0x0 c:/mingw/avrgcc/bin/../lib/gcc/avr/8.3.0/avr51\libgcc.a(_copy_data.o)
 .bss           0x00000000        0x0 c:/mingw/avrgcc/bin/../lib/gcc/avr/8.3.0/avr51\libgcc.a(_copy_data.o)
 .text.libgcc.mul
                0x00000000        0x0 c:/mingw/avrgcc/bin/../lib/gcc/avr/8.3.0/avr51\libgcc.a(_copy_data.o)
 .text.libgcc.div
                0x00000000        0x0 c:/mingw/avrgcc/bin/../lib/gcc/avr/8.3.0/avr51\libgcc.a(_copy_data.o)
 .text.libgcc   0x00000000        0x0 c:/mingw/avrgcc/bin/../lib/gcc/avr/8.3.0/avr51\libgcc.a(_copy_data.o)
 .text.libgcc.prologue
                0x00000000        0x0 c:/mingw/avrgcc/bin/../lib/gcc/avr/8.3.0/avr51\libgcc.a(_copy_data.o)
 .text.libgcc.builtins
                0x00000000        0x0 c:/mingw/avrgcc/bin/../lib/gcc/avr/8.3.0/avr51\libgcc.a(_copy_data.o)
 .text.libgcc.fmul
                0x00000000        0x0 c:/mingw/avrgcc/bin/../lib/gcc/avr/8.3.0/avr51\libgcc.a(_copy_data.o)
 .text.libgcc.fixed
                0x00000000        0x0 c:/mingw/avrgcc/bin/../lib/gcc/avr/8.3.0/avr51\libgcc.a(_copy_data.o)
 .text          0x00000000        0x0 c:/mingw/avrgcc/bin/../lib/gcc/avr/8.3.0/avr51\libgcc.a(_clear_bss.o)
 .data          0x00000000        0x0 c:/mingw/avrgcc/bin/../lib/gcc/avr/8.3.0/avr51\libgcc.a(_clear_bss.o)
 .bss           0x00000000        0x0 c:/mingw/avrgcc/bin/../lib/gcc/avr/8.3.0/avr51\libgcc.a(_clear_bss.o)
 .text.libgcc.mul
                0x00000000        0x0 c:/mingw/avrgcc/bin/../lib/gcc/avr/8.3.0/avr51\libgcc.a(_clear_bss.o)
 .text.libgcc.div
                0x00000000        0x0 c:/mingw/avrgcc/bin/../lib/gcc/avr/8.3.0/avr51\libgcc.a(_clear_bss.o)
 .text.libgcc   0x00000000        0x0 c:/mingw/avrgcc/bin/../lib/gcc/avr/8.3.0/avr51\libgcc.a(_clear_bss.o)
 .text.libgcc.prologue
                0x00000000        0x0 c:/mingw/avrgcc/bin/../lib/gcc/avr/8.3.0/avr51\libgcc.a(_clear_bss.o)
 .text.libgcc.builtins
                0x00000000        0x0 c:/mingw/avrgcc/bin/../lib/gcc/avr/8.3.0/avr51\libgcc.a(_clear_bss.o)
 .text.libgcc.fmul
                0x00000000        0x0 c:/mingw/avrgcc/bin/../lib/gcc/avr/8.3.0/avr51\libgcc.a(_clear_bss.o)
 .text.libgcc.fixed
                0x00000000        0x0 c:/mingw/avrgcc/bin/../lib/gcc/avr/8.3.0/avr51\libgcc.a(_clear_bss.o)
 .text          0x00000000        0x0 c:/mingw/avrgcc/bin/../lib/gcc/avr/8.3.0/avr51\libgcc.a(_muluhisi3.o)
 .data          0x00000000        0x0 c:/mingw/avrgcc/bin/../lib/gcc/avr/8.3.0/avr51\libgcc.a(_muluhisi3.o)
 .bss           0x00000000        0x0 c:/mingw/avrgcc/bin/../lib/gcc/avr/8.3.0/avr51\libgcc.a(_muluhisi3.o)
 .text.libgcc.div
                0x00000000        0x0 c:/mingw/avrgcc/bin/../lib/gcc/avr/8.3.0/avr51\libgcc.a(_muluhisi3.o)
 .text.libgcc   0x00000000        0x0 c:/mingw/avrgcc/bin/../lib/gcc/avr/8.3.0/avr51\libgcc.a(_muluhisi3.o)
 .text.libgcc.prologue
                0x00000000        0x0 c:/mingw/avrgcc/bin/../lib/gcc/avr/8.3.0/avr51\libgcc.a(_muluhisi3.o)
 .text.libgcc.builtins
                0x00000000        0x0 c:/mingw/avrgcc/bin/../lib/gcc/avr/8.3.0/avr51\libgcc.a(_muluhisi3.o)
 .text.libgcc.fmul
                0x00000000        0x0 c:/mingw/avrgcc/bin/../lib/gcc/avr/8.3.0/avr51\libgcc.a(_muluhisi3.o)
 .text.libgcc.fixed
                0x00000000        0x0 c:/mingw/avrgcc/bin/../lib/gcc/avr/8.3.0/avr51\libgcc.a(_muluhisi3.o)
 .text          0x00000000        0x0 c:/mingw/avrgcc/bin/../lib/gcc/avr/8.3.0/avr51\libgcc.a(_muldi3.o)
 .data          0x00000000        0x0 c:/mingw/avrgcc/bin/../lib/gcc/avr/8.3.0/avr51\libgcc.a(_muldi3.o)
 .bss           0x00000000        0x0 c:/mingw/avrgcc/bin/../lib/gcc/avr/8.3.0/avr51\libgcc.a(_muldi3.o)
 .text.libgcc.div
                0x00000000        0x0 c:/mingw/avrgcc/bin/../lib/gcc/avr/8.3.0/avr51\libgcc.a(_muldi3.o)
 .text.libgcc   0x00000000        0x0 c:/mingw/avrgcc/bin/../lib/gcc/avr/8.3.0/avr51\libgcc.a(_muldi3.o)
 .text.libgcc.prologue
                0x00000000        0x0 c:/mingw/avrgcc/bin/../lib/gcc/avr/8.3.0/avr51\libgcc.a(_muldi3.o)
 .text.libgcc.builtins
                0x00000000        0x0 c:/mingw/avrgcc/bin/../lib/gcc/avr/8.3.0/avr51\libgcc.a(_muldi3.o)
 .text.libgcc.fmul
                0x00000000        0x0 c:/mingw/avrgcc/bin/../lib/gcc/avr/8.3.0/avr51\libgcc.a(_muldi3.o)
 .text.libgcc.fixed
                0x00000000        0x0 c:/mingw/avrgcc/bin/../lib/gcc/avr/8.3.0/avr51\libgcc.a(_muldi3.o)
 .text          0x00000000        0x0 c:/mingw/avrgcc/bin/../lib/gcc/avr/8.3.0/avr51\libgcc.a(_muldi3_6.o)
 .data          0x00000000        0x0 c:/mingw/avrgcc/bin/../lib/gcc/avr/8.3.0/avr51\libgcc.a(_muldi3_6.o)
 .bss           0x00000000        0x0 c:/mingw/avrgcc/bin/../lib/gcc/avr/8.3.0/avr51\libgcc.a(_muldi3_6.o)
 .text.libgcc.div
                0x00000000        0x0 c:/mingw/avrgcc/bin/../lib/gcc/avr/8.3.0/avr51\libgcc.a(_muldi3_6.o)
 .text.libgcc   0x00000000        0x0 c:/mingw/avrgcc/bin/../lib/gcc/avr/8.3.0/avr51\libgcc.a(_muldi3_6.o)
 .text.libgcc.prologue
                0x00000000        0x0 c:/mingw/avrgcc/bin/../lib/gcc/avr/8.3.0/avr51\libgcc.a(_muldi3_6.o)
 .text.libgcc.builtins
                0x00000000        0x0 c:/mingw/avrgcc/bin/../lib/gcc/avr/8.3.0/avr51\libgcc.a(_muldi3_6.o)
 .text.libgcc.fmul
                0x00000000        0x0 c:/mingw/avrgcc/bin/../lib/gcc/avr/8.3.0/avr51\libgcc.a(_muldi3_6.o)
 .text.libgcc.fixed
                0x00000000        0x0 c:/mingw/avrgcc/bin/../lib/gcc/avr/8.3.0/avr51\libgcc.a(_muldi3_6.o)
 .text          0x00000000        0x0 c:/mingw/avrgcc/bin/../lib/gcc/avr/8.3.0/avr51\libgcc.a(_mulsidi3.o)
 .data          0x00000000        0x0 c:/mingw/avrgcc/bin/../lib/gcc/avr/8.3.0/avr51\libgcc.a(_mulsidi3.o)
 .bss           0x00000000        0x0 c:/mingw/avrgcc/bin/../lib/gcc/avr/8.3.0/avr51\libgcc.a(_mulsidi3.o)
 .text.libgcc.div
                0x00000000        0x0 c:/mingw/avrgcc/bin/../lib/gcc/avr/8.3.0/avr51\libgcc.a(_mulsidi3.o)
 .text.libgcc   0x00000000        0x0 c:/mingw/avrgcc/bin/../lib/gcc/avr/8.3.0/avr51\libgcc.a(_mulsidi3.o)
 .text.libgcc.prologue
                0x00000000        0x0 c:/mingw/avrgcc/bin/../lib/gcc/avr/8.3.0/avr51\libgcc.a(_mulsidi3.o)
 .text.libgcc.builtins
                0x00000000        0x0 c:/mingw/avrgcc/bin/../lib/gcc/avr/8.3.0/avr51\libgcc.a(_mulsidi3.o)
 .text.libgcc.fmul
                0x00000000        0x0 c:/mingw/avrgcc/bin/../lib/gcc/avr/8.3.0/avr51\libgcc.a(_mulsidi3.o)
 .text.libgcc.fixed
                0x00000000        0x0 c:/mingw/avrgcc/bin/../lib/gcc/avr/8.3.0/avr51\libgcc.a(_mulsidi3.o)
 .text          0x00000000        0x0 c:/mingw/avrgcc/bin/../lib/gcc/avr/8.3.0/avr51\libgcc.a(_umulsidi3.o)
 .data          0x00000000        0x0 c:/mingw/avrgcc/bin/../lib/gcc/avr/8.3.0/avr51\libgcc.a(_umulsidi3.o)
 .bss           0x00000000        0x0 c:/mingw/avrgcc/bin/../lib/gcc/avr/8.3.0/avr51\libgcc.a(_umulsidi3.o)
 .text.libgcc.div
                0x00000000        0x0 c:/mingw/avrgcc/bin/../lib/gcc/avr/8.3.0/avr51\libgcc.a(_umulsidi3.o)
 .text.libgcc   0x00000000        0x0 c:/mingw/avrgcc/bin/../lib/gcc/avr/8.3.0/avr51\libgcc.a(_umulsidi3.o)
 .text.libgcc.prologue
                0x00000000        0x0 c:/mingw/avrgcc/bin/../lib/gcc/avr/8.3.0/avr51\libgcc.a(_umulsidi3.o)
 .text.libgcc.builtins
                0x00000000        0x0 c:/mingw/avrgcc/bin/../lib/gcc/avr/8.3.0/avr51\libgcc.a(_umulsidi3.o)
 .text.libgcc.fmul
                0x00000000        0x0 c:/mingw/avrgcc/bin/../lib/gcc/avr/8.3.0/avr51\libgcc.a(_umulsidi3.o)
 .text.libgcc.fixed
                0x00000000        0x0 c:/mingw/avrgcc/bin/../lib/gcc/avr/8.3.0/avr51\libgcc.a(_umulsidi3.o)
 .text          0x00000000        0x0 c:/mingw/avrgcc/bin/../lib/gcc/avr/8.3.0/avr51\libgcc.a(_divdi3.o)
 .data          0x00000000        0x0 c:/mingw/avrgcc/bin/../lib/gcc/avr/8.3.0/avr51\libgcc.a(_divdi3.o)
 .bss           0x00000000        0x0 c:/mingw/avrgcc/bin/../lib/gcc/avr/8.3.0/avr51\libgcc.a(_divdi3.o)
 .text.libgcc.mul
                0x00000000        0x0 c:/mingw/avrgcc/bin/../lib/gcc/avr/8.3.0/avr51\libgcc.a(_divdi3.o)
 .text.libgcc.div
                0x00000000       0x62 c:/mingw/avrgcc/bin/../lib/gcc/avr/8.3.0/avr51\libgcc.a(_divdi3.o)
 .text.libgcc   0x00000000        0x0 c:/mingw/avrgcc/bin/../lib/gcc/avr/8.3.0/avr51\libgcc.a(_divdi3.o)
 .text.libgcc.prologue
                0x00000000        0x0 c:/mingw/avrgcc/bin/../lib/gcc/avr/8.3.0/avr51\libgcc.a(_divdi3.o)
 .text.libgcc.builtins
                0x00000000        0x0 c:/mingw/avrgcc/bin/../lib/gcc/avr/8.3.0/avr51\libgcc.a(_divdi3.o)
 .text.libgcc.fmul
                0x00000000        0x0 c:/mingw/avrgcc/bin/../lib/gcc/avr/8.3.0/avr51\libgcc.a(_divdi3.o)
 .text.libgcc.fixed
                0x00000000        0x0 c:/mingw/avrgcc/bin/../lib/gcc/avr/8.3.0/avr51\libgcc.a(_divdi3.o)
 .debug_line    0x00000000       0xf1 c:/mingw/avrgcc/bin/../lib/gcc/avr/8.3.0/avr51\libgcc.a(_divdi3.o)
 .debug_info    0x00000000       0x26 c:/mingw/avrgcc/bin/../lib/gcc/avr/8.3.0/avr51\libgcc.a(_divdi3.o)
 .debug_abbrev  0x00000000       0x14 c:/mingw/avrgcc/bin/../lib/gcc/avr/8.3.0/avr51\libgcc.a(_divdi3.o)
 .debug_aranges
                0x00000000       0x20 c:/mingw/avrgcc/bin/../lib/gcc/avr/8.3.0/avr51\libgcc.a(_divdi3.o)
 .debug_str     0x00000000       0x5f c:/mingw/avrgcc/bin/../lib/gcc/avr/8.3.0/avr51\libgcc.a(_divdi3.o)
 .text          0x00000000        0x0 c:/mingw/avrgcc/bin/../lib/gcc/avr/8.3.0/avr51\libgcc.a(_udivdi3.o)
 .data          0x00000000        0x0 c:/mingw/avrgcc/bin/../lib/gcc/avr/8.3.0/avr51\libgcc.a(_udivdi3.o)
 .bss           0x00000000        0x0 c:/mingw/avrgcc/bin/../lib/gcc/avr/8.3.0/avr51\libgcc.a(_udivdi3.o)
 .text.libgcc.mul
                0x00000000        0x0 c:/mingw/avrgcc/bin/../lib/gcc/avr/8.3.0/avr51\libgcc.a(_udivdi3.o)
 .text.libgcc.div
                0x00000000       0x1c c:/mingw/avrgcc/bin/../lib/gcc/avr/8.3.0/avr51\libgcc.a(_udivdi3.o)
 .text.libgcc   0x00000000        0x0 c:/mingw/avrgcc/bin/../lib/gcc/avr/8.3.0/avr51\libgcc.a(_udivdi3.o)
 .text.libgcc.prologue
                0x00000000        0x0 c:/mingw/avrgcc/bin/../lib/gcc/avr/8.3.0/avr51\libgcc.a(_udivdi3.o)
 .text.libgcc.builtins
                0x00000000        0x0 c:/mingw/avrgcc/bin/../lib/gcc/avr/8.3.0/avr51\libgcc.a(_udivdi3.o)
 .text.libgcc.fmul
                0x00000000        0x0 c:/mingw/avrgcc/bin/../lib/gcc/avr/8.3.0/avr51\libgcc.a(_udivdi3.o)
 .text.libgcc.fixed
                0x00000000        0x0 c:/mingw/avrgcc/bin/../lib/gcc/avr/8.3.0/avr51\libgcc.a(_udivdi3.o)
 .debug_line    0x00000000       0xa3 c:/mingw/avrgcc/bin/../lib/gcc/avr/8.3.0/avr51\libgcc.a(_udivdi3.o)
 .debug_info    0x00000000       0x26 c:/mingw/avrgcc/bin/../lib/gcc/avr/8.3.0/avr51\libgcc.a(_udivdi3.o)
 .debug_abbrev  0x00000000       0x14 c:/mingw/avrgcc/bin/../lib/gcc/avr/8.3.0/avr51\libgcc.a(_udivdi3.o)
 .debug_aranges
                0x00000000       0x20 c:/mingw/avrgcc/bin/../lib/gcc/avr/8.3.0/avr51\libgcc.a(_udivdi3.o)
 .debug_str     0x00000000       0x5f c:/mingw/avrgcc/bin/../lib/gcc/avr/8.3.0/avr51\libgcc.a(_udivdi3.o)
 .text          0x00000000        0x0 c:/mingw/avrgcc/bin/../lib/gcc/avr/8.3.0/avr51\libgcc.a(_udivmod64.o)
 .data          0x00000000        0x0 c:/mingw/avrgcc/bin/../lib/gcc/avr/8.3.0/avr51\libgcc.a(_udivmod64.o)
 .bss           0x00000000        0x0 c:/mingw/avrgcc/bin/../lib/gcc/avr/8.3.0/avr51\libgcc.a(_udivmod64.o)
 .text.libgcc.mul
                0x00000000        0x0 c:/mingw/avrgcc/bin/../lib/gcc/avr/8.3.0/avr51\libgcc.a(_udivmod64.o)
 .text.libgcc.div
                0x00000000       0xa2 c:/mingw/avrgcc/bin/../lib/gcc/avr/8.3.0/avr51\libgcc.a(_udivmod64.o)
 .text.libgcc   0x00000000        0x0 c:/mingw/avrgcc/bin/../lib/gcc/avr/8.3.0/avr51\libgcc.a(_udivmod64.o)
 .text.libgcc.prologue
                0x00000000        0x0 c:/mingw/avrgcc/bin/../lib/gcc/avr/8.3.0/avr51\libgcc.a(_udivmod64.o)
 .text.libgcc.builtins
                0x00000000        0x0 c:/mingw/avrgcc/bin/../lib/gcc/avr/8.3.0/avr51\libgcc.a(_udivmod64.o)
 .text.libgcc.fmul
                0x00000000        0x0 c:/mingw/avrgcc/bin/../lib/gcc/avr/8.3.0/avr51\libgcc.a(_udivmod64.o)
 .text.libgcc.fixed
                0x00000000        0x0 c:/mingw/avrgcc/bin/../lib/gcc/avr/8.3.0/avr51\libgcc.a(_udivmod64.o)
 .debug_line    0x00000000      0x145 c:/mingw/avrgcc/bin/../lib/gcc/avr/8.3.0/avr51\libgcc.a(_udivmod64.o)
 .debug_info    0x00000000       0x26 c:/mingw/avrgcc/bin/../lib/gcc/avr/8.3.0/avr51\libgcc.a(_udivmod64.o)
 .debug_abbrev  0x00000000       0x14 c:/mingw/avrgcc/bin/../lib/gcc/avr/8.3.0/avr51\libgcc.a(_udivmod64.o)
 .debug_aranges
                0x00000000       0x20 c:/mingw/avrgcc/bin/../lib/gcc/avr/8.3.0/avr51\libgcc.a(_udivmod64.o)
 .debug_str     0x00000000       0x5f c:/mingw/avrgcc/bin/../lib/gcc/avr/8.3.0/avr51\libgcc.a(_udivmod64.o)
 .text          0x00000000        0x0 c:/mingw/avrgcc/bin/../lib/gcc/avr/8.3.0/avr51\libgcc.a(_negdi2.o)
 .data          0x00000000        0x0 c:/mingw/avrgcc/bin/../lib/gcc/avr/8.3.0/avr51\libgcc.a(_negdi2.o)
 .bss           0x00000000        0x0 c:/mingw/avrgcc/bin/../lib/gcc/avr/8.3.0/avr51\libgcc.a(_negdi2.o)
 .text.libgcc.mul
                0x00000000        0x0 c:/mingw/avrgcc/bin/../lib/gcc/avr/8.3.0/avr51\libgcc.a(_negdi2.o)
 .text.libgcc.div
                0x00000000        0x0 c:/mingw/avrgcc/bin/../lib/gcc/avr/8.3.0/avr51\libgcc.a(_negdi2.o)
 .text.libgcc   0x00000000       0x20 c:/mingw/avrgcc/bin/../lib/gcc/avr/8.3.0/avr51\libgcc.a(_negdi2.o)
 .text.libgcc.prologue
                0x00000000        0x0 c:/mingw/avrgcc/bin/../lib/gcc/avr/8.3.0/avr51\libgcc.a(_negdi2.o)
 .text.libgcc.builtins
                0x00000000        0x0 c:/mingw/avrgcc/bin/../lib/gcc/avr/8.3.0/avr51\libgcc.a(_negdi2.o)
 .text.libgcc.fmul
                0x00000000        0x0 c:/mingw/avrgcc/bin/../lib/gcc/avr/8.3.0/avr51\libgcc.a(_negdi2.o)
 .text.libgcc.fixed
                0x00000000        0x0 c:/mingw/avrgcc/bin/../lib/gcc/avr/8.3.0/avr51\libgcc.a(_negdi2.o)
 .debug_line    0x00000000       0x79 c:/mingw/avrgcc/bin/../lib/gcc/avr/8.3.0/avr51\libgcc.a(_negdi2.o)
 .debug_info    0x00000000       0x26 c:/mingw/avrgcc/bin/../lib/gcc/avr/8.3.0/avr51\libgcc.a(_negdi2.o)
 .debug_abbrev  0x00000000       0x14 c:/mingw/avrgcc/bin/../lib/gcc/avr/8.3.0/avr51\libgcc.a(_negdi2.o)
 .debug_aranges
                0x00000000       0x20 c:/mingw/avrgcc/bin/../lib/gcc/avr/8.3.0/avr51\libgcc.a(_negdi2.o)
 .debug_str     0x00000000       0x5f c:/mingw/avrgcc/bin/../lib/gcc/avr/8.3.0/avr51\libgcc.a(_negdi2.o)
 .text          0x00000000        0x0 c:/mingw/avrgcc/bin/../lib/gcc/avr/8.3.0/avr51\libgcc.a(_prologue.o)
 .data          0x00000000        0x0 c:/mingw/avrgcc/bin/../lib/gcc/avr/8.3.0/avr51\libgcc.a(_prologue.o)
 .bss           0x00000000        0x0 c:/mingw/avrgcc/bin/../lib/gcc/avr/8.3.0/avr51\libgcc.a(_prologue.o)
 .text.libgcc.mul
                0x00000000        0x0 c:/mingw/avrgcc/bin/../lib/gcc/avr/8.3.0/avr51\libgcc.a(_prologue.o)
 .text.libgcc.div
                0x00000000        0x0 c:/mingw/avrgcc/bin/../lib/gcc/avr/8.3.0/avr51\libgcc.a(_prologue.o)
 .text.libgcc   0x00000000        0x0 c:/mingw/avrgcc/bin/../lib/gcc/avr/8.3.0/avr51\libgcc.a(_prologue.o)
 .text.libgcc.prologue
                0x00000000       0x38 c:/mingw/avrgcc/bin/../lib/gcc/avr/8.3.0/avr51\libgcc.a(_prologue.o)
 .text.libgcc.builtins
                0x00000000        0x0 c:/mingw/avrgcc/bin/../lib/gcc/avr/8.3.0/avr51\libgcc.a(_prologue.o)
 .text.libgcc.fmul
                0x00000000        0x0 c:/mingw/avrgcc/bin/../lib/gcc/avr/8.3.0/avr51\libgcc.a(_prologue.o)
 .text.libgcc.fixed
                0x00000000        0x0 c:/mingw/avrgcc/bin/../lib/gcc/avr/8.3.0/avr51\libgcc.a(_prologue.o)
 .debug_line    0x00000000       0xfd c:/mingw/avrgcc/bin/../lib/gcc/avr/8.3.0/avr51\libgcc.a(_prologue.o)
 .debug_info    0x00000000       0x26 c:/mingw/avrgcc/bin/../lib/gcc/avr/8.3.0/avr51\libgcc.a(_prologue.o)
 .debug_abbrev  0x00000000       0x14 c:/mingw/avrgcc/bin/../lib/gcc/avr/8.3.0/avr51\libgcc.a(_prologue.o)
 .debug_aranges
                0x00000000       0x20 c:/mingw/avrgcc/bin/../lib/gcc/avr/8.3.0/avr51\libgcc.a(_prologue.o)
 .debug_str     0x00000000       0x5f c:/mingw/avrgcc/bin/../lib/gcc/avr/8.3.0/avr51\libgcc.a(_prologue.o)
 .text          0x00000000        0x0 c:/mingw/avrgcc/bin/../lib/gcc/avr/8.3.0/avr51\libgcc.a(_epilogue.o)
 .data          0x00000000        0x0 c:/mingw/avrgcc/bin/../lib/gcc/avr/8.3.0/avr51\libgcc.a(_epilogue.o)
 .bss           0x00000000        0x0 c:/mingw/avrgcc/bin/../lib/gcc/avr/8.3.0/avr51\libgcc.a(_epilogue.o)
 .text.libgcc.mul
                0x00000000        0x0 c:/mingw/avrgcc/bin/../lib/gcc/avr/8.3.0/avr51\libgcc.a(_epilogue.o)
 .text.libgcc.div
                0x00000000        0x0 c:/mingw/avrgcc/bin/../lib/gcc/avr/8.3.0/avr51\libgcc.a(_epilogue.o)
 .text.libgcc   0x00000000        0x0 c:/mingw/avrgcc/bin/../lib/gcc/avr/8.3.0/avr51\libgcc.a(_epilogue.o)
 .text.libgcc.prologue
                0x00000000       0x36 c:/mingw/avrgcc/bin/../lib/gcc/avr/8.3.0/avr51\libgcc.a(_epilogue.o)
 .text.libgcc.builtins
                0x00000000        0x0 c:/mingw/avrgcc/bin/../lib/gcc/avr/8.3.0/avr51\libgcc.a(_epilogue.o)
 .text.libgcc.fmul
                0x00000000        0x0 c:/mingw/avrgcc/bin/../lib/gcc/avr/8.3.0/avr51\libgcc.a(_epilogue.o)
 .text.libgcc.fixed
                0x00000000        0x0 c:/mingw/avrgcc/bin/../lib/gcc/avr/8.3.0/avr51\libgcc.a(_epilogue.o)
 .debug_line    0x00000000       0xf7 c:/mingw/avrgcc/bin/../lib/gcc/avr/8.3.0/avr51\libgcc.a(_epilogue.o)
 .debug_info    0x00000000       0x26 c:/mingw/avrgcc/bin/../lib/gcc/avr/8.3.0/avr51\libgcc.a(_epilogue.o)
 .debug_abbrev  0x00000000       0x14 c:/mingw/avrgcc/bin/../lib/gcc/avr/8.3.0/avr51\libgcc.a(_epilogue.o)
 .debug_aranges
                0x00000000       0x20 c:/mingw/avrgcc/bin/../lib/gcc/avr/8.3.0/avr51\libgcc.a(_epilogue.o)
 .debug_str     0x00000000       0x5f c:/mingw/avrgcc/bin/../lib/gcc/avr/8.3.0/avr51\libgcc.a(_epilogue.o)
 .text          0x00000000        0x0 c:/mingw/avrgcc/bin/../lib/gcc/avr/8.3.0/avr51\libgcc.a(_ashldi3.o)
 .data          0x00000000        0x0 c:/mingw/avrgcc/bin/../lib/gcc/avr/8.3.0/avr51\libgcc.a(_ashldi3.o)
 .bss           0x00000000        0x0 c:/mingw/avrgcc/bin/../lib/gcc/avr/8.3.0/avr51\libgcc.a(_ashldi3.o)
 .text.libgcc.mul
                0x00000000        0x0 c:/mingw/avrgcc/bin/../lib/gcc/avr/8.3.0/avr51\libgcc.a(_ashldi3.o)
 .text.libgcc.div
                0x00000000        0x0 c:/mingw/avrgcc/bin/../lib/gcc/avr/8.3.0/avr51\libgcc.a(_ashldi3.o)
 .text.libgcc   0x00000000        0x0 c:/mingw/avrgcc/bin/../lib/gcc/avr/8.3.0/avr51\libgcc.a(_ashldi3.o)
 .text.libgcc.prologue
                0x00000000        0x0 c:/mingw/avrgcc/bin/../lib/gcc/avr/8.3.0/avr51\libgcc.a(_ashldi3.o)
 .text.libgcc.fmul
                0x00000000        0x0 c:/mingw/avrgcc/bin/../lib/gcc/avr/8.3.0/avr51\libgcc.a(_ashldi3.o)
 .text.libgcc.fixed
                0x00000000        0x0 c:/mingw/avrgcc/bin/../lib/gcc/avr/8.3.0/avr51\libgcc.a(_ashldi3.o)
 .text          0x00000000        0x0 c:/mingw/avrgcc/bin/../lib/gcc/avr/8.3.0/avr51\libgcc.a(_ashrdi3.o)
 .data          0x00000000        0x0 c:/mingw/avrgcc/bin/../lib/gcc/avr/8.3.0/avr51\libgcc.a(_ashrdi3.o)
 .bss           0x00000000        0x0 c:/mingw/avrgcc/bin/../lib/gcc/avr/8.3.0/avr51\libgcc.a(_ashrdi3.o)
 .text.libgcc.mul
                0x00000000        0x0 c:/mingw/avrgcc/bin/../lib/gcc/avr/8.3.0/avr51\libgcc.a(_ashrdi3.o)
 .text.libgcc.div
                0x00000000        0x0 c:/mingw/avrgcc/bin/../lib/gcc/avr/8.3.0/avr51\libgcc.a(_ashrdi3.o)
 .text.libgcc   0x00000000        0x0 c:/mingw/avrgcc/bin/../lib/gcc/avr/8.3.0/avr51\libgcc.a(_ashrdi3.o)
 .text.libgcc.prologue
                0x00000000        0x0 c:/mingw/avrgcc/bin/../lib/gcc/avr/8.3.0/avr51\libgcc.a(_ashrdi3.o)
 .text.libgcc.fmul
                0x00000000        0x0 c:/mingw/avrgcc/bin/../lib/gcc/avr/8.3.0/avr51\libgcc.a(_ashrdi3.o)
 .text.libgcc.fixed
                0x00000000        0x0 c:/mingw/avrgcc/bin/../lib/gcc/avr/8.3.0/avr51\libgcc.a(_ashrdi3.o)
 .text          0x00000000        0x0 c:/mingw/avrgcc/bin/../lib/gcc/avr/8.3.0/avr51\libgcc.a(_adddi3.o)
 .data          0x00000000        0x0 c:/mingw/avrgcc/bin/../lib/gcc/avr/8.3.0/avr51\libgcc.a(_adddi3.o)
 .bss           0x00000000        0x0 c:/mingw/avrgcc/bin/../lib/gcc/avr/8.3.0/avr51\libgcc.a(_adddi3.o)
 .text.libgcc.mul
                0x00000000        0x0 c:/mingw/avrgcc/bin/../lib/gcc/avr/8.3.0/avr51\libgcc.a(_adddi3.o)
 .text.libgcc.div
                0x00000000        0x0 c:/mingw/avrgcc/bin/../lib/gcc/avr/8.3.0/avr51\libgcc.a(_adddi3.o)
 .text.libgcc.prologue
                0x00000000        0x0 c:/mingw/avrgcc/bin/../lib/gcc/avr/8.3.0/avr51\libgcc.a(_adddi3.o)
 .text.libgcc.builtins
                0x00000000        0x0 c:/mingw/avrgcc/bin/../lib/gcc/avr/8.3.0/avr51\libgcc.a(_adddi3.o)
 .text.libgcc.fmul
                0x00000000        0x0 c:/mingw/avrgcc/bin/../lib/gcc/avr/8.3.0/avr51\libgcc.a(_adddi3.o)
 .text.libgcc.fixed
                0x00000000        0x0 c:/mingw/avrgcc/bin/../lib/gcc/avr/8.3.0/avr51\libgcc.a(_adddi3.o)
 .text          0x00000000        0x0 c:/mingw/avrgcc/bin/../lib/gcc/avr/8.3.0/avr51\libgcc.a(_subdi3.o)
 .data          0x00000000        0x0 c:/mingw/avrgcc/bin/../lib/gcc/avr/8.3.0/avr51\libgcc.a(_subdi3.o)
 .bss           0x00000000        0x0 c:/mingw/avrgcc/bin/../lib/gcc/avr/8.3.0/avr51\libgcc.a(_subdi3.o)
 .text.libgcc.mul
                0x00000000        0x0 c:/mingw/avrgcc/bin/../lib/gcc/avr/8.3.0/avr51\libgcc.a(_subdi3.o)
 .text.libgcc.div
                0x00000000        0x0 c:/mingw/avrgcc/bin/../lib/gcc/avr/8.3.0/avr51\libgcc.a(_subdi3.o)
 .text.libgcc.prologue
                0x00000000        0x0 c:/mingw/avrgcc/bin/../lib/gcc/avr/8.3.0/avr51\libgcc.a(_subdi3.o)
 .text.libgcc.builtins
                0x00000000        0x0 c:/mingw/avrgcc/bin/../lib/gcc/avr/8.3.0/avr51\libgcc.a(_subdi3.o)
 .text.libgcc.fmul
                0x00000000        0x0 c:/mingw/avrgcc/bin/../lib/gcc/avr/8.3.0/avr51\libgcc.a(_subdi3.o)
 .text.libgcc.fixed
                0x00000000        0x0 c:/mingw/avrgcc/bin/../lib/gcc/avr/8.3.0/avr51\libgcc.a(_subdi3.o)
 .text          0x00000000        0x0 c:/mingw/avrgcc/bin/../lib/gcc/avr/8.3.0/avr51\libgcc.a(_cmpdi2_s8.o)
 .data          0x00000000        0x0 c:/mingw/avrgcc/bin/../lib/gcc/avr/8.3.0/avr51\libgcc.a(_cmpdi2_s8.o)
 .bss           0x00000000        0x0 c:/mingw/avrgcc/bin/../lib/gcc/avr/8.3.0/avr51\libgcc.a(_cmpdi2_s8.o)
 .text.libgcc.mul
                0x00000000        0x0 c:/mingw/avrgcc/bin/../lib/gcc/avr/8.3.0/avr51\libgcc.a(_cmpdi2_s8.o)
 .text.libgcc.div
                0x00000000        0x0 c:/mingw/avrgcc/bin/../lib/gcc/avr/8.3.0/avr51\libgcc.a(_cmpdi2_s8.o)
 .text.libgcc   0x00000000       0x18 c:/mingw/avrgcc/bin/../lib/gcc/avr/8.3.0/avr51\libgcc.a(_cmpdi2_s8.o)
 .text.libgcc.prologue
                0x00000000        0x0 c:/mingw/avrgcc/bin/../lib/gcc/avr/8.3.0/avr51\libgcc.a(_cmpdi2_s8.o)
 .text.libgcc.builtins
                0x00000000        0x0 c:/mingw/avrgcc/bin/../lib/gcc/avr/8.3.0/avr51\libgcc.a(_cmpdi2_s8.o)
 .text.libgcc.fmul
                0x00000000        0x0 c:/mingw/avrgcc/bin/../lib/gcc/avr/8.3.0/avr51\libgcc.a(_cmpdi2_s8.o)
 .text.libgcc.fixed
                0x00000000        0x0 c:/mingw/avrgcc/bin/../lib/gcc/avr/8.3.0/avr51\libgcc.a(_cmpdi2_s8.o)
 .debug_line    0x00000000       0x79 c:/mingw/avrgcc/bin/../lib/gcc/avr/8.3.0/avr51\libgcc.a(_cmpdi2_s8.o)
 .debug_info    0x00000000       0x26 c:/mingw/avrgcc/bin/../lib/gcc/avr/8.3.0/avr51\libgcc.a(_cmpdi2_s8.o)
 .debug_abbrev  0x00000000       0x14 c:/mingw/avrgcc/bin/../lib/gcc/avr/8.3.0/avr51\libgcc.a(_cmpdi2_s8.o)
 .debug_aranges
                0x00000000       0x20 c:/mingw/avrgcc/bin/../lib/gcc/avr/8.3.0/avr51\libgcc.a(_cmpdi2_s8.o)
 .debug_str     0x00000000       0x5f c:/mingw/avrgcc/bin/../lib/gcc/avr/8.3.0/avr51\libgcc.a(_cmpdi2_s8.o)
 .text          0x00000000        0x0 c:/mingw/avrgcc/bin/../lib/gcc/avr/8.3.0/avr51\libgcc.a(_udivmodhi4.o)
 .data          0x00000000        0x0 c:/mingw/avrgcc/bin/../lib/gcc/avr/8.3.0/avr51\libgcc.a(_udivmodhi4.o)
 .bss           0x00000000        0x0 c:/mingw/avrgcc/bin/../lib/gcc/avr/8.3.0/avr51\libgcc.a(_udivmodhi4.o)
 .text.libgcc.mul
                0x00000000        0x0 c:/mingw/avrgcc/bin/../lib/gcc/avr/8.3.0/avr51\libgcc.a(_udivmodhi4.o)
 .text.libgcc.div
                0x00000000       0x28 c:/mingw/avrgcc/bin/../lib/gcc/avr/8.3.0/avr51\libgcc.a(_udivmodhi4.o)
 .text.libgcc   0x00000000        0x0 c:/mingw/avrgcc/bin/../lib/gcc/avr/8.3.0/avr51\libgcc.a(_udivmodhi4.o)
 .text.libgcc.prologue
                0x00000000        0x0 c:/mingw/avrgcc/bin/../lib/gcc/avr/8.3.0/avr51\libgcc.a(_udivmodhi4.o)
 .text.libgcc.builtins
                0x00000000        0x0 c:/mingw/avrgcc/bin/../lib/gcc/avr/8.3.0/avr51\libgcc.a(_udivmodhi4.o)
 .text.libgcc.fmul
                0x00000000        0x0 c:/mingw/avrgcc/bin/../lib/gcc/avr/8.3.0/avr51\libgcc.a(_udivmodhi4.o)
 .text.libgcc.fixed
                0x00000000        0x0 c:/mingw/avrgcc/bin/../lib/gcc/avr/8.3.0/avr51\libgcc.a(_udivmodhi4.o)
 .debug_line    0x00000000       0xcd c:/mingw/avrgcc/bin/../lib/gcc/avr/8.3.0/avr51\libgcc.a(_udivmodhi4.o)
 .debug_info    0x00000000       0x26 c:/mingw/avrgcc/bin/../lib/gcc/avr/8.3.0/avr51\libgcc.a(_udivmodhi4.o)
 .debug_abbrev  0x00000000       0x14 c:/mingw/avrgcc/bin/../lib/gcc/avr/8.3.0/avr51\libgcc.a(_udivmodhi4.o)
 .debug_aranges
                0x00000000       0x20 c:/mingw/avrgcc/bin/../lib/gcc/avr/8.3.0/avr51\libgcc.a(_udivmodhi4.o)
 .debug_str     0x00000000       0x5f c:/mingw/avrgcc/bin/../lib/gcc/avr/8.3.0/avr51\libgcc.a(_udivmodhi4.o)
 .text          0x00000000        0x0 c:/mingw/avrgcc/bin/../lib/gcc/avr/8.3.0/avr51\libgcc.a(_udivmodsi4.o)
 .data          0x00000000        0x0 c:/mingw/avrgcc/bin/../lib/gcc/avr/8.3.0/avr51\libgcc.a(_udivmodsi4.o)
 .bss           0x00000000        0x0 c:/mingw/avrgcc/bin/../lib/gcc/avr/8.3.0/avr51\libgcc.a(_udivmodsi4.o)
 .text.libgcc.mul
                0x00000000        0x0 c:/mingw/avrgcc/bin/../lib/gcc/avr/8.3.0/avr51\libgcc.a(_udivmodsi4.o)
 .text.libgcc   0x00000000        0x0 c:/mingw/avrgcc/bin/../lib/gcc/avr/8.3.0/avr51\libgcc.a(_udivmodsi4.o)
 .text.libgcc.prologue
                0x00000000        0x0 c:/mingw/avrgcc/bin/../lib/gcc/avr/8.3.0/avr51\libgcc.a(_udivmodsi4.o)
 .text.libgcc.builtins
                0x00000000        0x0 c:/mingw/avrgcc/bin/../lib/gcc/avr/8.3.0/avr51\libgcc.a(_udivmodsi4.o)
 .text.libgcc.fmul
                0x00000000        0x0 c:/mingw/avrgcc/bin/../lib/gcc/avr/8.3.0/avr51\libgcc.a(_udivmodsi4.o)
 .text.libgcc.fixed
                0x00000000        0x0 c:/mingw/avrgcc/bin/../lib/gcc/avr/8.3.0/avr51\libgcc.a(_udivmodsi4.o)
 .text          0x00000000        0x0 c:/mingw/avrgcc/bin/../lib/gcc/avr/8.3.0/avr51\libgcc.a(_umulhisi3.o)
 .data          0x00000000        0x0 c:/mingw/avrgcc/bin/../lib/gcc/avr/8.3.0/avr51\libgcc.a(_umulhisi3.o)
 .bss           0x00000000        0x0 c:/mingw/avrgcc/bin/../lib/gcc/avr/8.3.0/avr51\libgcc.a(_umulhisi3.o)
 .text.libgcc.div
                0x00000000        0x0 c:/mingw/avrgcc/bin/../lib/gcc/avr/8.3.0/avr51\libgcc.a(_umulhisi3.o)
 .text.libgcc   0x00000000        0x0 c:/mingw/avrgcc/bin/../lib/gcc/avr/8.3.0/avr51\libgcc.a(_umulhisi3.o)
 .text.libgcc.prologue
                0x00000000        0x0 c:/mingw/avrgcc/bin/../lib/gcc/avr/8.3.0/avr51\libgcc.a(_umulhisi3.o)
 .text.libgcc.builtins
                0x00000000        0x0 c:/mingw/avrgcc/bin/../lib/gcc/avr/8.3.0/avr51\libgcc.a(_umulhisi3.o)
 .text.libgcc.fmul
                0x00000000        0x0 c:/mingw/avrgcc/bin/../lib/gcc/avr/8.3.0/avr51\libgcc.a(_umulhisi3.o)
 .text.libgcc.fixed
                0x00000000        0x0 c:/mingw/avrgcc/bin/../lib/gcc/avr/8.3.0/avr51\libgcc.a(_umulhisi3.o)
 .text          0x00000000        0x0 c:/mingw/avrgcc/bin/../lib/gcc/avr/8.3.0/../../../../avr/lib/avr51\libm.a(addsf3.o)
 .data          0x00000000        0x0 c:/mingw/avrgcc/bin/../lib/gcc/avr/8.3.0/../../../../avr/lib/avr51\libm.a(addsf3.o)
 .bss           0x00000000        0x0 c:/mingw/avrgcc/bin/../lib/gcc/avr/8.3.0/../../../../avr/lib/avr51\libm.a(addsf3.o)
 .text.avr-libc.fplib
                0x00000000        0xe c:/mingw/avrgcc/bin/../lib/gcc/avr/8.3.0/../../../../avr/lib/avr51\libm.a(addsf3.o)
 .text          0x00000000        0x0 c:/mingw/avrgcc/bin/../lib/gcc/avr/8.3.0/../../../../avr/lib/avr51\libm.a(addsf3x.o)
 .data          0x00000000        0x0 c:/mingw/avrgcc/bin/../lib/gcc/avr/8.3.0/../../../../avr/lib/avr51\libm.a(addsf3x.o)
 .bss           0x00000000        0x0 c:/mingw/avrgcc/bin/../lib/gcc/avr/8.3.0/../../../../avr/lib/avr51\libm.a(addsf3x.o)
 .text.avr-libc.fplib
                0x00000000       0xcc c:/mingw/avrgcc/bin/../lib/gcc/avr/8.3.0/../../../../avr/lib/avr51\libm.a(addsf3x.o)
 .text          0x00000000        0x0 c:/mingw/avrgcc/bin/../lib/gcc/avr/8.3.0/../../../../avr/lib/avr51\libm.a(divsf3.o)
 .data          0x00000000        0x0 c:/mingw/avrgcc/bin/../lib/gcc/avr/8.3.0/../../../../avr/lib/avr51\libm.a(divsf3.o)
 .bss           0x00000000        0x0 c:/mingw/avrgcc/bin/../lib/gcc/avr/8.3.0/../../../../avr/lib/avr51\libm.a(divsf3.o)
 .text.avr-libc.fplib
                0x00000000        0x8 c:/mingw/avrgcc/bin/../lib/gcc/avr/8.3.0/../../../../avr/lib/avr51\libm.a(divsf3.o)
 .text          0x00000000        0x0 c:/mingw/avrgcc/bin/../lib/gcc/avr/8.3.0/../../../../avr/lib/avr51\libm.a(divsf3x.o)
 .data          0x00000000        0x0 c:/mingw/avrgcc/bin/../lib/gcc/avr/8.3.0/../../../../avr/lib/avr51\libm.a(divsf3x.o)
 .bss           0x00000000        0x0 c:/mingw/avrgcc/bin/../lib/gcc/avr/8.3.0/../../../../avr/lib/avr51\libm.a(divsf3x.o)
 .text.avr-libc.fplib
                0x00000000       0xdc c:/mingw/avrgcc/bin/../lib/gcc/avr/8.3.0/../../../../avr/lib/avr51\libm.a(divsf3x.o)
 .text          0x00000000        0x0 c:/mingw/avrgcc/bin/../lib/gcc/avr/8.3.0/../../../../avr/lib/avr51\libm.a(fixsfsi.o)
 .data          0x00000000        0x0 c:/mingw/avrgcc/bin/../lib/gcc/avr/8.3.0/../../../../avr/lib/avr51\libm.a(fixsfsi.o)
 .bss           0x00000000        0x0 c:/mingw/avrgcc/bin/../lib/gcc/avr/8.3.0/../../../../avr/lib/avr51\libm.a(fixsfsi.o)
 .text.avr-libc.fplib
                0x00000000        0xe c:/mingw/avrgcc/bin/../lib/gcc/avr/8.3.0/../../../../avr/lib/avr51\libm.a(fixsfsi.o)
 .text          0x00000000        0x0 c:/mingw/avrgcc/bin/../lib/gcc/avr/8.3.0/../../../../avr/lib/avr51\libm.a(fixunssfsi.o)
 .data          0x00000000        0x0 c:/mingw/avrgcc/bin/../lib/gcc/avr/8.3.0/../../../../avr/lib/avr51\libm.a(fixunssfsi.o)
 .bss           0x00000000        0x0 c:/mingw/avrgcc/bin/../lib/gcc/avr/8.3.0/../../../../avr/lib/avr51\libm.a(fixunssfsi.o)
 .text.avr-libc.fplib
                0x00000000       0x5e c:/mingw/avrgcc/bin/../lib/gcc/avr/8.3.0/../../../../avr/lib/avr51\libm.a(fixunssfsi.o)
 .text          0x00000000        0x0 c:/mingw/avrgcc/bin/../lib/gcc/avr/8.3.0/../../../../avr/lib/avr51\libm.a(floatsisf.o)
 .data          0x00000000        0x0 c:/mingw/avrgcc/bin/../lib/gcc/avr/8.3.0/../../../../avr/lib/avr51\libm.a(floatsisf.o)
 .bss           0x00000000        0x0 c:/mingw/avrgcc/bin/../lib/gcc/avr/8.3.0/../../../../avr/lib/avr51\libm.a(floatsisf.o)
 .text.avr-libc.fplib
                0x00000000       0x7a c:/mingw/avrgcc/bin/../lib/gcc/avr/8.3.0/../../../../avr/lib/avr51\libm.a(floatsisf.o)
 .text          0x00000000        0x0 c:/mingw/avrgcc/bin/../lib/gcc/avr/8.3.0/../../../../avr/lib/avr51\libm.a(fp_inf.o)
 .data          0x00000000        0x0 c:/mingw/avrgcc/bin/../lib/gcc/avr/8.3.0/../../../../avr/lib/avr51\libm.a(fp_inf.o)
 .bss           0x00000000        0x0 c:/mingw/avrgcc/bin/../lib/gcc/avr/8.3.0/../../../../avr/lib/avr51\libm.a(fp_inf.o)
 .text.avr-libc.fplib
                0x00000000        0xc c:/mingw/avrgcc/bin/../lib/gcc/avr/8.3.0/../../../../avr/lib/avr51\libm.a(fp_inf.o)
 .text          0x00000000        0x0 c:/mingw/avrgcc/bin/../lib/gcc/avr/8.3.0/../../../../avr/lib/avr51\libm.a(fp_nan.o)
 .data          0x00000000        0x0 c:/mingw/avrgcc/bin/../lib/gcc/avr/8.3.0/../../../../avr/lib/avr51\libm.a(fp_nan.o)
 .bss           0x00000000        0x0 c:/mingw/avrgcc/bin/../lib/gcc/avr/8.3.0/../../../../avr/lib/avr51\libm.a(fp_nan.o)
 .text.avr-libc.fplib
                0x00000000        0x6 c:/mingw/avrgcc/bin/../lib/gcc/avr/8.3.0/../../../../avr/lib/avr51\libm.a(fp_nan.o)
 .text          0x00000000        0x0 c:/mingw/avrgcc/bin/../lib/gcc/avr/8.3.0/../../../../avr/lib/avr51\libm.a(fp_pscA.o)
 .data          0x00000000        0x0 c:/mingw/avrgcc/bin/../lib/gcc/avr/8.3.0/../../../../avr/lib/avr51\libm.a(fp_pscA.o)
 .bss           0x00000000        0x0 c:/mingw/avrgcc/bin/../lib/gcc/avr/8.3.0/../../../../avr/lib/avr51\libm.a(fp_pscA.o)
 .text.avr-libc.fplib
                0x00000000        0xe c:/mingw/avrgcc/bin/../lib/gcc/avr/8.3.0/../../../../avr/lib/avr51\libm.a(fp_pscA.o)
 .text          0x00000000        0x0 c:/mingw/avrgcc/bin/../lib/gcc/avr/8.3.0/../../../../avr/lib/avr51\libm.a(fp_pscB.o)
 .data          0x00000000        0x0 c:/mingw/avrgcc/bin/../lib/gcc/avr/8.3.0/../../../../avr/lib/avr51\libm.a(fp_pscB.o)
 .bss           0x00000000        0x0 c:/mingw/avrgcc/bin/../lib/gcc/avr/8.3.0/../../../../avr/lib/avr51\libm.a(fp_pscB.o)
 .text.avr-libc.fplib
                0x00000000        0xe c:/mingw/avrgcc/bin/../lib/gcc/avr/8.3.0/../../../../avr/lib/avr51\libm.a(fp_pscB.o)
 .text          0x00000000        0x0 c:/mingw/avrgcc/bin/../lib/gcc/avr/8.3.0/../../../../avr/lib/avr51\libm.a(fp_round.o)
 .data          0x00000000        0x0 c:/mingw/avrgcc/bin/../lib/gcc/avr/8.3.0/../../../../avr/lib/avr51\libm.a(fp_round.o)
 .bss           0x00000000        0x0 c:/mingw/avrgcc/bin/../lib/gcc/avr/8.3.0/../../../../avr/lib/avr51\libm.a(fp_round.o)
 .text.avr-libc.fplib
                0x00000000       0x22 c:/mingw/avrgcc/bin/../lib/gcc/avr/8.3.0/../../../../avr/lib/avr51\libm.a(fp_round.o)
 .text          0x00000000        0x0 c:/mingw/avrgcc/bin/../lib/gcc/avr/8.3.0/../../../../avr/lib/avr51\libm.a(fp_split3.o)
 .data          0x00000000        0x0 c:/mingw/avrgcc/bin/../lib/gcc/avr/8.3.0/../../../../avr/lib/avr51\libm.a(fp_split3.o)
 .bss           0x00000000        0x0 c:/mingw/avrgcc/bin/../lib/gcc/avr/8.3.0/../../../../avr/lib/avr51\libm.a(fp_split3.o)
 .text.avr-libc.fplib
                0x00000000       0x44 c:/mingw/avrgcc/bin/../lib/gcc/avr/8.3.0/../../../../avr/lib/avr51\libm.a(fp_split3.o)
 .text          0x00000000        0x0 c:/mingw/avrgcc/bin/../lib/gcc/avr/8.3.0/../../../../avr/lib/avr51\libm.a(fp_zero.o)
 .data          0x00000000        0x0 c:/mingw/avrgcc/bin/../lib/gcc/avr/8.3.0/../../../../avr/lib/avr51\libm.a(fp_zero.o)
 .bss           0x00000000        0x0 c:/mingw/avrgcc/bin/../lib/gcc/avr/8.3.0/../../../../avr/lib/avr51\libm.a(fp_zero.o)
 .text.avr-libc.fplib
                0x00000000        0xe c:/mingw/avrgcc/bin/../lib/gcc/avr/8.3.0/../../../../avr/lib/avr51\libm.a(fp_zero.o)
 .text          0x00000000        0x0 c:/mingw/avrgcc/bin/../lib/gcc/avr/8.3.0/../../../../avr/lib/avr51\libm.a(mulsf3.o)
 .data          0x00000000        0x0 c:/mingw/avrgcc/bin/../lib/gcc/avr/8.3.0/../../../../avr/lib/avr51\libm.a(mulsf3.o)
 .bss           0x00000000        0x0 c:/mingw/avrgcc/bin/../lib/gcc/avr/8.3.0/../../../../avr/lib/avr51\libm.a(mulsf3.o)
 .text.avr-libc.fplib
                0x00000000        0x8 c:/mingw/avrgcc/bin/../lib/gcc/avr/8.3.0/../../../../avr/lib/avr51\libm.a(mulsf3.o)
 .text          0x00000000        0x0 c:/mingw/avrgcc/bin/../lib/gcc/avr/8.3.0/../../../../avr/lib/avr51\libm.a(mulsf3x.o)
 .data          0x00000000        0x0 c:/mingw/avrgcc/bin/../lib/gcc/avr/8.3.0/../../../../avr/lib/avr51\libm.a(mulsf3x.o)
 .bss           0x00000000        0x0 c:/mingw/avrgcc/bin/../lib/gcc/avr/8.3.0/../../../../avr/lib/avr51\libm.a(mulsf3x.o)
 .text.avr-libc.fplib
                0x00000000       0xd2 c:/mingw/avrgcc/bin/../lib/gcc/avr/8.3.0/../../../../avr/lib/avr51\libm.a(mulsf3x.o)
 .text          0x00000000        0x0 c:/mingw/avrgcc/bin/../lib/gcc/avr/8.3.0/../../../../avr/lib/avr51\libc.a(malloc.o)
 .bss           0x00000000        0x0 c:/mingw/avrgcc/bin/../lib/gcc/avr/8.3.0/../../../../avr/lib/avr51\libc.a(malloc.o)
 .text          0x00000000        0x0 c:/mingw/avrgcc/bin/../lib/gcc/avr/8.3.0/../../../../avr/lib/avr51\libc.a(memcpy.o)
 .data          0x00000000        0x0 c:/mingw/avrgcc/bin/../lib/gcc/avr/8.3.0/../../../../avr/lib/avr51\libc.a(memcpy.o)
 .bss           0x00000000        0x0 c:/mingw/avrgcc/bin/../lib/gcc/avr/8.3.0/../../../../avr/lib/avr51\libc.a(memcpy.o)
 .text.avr-libc
                0x00000000       0x12 c:/mingw/avrgcc/bin/../lib/gcc/avr/8.3.0/../../../../avr/lib/avr51\libc.a(memcpy.o)
 .text          0x00000000        0x0 c:/mingw/avrgcc/bin/../lib/gcc/avr/8.3.0/../../../../avr/lib/avr51\libc.a(strcpy.o)
 .data          0x00000000        0x0 c:/mingw/avrgcc/bin/../lib/gcc/avr/8.3.0/../../../../avr/lib/avr51\libc.a(strcpy.o)
 .bss           0x00000000        0x0 c:/mingw/avrgcc/bin/../lib/gcc/avr/8.3.0/../../../../avr/lib/avr51\libc.a(strcpy.o)
 .text.avr-libc
                0x00000000        0xe c:/mingw/avrgcc/bin/../lib/gcc/avr/8.3.0/../../../../avr/lib/avr51\libc.a(strcpy.o)
 .text          0x00000000        0x0 c:/mingw/avrgcc/bin/../lib/gcc/avr/8.3.0/../../../../avr/lib/avr51\libc.a(itoa_ncheck.o)
 .data          0x00000000        0x0 c:/mingw/avrgcc/bin/../lib/gcc/avr/8.3.0/../../../../avr/lib/avr51\libc.a(itoa_ncheck.o)
 .bss           0x00000000        0x0 c:/mingw/avrgcc/bin/../lib/gcc/avr/8.3.0/../../../../avr/lib/avr51\libc.a(itoa_ncheck.o)
 .text          0x00000000        0x0 c:/mingw/avrgcc/bin/../lib/gcc/avr/8.3.0/../../../../avr/lib/avr51\libc.a(utoa_ncheck.o)
 .data          0x00000000        0x0 c:/mingw/avrgcc/bin/../lib/gcc/avr/8.3.0/../../../../avr/lib/avr51\libc.a(utoa_ncheck.o)
 .bss           0x00000000        0x0 c:/mingw/avrgcc/bin/../lib/gcc/avr/8.3.0/../../../../avr/lib/avr51\libc.a(utoa_ncheck.o)
 .text          0x00000000        0x0 c:/mingw/avrgcc/bin/../lib/gcc/avr/8.3.0/../../../../avr/lib/avr51\libc.a(sprintf.o)
 .data          0x00000000        0x0 c:/mingw/avrgcc/bin/../lib/gcc/avr/8.3.0/../../../../avr/lib/avr51\libc.a(sprintf.o)
 .bss           0x00000000        0x0 c:/mingw/avrgcc/bin/../lib/gcc/avr/8.3.0/../../../../avr/lib/avr51\libc.a(sprintf.o)
 .text          0x00000000        0x0 c:/mingw/avrgcc/bin/../lib/gcc/avr/8.3.0/../../../../avr/lib/avr51\libc.a(vfprintf_std.o)
 .data          0x00000000        0x0 c:/mingw/avrgcc/bin/../lib/gcc/avr/8.3.0/../../../../avr/lib/avr51\libc.a(vfprintf_std.o)
 .bss           0x00000000        0x0 c:/mingw/avrgcc/bin/../lib/gcc/avr/8.3.0/../../../../avr/lib/avr51\libc.a(vfprintf_std.o)
 .text          0x00000000        0x0 c:/mingw/avrgcc/bin/../lib/gcc/avr/8.3.0/../../../../avr/lib/avr51\libc.a(strnlen_P.o)
 .data          0x00000000        0x0 c:/mingw/avrgcc/bin/../lib/gcc/avr/8.3.0/../../../../avr/lib/avr51\libc.a(strnlen_P.o)
 .bss           0x00000000        0x0 c:/mingw/avrgcc/bin/../lib/gcc/avr/8.3.0/../../../../avr/lib/avr51\libc.a(strnlen_P.o)
 .text          0x00000000        0x0 c:/mingw/avrgcc/bin/../lib/gcc/avr/8.3.0/../../../../avr/lib/avr51\libc.a(strnlen.o)
 .data          0x00000000        0x0 c:/mingw/avrgcc/bin/../lib/gcc/avr/8.3.0/../../../../avr/lib/avr51\libc.a(strnlen.o)
 .bss           0x00000000        0x0 c:/mingw/avrgcc/bin/../lib/gcc/avr/8.3.0/../../../../avr/lib/avr51\libc.a(strnlen.o)
 .text          0x00000000        0x0 c:/mingw/avrgcc/bin/../lib/gcc/avr/8.3.0/../../../../avr/lib/avr51\libc.a(strrev.o)
 .data          0x00000000        0x0 c:/mingw/avrgcc/bin/../lib/gcc/avr/8.3.0/../../../../avr/lib/avr51\libc.a(strrev.o)
 .bss           0x00000000        0x0 c:/mingw/avrgcc/bin/../lib/gcc/avr/8.3.0/../../../../avr/lib/avr51\libc.a(strrev.o)
 .text          0x00000000        0x0 c:/mingw/avrgcc/bin/../lib/gcc/avr/8.3.0/../../../../avr/lib/avr51\libc.a(fputc.o)
 .data          0x00000000        0x0 c:/mingw/avrgcc/bin/../lib/gcc/avr/8.3.0/../../../../avr/lib/avr51\libc.a(fputc.o)
 .bss           0x00000000        0x0 c:/mingw/avrgcc/bin/../lib/gcc/avr/8.3.0/../../../../avr/lib/avr51\libc.a(fputc.o)
 .text          0x00000000        0x0 c:/mingw/avrgcc/bin/../lib/gcc/avr/8.3.0/../../../../avr/lib/avr51\libc.a(ultoa_invert.o)
 .data          0x00000000        0x0 c:/mingw/avrgcc/bin/../lib/gcc/avr/8.3.0/../../../../avr/lib/avr51\libc.a(ultoa_invert.o)
 .bss           0x00000000        0x0 c:/mingw/avrgcc/bin/../lib/gcc/avr/8.3.0/../../../../avr/lib/avr51\libc.a(ultoa_invert.o)

Memory Configuration

Name             Origin             Length             Attributes
text             0x00000000         0x00020000         xr
data             0x00800100         0x0000ff00         rw !x
eeprom           0x00810000         0x00010000         rw !x
fuse             0x00820000         0x00000400         rw !x
lock             0x00830000         0x00000400         rw !x
signature        0x00840000         0x00000400         rw !x
user_signatures  0x00850000         0x00000400         rw !x
*default*        0x00000000         0xffffffff

Linker script and memory map

Address of section .data set to 0x800100
LOAD c:/mingw/avrgcc/bin/../lib/gcc/avr/8.3.0/../../../../avr/lib/avr51/crtatmega128.o
LOAD C:\Users\Kang\AppData\Local\Temp\ccOnKxq1.o
LOAD C:\Users\Kang\AppData\Local\Temp\ccHSgxC6.o
LOAD C:\Users\Kang\AppData\Local\Temp\ccAXPIgd.o
LOAD C:\Users\Kang\AppData\Local\Temp\ccCuZZtl.o
LOAD C:\Users\Kang\AppData\Local\Temp\cce8Cd2F.o
LOAD C:\Users\Kang\AppData\Local\Temp\cc6t5Vfa.o
LOAD C:\Users\Kang\AppData\Local\Temp\ccmk3hmF.o
LOAD C:\Users\Kang\AppData\Local\Temp\cc4ioHxf.o
LOAD C:\Users\Kang\AppData\Local\Temp\cc2lnc33.o
LOAD C:\Users\Kang\AppData\Local\Temp\ccWwDdAU.o
LOAD C:\Users\Kang\AppData\Local\Temp\ccEZR9nP.o
LOAD C:\Users\Kang\AppData\Local\Temp\cc63ZshP.o
START GROUP
LOAD c:/mingw/avrgcc/bin/../lib/gcc/avr/8.3.0/avr51\libgcc.a
LOAD c:/mingw/avrgcc/bin/../lib/gcc/avr/8.3.0/../../../../avr/lib/avr51\libm.a
LOAD c:/mingw/avrgcc/bin/../lib/gcc/avr/8.3.0/../../../../avr/lib/avr51\libc.a
LOAD c:/mingw/avrgcc/bin/../lib/gcc/avr/8.3.0/../../../../avr/lib/avr51\libatmega128.a
END GROUP
                0x00020000                __TEXT_REGION_LENGTH__ = DEFINED (__TEXT_REGION_LENGTH__)?__TEXT_REGION_LENGTH__:0x20000
                0x0000ff00                __DATA_REGION_LENGTH__ = DEFINED (__DATA_REGION_LENGTH__)?__DATA_REGION_LENGTH__:0xff00
                0x00010000                __EEPROM_REGION_LENGTH__ = DEFINED (__EEPROM_REGION_LENGTH__)?__EEPROM_REGION_LENGTH__:0x10000
                0x00000400                __FUSE_REGION_LENGTH__ = DEFINED (__FUSE_REGION_LENGTH__)?__FUSE_REGION_LENGTH__:0x400
                0x00000400                __LOCK_REGION_LENGTH__ = DEFINED (__LOCK_REGION_LENGTH__)?__LOCK_REGION_LENGTH__:0x400
                0x00000400                __SIGNATURE_REGION_LENGTH__ = DEFINED (__SIGNATURE_REGION_LENGTH__)?__SIGNATURE_REGION_LENGTH__:0x400
                0x00000400                __USER_SIGNATURE_REGION_LENGTH__ = DEFINED (__USER_SIGNATURE_REGION_LENGTH__)?__USER_SIGNATURE_REGION_LENGTH__:0x400

.hash
 *(.hash)

.dynsym
 *(.dynsym)

.dynstr
 *(.dynstr)

.gnu.version
 *(.gnu.version)

.gnu.version_d
 *(.gnu.version_d)

.gnu.version_r
 *(.gnu.version_r)

.rel.init
 *(.rel.init)

.rela.init
 *(.rela.init)

.rel.text
 *(.rel.text)
 *(.rel.text.*)
 *(.rel.gnu.linkonce.t*)

.rela.text
 *(.rela.text)
 *(.rela.text.*)
 *(.rela.gnu.linkonce.t*)

.rel.fini
 *(.rel.fini)

.rela.fini
 *(.rela.fini)

.rel.rodata
 *(.rel.rodata)
 *(.rel.rodata.*)
 *(.rel.gnu.linkonce.r*)

.rela.rodata
 *(.rela.rodata)
 *(.rela.rodata.*)
 *(.rela.gnu.linkonce.r*)

.rel.data
 *(.rel.data)
 *(.rel.data.*)
 *(.rel.gnu.linkonce.d*)

.rela.data
 *(.rela.data)
 *(.rela.data.*)
 *(.rela.gnu.linkonce.d*)

.rel.ctors
 *(.rel.ctors)

.rela.ctors
 *(.rela.ctors)

.rel.dtors
 *(.rel.dtors)

.rela.dtors
 *(.rela.dtors)

.rel.got
 *(.rel.got)

.rela.got
 *(.rela.got)

.rel.bss
 *(.rel.bss)

.rela.bss
 *(.rela.bss)

.rel.plt
 *(.rel.plt)

.rela.plt
 *(.rela.plt)

.text           0x00000000     0x197e
 *(.vectors)
 .vectors       0x00000000       0x8c c:/mingw/avrgcc/bin/../lib/gcc/avr/8.3.0/../../../../avr/lib/avr51/crtatmega128.o
                0x00000000                __vector_default
                0x00000000                __vectors
 *(.vectors)
 *(.progmem.gcc*)
                0x0000008c                . = ALIGN (0x2)
                0x0000008c                __trampolines_start = .
 *(.trampolines)
 .trampolines   0x0000008c        0x0 linker stubs
 *(.trampolines*)
                0x0000008c                __trampolines_end = .
 *libprintf_flt.a:*(.progmem.data)
 *libc.a:*(.progmem.data)
 *(.progmem.*)
                0x0000008c                . = ALIGN (0x2)
 *(.lowtext)
 *(.lowtext*)
                0x0000008c                __ctors_start = .
 *(.ctors)
                0x0000008c                __ctors_end = .
                0x0000008c                __dtors_start = .
 *(.dtors)
                0x0000008c                __dtors_end = .
 SORT_BY_NAME(*)(.ctors)
 SORT_BY_NAME(*)(.dtors)
 *(.init0)
 .init0         0x0000008c        0x0 c:/mingw/avrgcc/bin/../lib/gcc/avr/8.3.0/../../../../avr/lib/avr51/crtatmega128.o
                0x0000008c                __init
 *(.init0)
 *(.init1)
 *(.init1)
 *(.init2)
 .init2         0x0000008c        0xc c:/mingw/avrgcc/bin/../lib/gcc/avr/8.3.0/../../../../avr/lib/avr51/crtatmega128.o
 *(.init2)
 *(.init3)
 *(.init3)
 *(.init4)
 .init4         0x00000098       0x1a c:/mingw/avrgcc/bin/../lib/gcc/avr/8.3.0/avr51\libgcc.a(_copy_data.o)
                0x00000098                __do_copy_data
 .init4         0x000000b2       0x10 c:/mingw/avrgcc/bin/../lib/gcc/avr/8.3.0/avr51\libgcc.a(_clear_bss.o)
                0x000000b2                __do_clear_bss
 *(.init4)
 *(.init5)
 *(.init5)
 *(.init6)
 *(.init6)
 *(.init7)
 *(.init7)
 *(.init8)
 *(.init8)
 *(.init9)
 .init9         0x000000c2        0x8 c:/mingw/avrgcc/bin/../lib/gcc/avr/8.3.0/../../../../avr/lib/avr51/crtatmega128.o
 *(.init9)
 *(.text)
 .text          0x000000ca        0x4 c:/mingw/avrgcc/bin/../lib/gcc/avr/8.3.0/../../../../avr/lib/avr51/crtatmega128.o
                0x000000ca                __vector_22
                0x000000ca                __vector_28
                0x000000ca                __vector_1
                0x000000ca                __vector_32
                0x000000ca                __vector_34
                0x000000ca                __vector_24
                0x000000ca                __vector_12
                0x000000ca                __bad_interrupt
                0x000000ca                __vector_6
                0x000000ca                __vector_31
                0x000000ca                __vector_3
                0x000000ca                __vector_23
                0x000000ca                __vector_30
                0x000000ca                __vector_25
                0x000000ca                __vector_11
                0x000000ca                __vector_13
                0x000000ca                __vector_17
                0x000000ca                __vector_19
                0x000000ca                __vector_7
                0x000000ca                __vector_27
                0x000000ca                __vector_5
                0x000000ca                __vector_33
                0x000000ca                __vector_4
                0x000000ca                __vector_9
                0x000000ca                __vector_2
                0x000000ca                __vector_21
                0x000000ca                __vector_15
                0x000000ca                __vector_29
                0x000000ca                __vector_8
                0x000000ca                __vector_26
                0x000000ca                __vector_14
                0x000000ca                __vector_10
                0x000000ca                __vector_16
                0x000000ca                __vector_18
                0x000000ce                . = ALIGN (0x2)
 *(.text.*)
 .text.outputmsg_uart0
                0x000000ce       0x3c C:\Users\Kang\AppData\Local\Temp\ccHSgxC6.o
                0x000000ce                outputmsg_uart0
 .text.internal_assertion_failed
                0x0000010a       0x5e C:\Users\Kang\AppData\Local\Temp\ccHSgxC6.o
                0x0000010a                internal_assertion_failed
 .text.TList_PopFront
                0x00000168       0x82 C:\Users\Kang\AppData\Local\Temp\ccCuZZtl.o
                0x00000168                TList_PopFront
 .text.Malloc   0x000001ea       0xdc C:\Users\Kang\AppData\Local\Temp\cce8Cd2F.o
                0x000001ea                Malloc
 .text.LCDDevice__Initialize
                0x000002c6      0x372 C:\Users\Kang\AppData\Local\Temp\cce8Cd2F.o
                0x000002c6                LCDDevice__Initialize
 .text.LCDDevice__Render
                0x00000638      0x45a C:\Users\Kang\AppData\Local\Temp\cce8Cd2F.o
                0x00000638                LCDDevice__Render
 .text.CalculateTranformCache
                0x00000a92       0x58 C:\Users\Kang\AppData\Local\Temp\cc6t5Vfa.o
                0x00000a92                CalculateTranformCache
 .text.startup.main
                0x00000aea       0x40 C:\Users\Kang\AppData\Local\Temp\cc4ioHxf.o
                0x00000aea                main
 .text.fixedpt_sin
                0x00000b2a      0x20e C:\Users\Kang\AppData\Local\Temp\cc2lnc33.o
                0x00000b2a                fixedpt_sin
 .text.CSerialSender_Initialize
                0x00000d38       0x14 C:\Users\Kang\AppData\Local\Temp\cc63ZshP.o
                0x00000d38                CSerialSender_Initialize
 .text.CSerialSender_ConsumeOutputCharacter
                0x00000d4c       0xf2 C:\Users\Kang\AppData\Local\Temp\cc63ZshP.o
                0x00000d4c                CSerialSender_ConsumeOutputCharacter
 .text.__vector_20
                0x00000e3e       0x62 C:\Users\Kang\AppData\Local\Temp\cc63ZshP.o
                0x00000e3e                __vector_20
 .text.libgcc.mul
                0x00000ea0       0x20 c:/mingw/avrgcc/bin/../lib/gcc/avr/8.3.0/avr51\libgcc.a(_mulsi3.o)
                0x00000ea0                __mulsi3
 .text.libgcc.div
                0x00000ec0       0x2e c:/mingw/avrgcc/bin/../lib/gcc/avr/8.3.0/avr51\libgcc.a(_divmodsi4.o)
                0x00000ec0                __divmodsi4
 .text.libgcc.div
                0x00000eee       0x10 c:/mingw/avrgcc/bin/../lib/gcc/avr/8.3.0/avr51\libgcc.a(_negsi2.o)
                0x00000eee                __negsi2
 .text.libgcc.mul
                0x00000efe       0x16 c:/mingw/avrgcc/bin/../lib/gcc/avr/8.3.0/avr51\libgcc.a(_muluhisi3.o)
                0x00000efe                __muluhisi3
 .text.libgcc.mul
                0x00000f14       0x9e c:/mingw/avrgcc/bin/../lib/gcc/avr/8.3.0/avr51\libgcc.a(_muldi3.o)
                0x00000f14                __muldi3
 .text.libgcc.mul
                0x00000fb2       0x12 c:/mingw/avrgcc/bin/../lib/gcc/avr/8.3.0/avr51\libgcc.a(_muldi3_6.o)
                0x00000fb2                __muldi3_6
 .text.libgcc.mul
                0x00000fc4       0x1e c:/mingw/avrgcc/bin/../lib/gcc/avr/8.3.0/avr51\libgcc.a(_mulsidi3.o)
                0x00000fc4                __mulsidi3
 .text.libgcc.mul
                0x00000fe2       0x56 c:/mingw/avrgcc/bin/../lib/gcc/avr/8.3.0/avr51\libgcc.a(_umulsidi3.o)
                0x00000fe2                __umulsidi3
                0x00000fe4                __umulsidi3_helper
 .text.libgcc.builtins
                0x00001038       0x32 c:/mingw/avrgcc/bin/../lib/gcc/avr/8.3.0/avr51\libgcc.a(_ashldi3.o)
                0x00001038                __ashldi3
 .text.libgcc.builtins
                0x0000106a       0x3a c:/mingw/avrgcc/bin/../lib/gcc/avr/8.3.0/avr51\libgcc.a(_ashrdi3.o)
                0x0000106a                __ashrdi3
                0x0000106e                __lshrdi3
 .text.libgcc   0x000010a4       0x12 c:/mingw/avrgcc/bin/../lib/gcc/avr/8.3.0/avr51\libgcc.a(_adddi3.o)
                0x000010a4                __adddi3
 .text.libgcc   0x000010b6       0x12 c:/mingw/avrgcc/bin/../lib/gcc/avr/8.3.0/avr51\libgcc.a(_subdi3.o)
                0x000010b6                __subdi3
 .text.libgcc.div
                0x000010c8       0x44 c:/mingw/avrgcc/bin/../lib/gcc/avr/8.3.0/avr51\libgcc.a(_udivmodsi4.o)
                0x000010c8                __udivmodsi4
 .text.libgcc.mul
                0x0000110c       0x1e c:/mingw/avrgcc/bin/../lib/gcc/avr/8.3.0/avr51\libgcc.a(_umulhisi3.o)
                0x0000110c                __umulhisi3
 .text.avr-libc
                0x0000112a      0x256 c:/mingw/avrgcc/bin/../lib/gcc/avr/8.3.0/../../../../avr/lib/avr51\libc.a(malloc.o)
                0x0000112a                malloc
                0x0000125e                free
 .text.avr-libc
                0x00001380       0x16 c:/mingw/avrgcc/bin/../lib/gcc/avr/8.3.0/../../../../avr/lib/avr51\libc.a(itoa_ncheck.o)
                0x00001380                __itoa_ncheck
 .text.avr-libc
                0x00001396       0x34 c:/mingw/avrgcc/bin/../lib/gcc/avr/8.3.0/../../../../avr/lib/avr51\libc.a(utoa_ncheck.o)
                0x00001396                __utoa_ncheck
                0x00001398                __utoa_common
 .text.avr-libc
                0x000013ca       0x60 c:/mingw/avrgcc/bin/../lib/gcc/avr/8.3.0/../../../../avr/lib/avr51\libc.a(sprintf.o)
                0x000013ca                sprintf
 .text.avr-libc
                0x0000142a      0x3e8 c:/mingw/avrgcc/bin/../lib/gcc/avr/8.3.0/../../../../avr/lib/avr51\libc.a(vfprintf_std.o)
                0x0000142a                vfprintf
 .text.avr-libc
                0x00001812       0x16 c:/mingw/avrgcc/bin/../lib/gcc/avr/8.3.0/../../../../avr/lib/avr51\libc.a(strnlen_P.o)
                0x00001812                strnlen_P
 .text.avr-libc
                0x00001828       0x16 c:/mingw/avrgcc/bin/../lib/gcc/avr/8.3.0/../../../../avr/lib/avr51\libc.a(strnlen.o)
                0x00001828                strnlen
 .text.avr-libc
                0x0000183e       0x20 c:/mingw/avrgcc/bin/../lib/gcc/avr/8.3.0/../../../../avr/lib/avr51\libc.a(strrev.o)
                0x0000183e                strrev
 .text.avr-libc
                0x0000185e       0x60 c:/mingw/avrgcc/bin/../lib/gcc/avr/8.3.0/../../../../avr/lib/avr51\libc.a(fputc.o)
                0x0000185e                fputc
 .text.avr-libc
                0x000018be       0xbc c:/mingw/avrgcc/bin/../lib/gcc/avr/8.3.0/../../../../avr/lib/avr51\libc.a(ultoa_invert.o)
                0x000018be                __ultoa_invert
                0x0000197a                . = ALIGN (0x2)
 *(.fini9)
 .fini9         0x0000197a        0x0 c:/mingw/avrgcc/bin/../lib/gcc/avr/8.3.0/avr51\libgcc.a(_exit.o)
                0x0000197a                _exit
                0x0000197a                exit
 *(.fini9)
 *(.fini8)
 *(.fini8)
 *(.fini7)
 *(.fini7)
 *(.fini6)
 *(.fini6)
 *(.fini5)
 *(.fini5)
 *(.fini4)
 *(.fini4)
 *(.fini3)
 *(.fini3)
 *(.fini2)
 *(.fini2)
 *(.fini1)
 *(.fini1)
 *(.fini0)
 .fini0         0x0000197a        0x4 c:/mingw/avrgcc/bin/../lib/gcc/avr/8.3.0/avr51\libgcc.a(_exit.o)
 *(.fini0)
 *(.hightext)
 *(.hightext*)
 *(.progmemx.*)
                0x0000197e                . = ALIGN (0x2)
 *(.jumptables)
 *(.jumptables*)
                0x0000197e                _etext = .

.data           0x00800100      0x110 load address 0x0000197e
                0x00800100                PROVIDE (__data_start = .)
 *(.data)
 .data          0x00800100        0x6 c:/mingw/avrgcc/bin/../lib/gcc/avr/8.3.0/../../../../avr/lib/avr51\libc.a(malloc.o)
                0x00800100                __malloc_heap_end
                0x00800102                __malloc_heap_start
                0x00800104                __malloc_margin
 *(.data*)
 *(.gnu.linkonce.d*)
 *(.rodata)
 *(.rodata*)
 .rodata.internal_assertion_failed.str1.1
                0x00800106       0x48 C:\Users\Kang\AppData\Local\Temp\ccHSgxC6.o
                                 0x4b (size before relaxing)
 .rodata.Malloc.str1.1
                0x0080014e       0x9a C:\Users\Kang\AppData\Local\Temp\cce8Cd2F.o
 .rodata.CSerialSender_ConsumeOutputCharacter.str1.1
                0x008001e8       0x27 C:\Users\Kang\AppData\Local\Temp\cc63ZshP.o
                                 0x33 (size before relaxing)
 *(.gnu.linkonce.r*)
                0x00800210                . = ALIGN (0x2)
 *fill*         0x0080020f        0x1 
                0x00800210                _edata = .
                0x00800210                PROVIDE (__data_end = .)

.bss            0x00800210        0xe
                0x00800210                PROVIDE (__bss_start = .)
 *(.bss)
 *(.bss*)
 .bss.__INTERRUPT_LOCK_MUTEX__
                0x00800210        0x1 C:\Users\Kang\AppData\Local\Temp\cc4ioHxf.o
                0x00800210                __INTERRUPT_LOCK_MUTEX__
 *(COMMON)
 COMMON         0x00800211        0x2 C:\Users\Kang\AppData\Local\Temp\cce8Cd2F.o
                0x00800211                LCDBuffer
 COMMON         0x00800213        0x7 C:\Users\Kang\AppData\Local\Temp\cc63ZshP.o
                0x00800213                UART0Sender
 COMMON         0x0080021a        0x4 c:/mingw/avrgcc/bin/../lib/gcc/avr/8.3.0/../../../../avr/lib/avr51\libc.a(malloc.o)
                0x0080021a                __brkval
                0x0080021c                __flp
                0x0080021e                PROVIDE (__bss_end = .)
                0x0000197e                __data_load_start = LOADADDR (.data)
                0x00001a8e                __data_load_end = (__data_load_start + SIZEOF (.data))

.noinit         0x0080021e        0x0
                [!provide]                PROVIDE (__noinit_start = .)
 *(.noinit*)
                [!provide]                PROVIDE (__noinit_end = .)
                0x0080021e                _end = .
                0x0080021e                PROVIDE (__heap_start = .)

.eeprom         0x00810000        0x0
 *(.eeprom*)
                0x00810000                __eeprom_end = .

.fuse
 *(.fuse)
 *(.lfuse)
 *(.hfuse)
 *(.efuse)

.lock
 *(.lock*)

.signature
 *(.signature*)

.stab
 *(.stab)

.stabstr
 *(.stabstr)

.stab.excl
 *(.stab.excl)

.stab.exclstr
 *(.stab.exclstr)

.stab.index
 *(.stab.index)

.stab.indexstr
 *(.stab.indexstr)

.comment        0x00000000       0x11
 *(.comment)
 .comment       0x00000000       0x11 C:\Users\Kang\AppData\Local\Temp\ccHSgxC6.o
                                 0x12 (size before relaxing)
 .comment       0x00000011       0x12 C:\Users\Kang\AppData\Local\Temp\ccCuZZtl.o
 .comment       0x00000011       0x12 C:\Users\Kang\AppData\Local\Temp\cce8Cd2F.o
 .comment       0x00000011       0x12 C:\Users\Kang\AppData\Local\Temp\cc6t5Vfa.o
 .comment       0x00000011       0x12 C:\Users\Kang\AppData\Local\Temp\cc4ioHxf.o
 .comment       0x00000011       0x12 C:\Users\Kang\AppData\Local\Temp\cc2lnc33.o
 .comment       0x00000011       0x12 C:\Users\Kang\AppData\Local\Temp\cc63ZshP.o
 .comment       0x00000011       0x12 c:/mingw/avrgcc/bin/../lib/gcc/avr/8.3.0/../../../../avr/lib/avr51\libc.a(malloc.o)
 .comment       0x00000011       0x12 c:/mingw/avrgcc/bin/../lib/gcc/avr/8.3.0/../../../../avr/lib/avr51\libc.a(sprintf.o)
 .comment       0x00000011       0x12 c:/mingw/avrgcc/bin/../lib/gcc/avr/8.3.0/../../../../avr/lib/avr51\libc.a(vfprintf_std.o)
 .comment       0x00000011       0x12 c:/mingw/avrgcc/bin/../lib/gcc/avr/8.3.0/../../../../avr/lib/avr51\libc.a(fputc.o)

.note.gnu.avr.deviceinfo
                0x00000000       0x3c
 .note.gnu.avr.deviceinfo
                0x00000000       0x3c c:/mingw/avrgcc/bin/../lib/gcc/avr/8.3.0/../../../../avr/lib/avr51/crtatmega128.o

.note.gnu.build-id
 *(.note.gnu.build-id)

.debug
 *(.debug)

.line
 *(.line)

.debug_srcinfo
 *(.debug_srcinfo)

.debug_sfnames
 *(.debug_sfnames)

.debug_aranges  0x00000000      0x220
 *(.debug_aranges)
 .debug_aranges
                0x00000000       0x20 c:/mingw/avrgcc/bin/../lib/gcc/avr/8.3.0/avr51\libgcc.a(_mulsi3.o)
 .debug_aranges
                0x00000020       0x20 c:/mingw/avrgcc/bin/../lib/gcc/avr/8.3.0/avr51\libgcc.a(_divmodsi4.o)
 .debug_aranges
                0x00000040       0x20 c:/mingw/avrgcc/bin/../lib/gcc/avr/8.3.0/avr51\libgcc.a(_negsi2.o)
 .debug_aranges
                0x00000060       0x20 c:/mingw/avrgcc/bin/../lib/gcc/avr/8.3.0/avr51\libgcc.a(_exit.o)
 .debug_aranges
                0x00000080       0x20 c:/mingw/avrgcc/bin/../lib/gcc/avr/8.3.0/avr51\libgcc.a(_copy_data.o)
 .debug_aranges
                0x000000a0       0x20 c:/mingw/avrgcc/bin/../lib/gcc/avr/8.3.0/avr51\libgcc.a(_clear_bss.o)
 .debug_aranges
                0x000000c0       0x20 c:/mingw/avrgcc/bin/../lib/gcc/avr/8.3.0/avr51\libgcc.a(_muluhisi3.o)
 .debug_aranges
                0x000000e0       0x20 c:/mingw/avrgcc/bin/../lib/gcc/avr/8.3.0/avr51\libgcc.a(_muldi3.o)
 .debug_aranges
                0x00000100       0x20 c:/mingw/avrgcc/bin/../lib/gcc/avr/8.3.0/avr51\libgcc.a(_muldi3_6.o)
 .debug_aranges
                0x00000120       0x20 c:/mingw/avrgcc/bin/../lib/gcc/avr/8.3.0/avr51\libgcc.a(_mulsidi3.o)
 .debug_aranges
                0x00000140       0x20 c:/mingw/avrgcc/bin/../lib/gcc/avr/8.3.0/avr51\libgcc.a(_umulsidi3.o)
 .debug_aranges
                0x00000160       0x20 c:/mingw/avrgcc/bin/../lib/gcc/avr/8.3.0/avr51\libgcc.a(_ashldi3.o)
 .debug_aranges
                0x00000180       0x20 c:/mingw/avrgcc/bin/../lib/gcc/avr/8.3.0/avr51\libgcc.a(_ashrdi3.o)
 .debug_aranges
                0x000001a0       0x20 c:/mingw/avrgcc/bin/../lib/gcc/avr/8.3.0/avr51\libgcc.a(_adddi3.o)
 .debug_aranges
                0x000001c0       0x20 c:/mingw/avrgcc/bin/../lib/gcc/avr/8.3.0/avr51\libgcc.a(_subdi3.o)
 .debug_aranges
                0x000001e0       0x20 c:/mingw/avrgcc/bin/../lib/gcc/avr/8.3.0/avr51\libgcc.a(_udivmodsi4.o)
 .debug_aranges
                0x00000200       0x20 c:/mingw/avrgcc/bin/../lib/gcc/avr/8.3.0/avr51\libgcc.a(_umulhisi3.o)

.debug_pubnames
 *(.debug_pubnames)

.debug_info     0x00000000      0xa06
 *(.debug_info .gnu.linkonce.wi.*)
 .debug_info    0x00000000      0x780 c:/mingw/avrgcc/bin/../lib/gcc/avr/8.3.0/../../../../avr/lib/avr51/crtatmega128.o
 .debug_info    0x00000780       0x26 c:/mingw/avrgcc/bin/../lib/gcc/avr/8.3.0/avr51\libgcc.a(_mulsi3.o)
 .debug_info    0x000007a6       0x26 c:/mingw/avrgcc/bin/../lib/gcc/avr/8.3.0/avr51\libgcc.a(_divmodsi4.o)
 .debug_info    0x000007cc       0x26 c:/mingw/avrgcc/bin/../lib/gcc/avr/8.3.0/avr51\libgcc.a(_negsi2.o)
 .debug_info    0x000007f2       0x26 c:/mingw/avrgcc/bin/../lib/gcc/avr/8.3.0/avr51\libgcc.a(_exit.o)
 .debug_info    0x00000818       0x26 c:/mingw/avrgcc/bin/../lib/gcc/avr/8.3.0/avr51\libgcc.a(_copy_data.o)
 .debug_info    0x0000083e       0x26 c:/mingw/avrgcc/bin/../lib/gcc/avr/8.3.0/avr51\libgcc.a(_clear_bss.o)
 .debug_info    0x00000864       0x26 c:/mingw/avrgcc/bin/../lib/gcc/avr/8.3.0/avr51\libgcc.a(_muluhisi3.o)
 .debug_info    0x0000088a       0x26 c:/mingw/avrgcc/bin/../lib/gcc/avr/8.3.0/avr51\libgcc.a(_muldi3.o)
 .debug_info    0x000008b0       0x26 c:/mingw/avrgcc/bin/../lib/gcc/avr/8.3.0/avr51\libgcc.a(_muldi3_6.o)
 .debug_info    0x000008d6       0x26 c:/mingw/avrgcc/bin/../lib/gcc/avr/8.3.0/avr51\libgcc.a(_mulsidi3.o)
 .debug_info    0x000008fc       0x26 c:/mingw/avrgcc/bin/../lib/gcc/avr/8.3.0/avr51\libgcc.a(_umulsidi3.o)
 .debug_info    0x00000922       0x26 c:/mingw/avrgcc/bin/../lib/gcc/avr/8.3.0/avr51\libgcc.a(_ashldi3.o)
 .debug_info    0x00000948       0x26 c:/mingw/avrgcc/bin/../lib/gcc/avr/8.3.0/avr51\libgcc.a(_ashrdi3.o)
 .debug_info    0x0000096e       0x26 c:/mingw/avrgcc/bin/../lib/gcc/avr/8.3.0/avr51\libgcc.a(_adddi3.o)
 .debug_info    0x00000994       0x26 c:/mingw/avrgcc/bin/../lib/gcc/avr/8.3.0/avr51\libgcc.a(_subdi3.o)
 .debug_info    0x000009ba       0x26 c:/mingw/avrgcc/bin/../lib/gcc/avr/8.3.0/avr51\libgcc.a(_udivmodsi4.o)
 .debug_info    0x000009e0       0x26 c:/mingw/avrgcc/bin/../lib/gcc/avr/8.3.0/avr51\libgcc.a(_umulhisi3.o)

.debug_abbrev   0x00000000      0x86c
 *(.debug_abbrev)
 .debug_abbrev  0x00000000      0x718 c:/mingw/avrgcc/bin/../lib/gcc/avr/8.3.0/../../../../avr/lib/avr51/crtatmega128.o
 .debug_abbrev  0x00000718       0x14 c:/mingw/avrgcc/bin/../lib/gcc/avr/8.3.0/avr51\libgcc.a(_mulsi3.o)
 .debug_abbrev  0x0000072c       0x14 c:/mingw/avrgcc/bin/../lib/gcc/avr/8.3.0/avr51\libgcc.a(_divmodsi4.o)
 .debug_abbrev  0x00000740       0x14 c:/mingw/avrgcc/bin/../lib/gcc/avr/8.3.0/avr51\libgcc.a(_negsi2.o)
 .debug_abbrev  0x00000754       0x14 c:/mingw/avrgcc/bin/../lib/gcc/avr/8.3.0/avr51\libgcc.a(_exit.o)
 .debug_abbrev  0x00000768       0x14 c:/mingw/avrgcc/bin/../lib/gcc/avr/8.3.0/avr51\libgcc.a(_copy_data.o)
 .debug_abbrev  0x0000077c       0x14 c:/mingw/avrgcc/bin/../lib/gcc/avr/8.3.0/avr51\libgcc.a(_clear_bss.o)
 .debug_abbrev  0x00000790       0x14 c:/mingw/avrgcc/bin/../lib/gcc/avr/8.3.0/avr51\libgcc.a(_muluhisi3.o)
 .debug_abbrev  0x000007a4       0x14 c:/mingw/avrgcc/bin/../lib/gcc/avr/8.3.0/avr51\libgcc.a(_muldi3.o)
 .debug_abbrev  0x000007b8       0x14 c:/mingw/avrgcc/bin/../lib/gcc/avr/8.3.0/avr51\libgcc.a(_muldi3_6.o)
 .debug_abbrev  0x000007cc       0x14 c:/mingw/avrgcc/bin/../lib/gcc/avr/8.3.0/avr51\libgcc.a(_mulsidi3.o)
 .debug_abbrev  0x000007e0       0x14 c:/mingw/avrgcc/bin/../lib/gcc/avr/8.3.0/avr51\libgcc.a(_umulsidi3.o)
 .debug_abbrev  0x000007f4       0x14 c:/mingw/avrgcc/bin/../lib/gcc/avr/8.3.0/avr51\libgcc.a(_ashldi3.o)
 .debug_abbrev  0x00000808       0x14 c:/mingw/avrgcc/bin/../lib/gcc/avr/8.3.0/avr51\libgcc.a(_ashrdi3.o)
 .debug_abbrev  0x0000081c       0x14 c:/mingw/avrgcc/bin/../lib/gcc/avr/8.3.0/avr51\libgcc.a(_adddi3.o)
 .debug_abbrev  0x00000830       0x14 c:/mingw/avrgcc/bin/../lib/gcc/avr/8.3.0/avr51\libgcc.a(_subdi3.o)
 .debug_abbrev  0x00000844       0x14 c:/mingw/avrgcc/bin/../lib/gcc/avr/8.3.0/avr51\libgcc.a(_udivmodsi4.o)
 .debug_abbrev  0x00000858       0x14 c:/mingw/avrgcc/bin/../lib/gcc/avr/8.3.0/avr51\libgcc.a(_umulhisi3.o)

.debug_line     0x00000000      0xc46
 *(.debug_line .debug_line.* .debug_line_end)
 .debug_line    0x00000000       0x1d c:/mingw/avrgcc/bin/../lib/gcc/avr/8.3.0/../../../../avr/lib/avr51/crtatmega128.o
 .debug_line    0x0000001d       0xaf c:/mingw/avrgcc/bin/../lib/gcc/avr/8.3.0/avr51\libgcc.a(_mulsi3.o)
 .debug_line    0x000000cc       0xcd c:/mingw/avrgcc/bin/../lib/gcc/avr/8.3.0/avr51\libgcc.a(_divmodsi4.o)
 .debug_line    0x00000199       0x61 c:/mingw/avrgcc/bin/../lib/gcc/avr/8.3.0/avr51\libgcc.a(_negsi2.o)
 .debug_line    0x000001fa       0x61 c:/mingw/avrgcc/bin/../lib/gcc/avr/8.3.0/avr51\libgcc.a(_exit.o)
 .debug_line    0x0000025b       0xa3 c:/mingw/avrgcc/bin/../lib/gcc/avr/8.3.0/avr51\libgcc.a(_copy_data.o)
 .debug_line    0x000002fe       0x85 c:/mingw/avrgcc/bin/../lib/gcc/avr/8.3.0/avr51\libgcc.a(_clear_bss.o)
 .debug_line    0x00000383       0x91 c:/mingw/avrgcc/bin/../lib/gcc/avr/8.3.0/avr51\libgcc.a(_muluhisi3.o)
 .debug_line    0x00000414      0x16f c:/mingw/avrgcc/bin/../lib/gcc/avr/8.3.0/avr51\libgcc.a(_muldi3.o)
 .debug_line    0x00000583       0x85 c:/mingw/avrgcc/bin/../lib/gcc/avr/8.3.0/avr51\libgcc.a(_muldi3_6.o)
 .debug_line    0x00000608       0xa3 c:/mingw/avrgcc/bin/../lib/gcc/avr/8.3.0/avr51\libgcc.a(_mulsidi3.o)
 .debug_line    0x000006ab      0x10f c:/mingw/avrgcc/bin/../lib/gcc/avr/8.3.0/avr51\libgcc.a(_umulsidi3.o)
 .debug_line    0x000007ba       0xeb c:/mingw/avrgcc/bin/../lib/gcc/avr/8.3.0/avr51\libgcc.a(_ashldi3.o)
 .debug_line    0x000008a5      0x103 c:/mingw/avrgcc/bin/../lib/gcc/avr/8.3.0/avr51\libgcc.a(_ashrdi3.o)
 .debug_line    0x000009a8       0x67 c:/mingw/avrgcc/bin/../lib/gcc/avr/8.3.0/avr51\libgcc.a(_adddi3.o)
 .debug_line    0x00000a0f       0x67 c:/mingw/avrgcc/bin/../lib/gcc/avr/8.3.0/avr51\libgcc.a(_subdi3.o)
 .debug_line    0x00000a76      0x121 c:/mingw/avrgcc/bin/../lib/gcc/avr/8.3.0/avr51\libgcc.a(_udivmodsi4.o)
 .debug_line    0x00000b97       0xaf c:/mingw/avrgcc/bin/../lib/gcc/avr/8.3.0/avr51\libgcc.a(_umulhisi3.o)

.debug_frame
 *(.debug_frame)

.debug_str      0x00000000      0x2dc
 *(.debug_str)
 .debug_str     0x00000000      0x27d c:/mingw/avrgcc/bin/../lib/gcc/avr/8.3.0/../../../../avr/lib/avr51/crtatmega128.o
 .debug_str     0x0000027d       0x5f c:/mingw/avrgcc/bin/../lib/gcc/avr/8.3.0/avr51\libgcc.a(_mulsi3.o)
 .debug_str     0x000002dc       0x5f c:/mingw/avrgcc/bin/../lib/gcc/avr/8.3.0/avr51\libgcc.a(_divmodsi4.o)
 .debug_str     0x000002dc       0x5f c:/mingw/avrgcc/bin/../lib/gcc/avr/8.3.0/avr51\libgcc.a(_negsi2.o)
 .debug_str     0x000002dc       0x5f c:/mingw/avrgcc/bin/../lib/gcc/avr/8.3.0/avr51\libgcc.a(_exit.o)
 .debug_str     0x000002dc       0x5f c:/mingw/avrgcc/bin/../lib/gcc/avr/8.3.0/avr51\libgcc.a(_copy_data.o)
 .debug_str     0x000002dc       0x5f c:/mingw/avrgcc/bin/../lib/gcc/avr/8.3.0/avr51\libgcc.a(_clear_bss.o)
 .debug_str     0x000002dc       0x5f c:/mingw/avrgcc/bin/../lib/gcc/avr/8.3.0/avr51\libgcc.a(_muluhisi3.o)
 .debug_str     0x000002dc       0x5f c:/mingw/avrgcc/bin/../lib/gcc/avr/8.3.0/avr51\libgcc.a(_muldi3.o)
 .debug_str     0x000002dc       0x5f c:/mingw/avrgcc/bin/../lib/gcc/avr/8.3.0/avr51\libgcc.a(_muldi3_6.o)
 .debug_str     0x000002dc       0x5f c:/mingw/avrgcc/bin/../lib/gcc/avr/8.3.0/avr51\libgcc.a(_mulsidi3.o)
 .debug_str     0x000002dc       0x5f c:/mingw/avrgcc/bin/../lib/gcc/avr/8.3.0/avr51\libgcc.a(_umulsidi3.o)
 .debug_str     0x000002dc       0x5f c:/mingw/avrgcc/bin/../lib/gcc/avr/8.3.0/avr51\libgcc.a(_ashldi3.o)
 .debug_str     0x000002dc       0x5f c:/mingw/avrgcc/bin/../lib/gcc/avr/8.3.0/avr51\libgcc.a(_ashrdi3.o)
 .debug_str     0x000002dc       0x5f c:/mingw/avrgcc/bin/../lib/gcc/avr/8.3.0/avr51\libgcc.a(_adddi3.o)
 .debug_str     0x000002dc       0x5f c:/mingw/avrgcc/bin/../lib/gcc/avr/8.3.0/avr51\libgcc.a(_subdi3.o)
 .debug_str     0x000002dc       0x5f c:/mingw/avrgcc/bin/../lib/gcc/avr/8.3.0/avr51\libgcc.a(_udivmodsi4.o)
 .debug_str     0x000002dc       0x5f c:/mingw/avrgcc/bin/../lib/gcc/avr/8.3.0/avr51\libgcc.a(_umulhisi3.o)

.debug_loc
 *(.debug_loc)

.debug_macinfo
 *(.debug_macinfo)

.debug_weaknames
 *(.debug_weaknames)

.debug_funcnames
 *(.debug_funcnames)

.debug_typenames
 *(.debug_typenames)

.debug_varnames
 *(.debug_varnames)

.debug_pubtypes
 *(.debug_pubtypes)

.debug_ranges
 *(.debug_ranges)

.debug_macro
 *(.debug_macro)

.debug_addr
 *(.debug_addr)
OUTPUT(program.out elf32-avr)
LOAD linker stubs
